[refs] PNW_HeatDome_2021: 58 times, 2021-04-19 .. 2021-06-28
[refs]   1/58 2021-04-19 00:00:00  T2m 287.39 K  CONUS 289.04 K  hi-k 0.0031
[refs]   2/58 2021-04-22 00:00:00  T2m 287.41 K  CONUS 287.36 K  hi-k 0.0038
[refs]   3/58 2021-04-25 00:00:00  T2m 287.62 K  CONUS 289.94 K  hi-k 0.0031
[refs]   4/58 2021-04-28 00:00:00  T2m 287.64 K  CONUS 291.44 K  hi-k 0.0029
[refs]   5/58 2021-05-01 00:00:00  T2m 287.87 K  CONUS 292.98 K  hi-k 0.0037
[refs]   6/58 2021-05-03 00:00:00  T2m 287.98 K  CONUS 292.55 K  hi-k 0.0029
[refs]   7/58 2021-05-04 00:00:00  T2m 287.95 K  CONUS 291.87 K  hi-k 0.0034
[refs]   8/58 2021-05-06 00:00:00  T2m 287.88 K  CONUS 292.36 K  hi-k 0.0049
[refs]   9/58 2021-05-07 00:00:00  T2m 287.92 K  CONUS 292.79 K  hi-k 0.0050
[refs]   10/58 2021-05-09 00:00:00  T2m 287.88 K  CONUS 291.05 K  hi-k 0.0031
[refs]   11/58 2021-05-10 00:00:00  T2m 287.94 K  CONUS 291.16 K  hi-k 0.0036
[refs]   12/58 2021-05-12 00:00:00  T2m 287.99 K  CONUS 291.18 K  hi-k 0.0024
[refs]   13/58 2021-05-13 00:00:00  T2m 288.05 K  CONUS 292.21 K  hi-k 0.0022
[refs]   14/58 2021-05-15 00:00:00  T2m 288.17 K  CONUS 293.77 K  hi-k 0.0043
[refs]   15/58 2021-05-16 00:00:00  T2m 288.16 K  CONUS 293.83 K  hi-k 0.0031
[refs]   16/58 2021-05-17 00:00:00  T2m 288.27 K  CONUS 294.26 K  hi-k 0.0055
[refs]   17/58 2021-05-18 00:00:00  T2m 288.36 K  CONUS 294.31 K  hi-k 0.0042
[refs]   18/58 2021-05-19 00:00:00  T2m 288.37 K  CONUS 294.50 K  hi-k 0.0040
[refs]   19/58 2021-05-20 00:00:00  T2m 288.43 K  CONUS 294.36 K  hi-k 0.0032
[refs]   20/58 2021-05-21 00:00:00  T2m 288.42 K  CONUS 294.31 K  hi-k 0.0030
[refs]   21/58 2021-05-22 00:00:00  T2m 288.41 K  CONUS 293.58 K  hi-k 0.0033
[refs]   22/58 2021-05-23 00:00:00  T2m 288.41 K  CONUS 293.62 K  hi-k 0.0045
[refs]   23/58 2021-05-24 00:00:00  T2m 288.46 K  CONUS 293.81 K  hi-k 0.0040
[refs]   24/58 2021-05-25 00:00:00  T2m 288.53 K  CONUS 295.05 K  hi-k 0.0038
[refs]   25/58 2021-05-26 00:00:00  T2m 288.56 K  CONUS 295.69 K  hi-k 0.0030
[refs]   26/58 2021-05-27 00:00:00  T2m 288.59 K  CONUS 294.98 K  hi-k 0.0037
[refs]   27/58 2021-05-28 00:00:00  T2m 288.70 K  CONUS 294.10 K  hi-k 0.0036
[refs]   28/58 2021-05-29 00:00:00  T2m 288.75 K  CONUS 293.75 K  hi-k 0.0024
[refs]   29/58 2021-05-30 00:00:00  T2m 288.72 K  CONUS 293.81 K  hi-k 0.0019
[refs]   30/58 2021-05-31 00:00:00  T2m 288.75 K  CONUS 294.32 K  hi-k 0.0026
[refs]   31/58 2021-06-01 00:00:00  T2m 288.82 K  CONUS 295.35 K  hi-k 0.0028
[refs]   32/58 2021-06-02 00:00:00  T2m 288.88 K  CONUS 296.39 K  hi-k 0.0024
[refs]   33/58 2021-06-03 00:00:00  T2m 288.92 K  CONUS 297.28 K  hi-k 0.0025
[refs]   34/58 2021-06-04 00:00:00  T2m 288.92 K  CONUS 297.92 K  hi-k 0.0031
[refs]   35/58 2021-06-05 00:00:00  T2m 288.89 K  CONUS 298.81 K  hi-k 0.0041
[refs]   36/58 2021-06-06 00:00:00  T2m 288.77 K  CONUS 298.54 K  hi-k 0.0056
[refs]   37/58 2021-06-07 00:00:00  T2m 288.74 K  CONUS 298.22 K  hi-k 0.0049
[refs]   38/58 2021-06-08 00:00:00  T2m 288.78 K  CONUS 298.51 K  hi-k 0.0049
[refs]   39/58 2021-06-09 00:00:00  T2m 288.74 K  CONUS 298.40 K  hi-k 0.0033
[refs]   40/58 2021-06-10 00:00:00  T2m 288.69 K  CONUS 298.56 K  hi-k 0.0037
[refs]   41/58 2021-06-11 00:00:00  T2m 288.65 K  CONUS 297.92 K  hi-k 0.0051
[refs]   42/58 2021-06-12 00:00:00  T2m 288.69 K  CONUS 297.86 K  hi-k 0.0052
[refs]   43/58 2021-06-13 00:00:00  T2m 288.78 K  CONUS 299.28 K  hi-k 0.0041
[refs]   44/58 2021-06-14 00:00:00  T2m 288.88 K  CONUS 299.80 K  hi-k 0.0030
[refs]   45/58 2021-06-15 00:00:00  T2m 289.00 K  CONUS 299.81 K  hi-k 0.0036
[refs]   46/58 2021-06-16 00:00:00  T2m 288.97 K  CONUS 299.50 K  hi-k 0.0041
[refs]   47/58 2021-06-17 00:00:00  T2m 288.96 K  CONUS 299.56 K  hi-k 0.0032
[refs]   48/58 2021-06-18 00:00:00  T2m 288.98 K  CONUS 300.23 K  hi-k 0.0037
[refs]   49/58 2021-06-19 00:00:00  T2m 289.00 K  CONUS 299.94 K  hi-k 0.0040
[refs]   50/58 2021-06-20 00:00:00  T2m 288.97 K  CONUS 299.43 K  hi-k 0.0036
[refs]   51/58 2021-06-21 00:00:00  T2m 289.00 K  CONUS 299.22 K  hi-k 0.0031
[refs]   52/58 2021-06-22 00:00:00  T2m 288.98 K  CONUS 297.92 K  hi-k 0.0019
[refs]   53/58 2021-06-23 00:00:00  T2m 288.99 K  CONUS 298.29 K  hi-k 0.0024
[refs]   54/58 2021-06-24 00:00:00  T2m 289.03 K  CONUS 298.79 K  hi-k 0.0020
[refs]   55/58 2021-06-25 00:00:00  T2m 289.08 K  CONUS 298.37 K  hi-k 0.0025
[refs]   56/58 2021-06-26 00:00:00  T2m 289.13 K  CONUS 298.60 K  hi-k 0.0034
[refs]   57/58 2021-06-27 00:00:00  T2m 289.11 K  CONUS 299.03 K  hi-k 0.0034
[refs]   58/58 2021-06-28 00:00:00  T2m 289.11 K  CONUS 299.12 K  hi-k 0.0042
[refs] wrote /home/ubuntu/Vayuh/data/eric/S2S_ExtremeWeather/runs/aires/astab/PNW_HeatDome_2021_era5_ref.nc (12 kB)
[refs] WinterStorm_Uri_2021: 58 times, 2020-12-07 .. 2021-02-15
[refs]   1/58 2020-12-07 00:00:00  T2m 286.05 K  CONUS 282.77 K  hi-k 0.0018
[refs]   2/58 2020-12-10 00:00:00  T2m 285.96 K  CONUS 284.68 K  hi-k 0.0020
[refs]   3/58 2020-12-13 00:00:00  T2m 285.67 K  CONUS 282.66 K  hi-k 0.0020
[refs]   4/58 2020-12-16 00:00:00  T2m 285.52 K  CONUS 279.30 K  hi-k 0.0013
[refs]   5/58 2020-12-19 00:00:00  T2m 285.50 K  CONUS 280.78 K  hi-k 0.0016
[refs]   6/58 2020-12-21 00:00:00  T2m 285.44 K  CONUS 283.89 K  hi-k 0.0016
[refs]   7/58 2020-12-22 00:00:00  T2m 285.42 K  CONUS 283.93 K  hi-k 0.0014
[refs]   8/58 2020-12-24 00:00:00  T2m 285.43 K  CONUS 281.34 K  hi-k 0.0019
[refs]   9/58 2020-12-25 00:00:00  T2m 285.41 K  CONUS 280.50 K  hi-k 0.0026
[refs]   10/58 2020-12-27 00:00:00  T2m 285.38 K  CONUS 280.78 K  hi-k 0.0046
[refs]   11/58 2020-12-28 00:00:00  T2m 285.37 K  CONUS 281.51 K  hi-k 0.0029
[refs]   12/58 2020-12-30 00:00:00  T2m 285.42 K  CONUS 280.43 K  hi-k 0.0016
[refs]   13/58 2020-12-31 00:00:00  T2m 285.38 K  CONUS 280.76 K  hi-k 0.0020
[refs]   14/58 2021-01-02 00:00:00  T2m 285.35 K  CONUS 281.33 K  hi-k 0.0012
[refs]   15/58 2021-01-03 00:00:00  T2m 285.38 K  CONUS 282.07 K  hi-k 0.0014
[refs]   16/58 2021-01-04 00:00:00  T2m 285.45 K  CONUS 282.66 K  hi-k 0.0027
[refs]   17/58 2021-01-05 00:00:00  T2m 285.46 K  CONUS 282.90 K  hi-k 0.0033
[refs]   18/58 2021-01-06 00:00:00  T2m 285.46 K  CONUS 282.62 K  hi-k 0.0019
[refs]   19/58 2021-01-07 00:00:00  T2m 285.51 K  CONUS 281.75 K  hi-k 0.0018
[refs]   20/58 2021-01-08 00:00:00  T2m 285.53 K  CONUS 281.18 K  hi-k 0.0014
[refs]   21/58 2021-01-09 00:00:00  T2m 285.55 K  CONUS 280.43 K  hi-k 0.0018
[refs]   22/58 2021-01-10 00:00:00  T2m 285.55 K  CONUS 279.46 K  hi-k 0.0013
[refs]   23/58 2021-01-11 00:00:00  T2m 285.51 K  CONUS 279.30 K  hi-k 0.0016
[refs]   24/58 2021-01-12 00:00:00  T2m 285.46 K  CONUS 280.31 K  hi-k 0.0013
[refs]   25/58 2021-01-13 00:00:00  T2m 285.49 K  CONUS 281.60 K  hi-k 0.0016
[refs]   26/58 2021-01-14 00:00:00  T2m 285.50 K  CONUS 283.17 K  hi-k 0.0025
[refs]   27/58 2021-01-15 00:00:00  T2m 285.47 K  CONUS 283.18 K  hi-k 0.0012
[refs]   28/58 2021-01-16 00:00:00  T2m 285.45 K  CONUS 282.89 K  hi-k 0.0012
[refs]   29/58 2021-01-17 00:00:00  T2m 285.36 K  CONUS 282.39 K  hi-k 0.0016
[refs]   30/58 2021-01-18 00:00:00  T2m 285.34 K  CONUS 282.60 K  hi-k 0.0016
[refs]   31/58 2021-01-19 00:00:00  T2m 285.29 K  CONUS 281.70 K  hi-k 0.0027
[refs]   32/58 2021-01-20 00:00:00  T2m 285.41 K  CONUS 280.43 K  hi-k 0.0033
[refs]   33/58 2021-01-21 00:00:00  T2m 285.51 K  CONUS 281.36 K  hi-k 0.0027
[refs]   34/58 2021-01-22 00:00:00  T2m 285.47 K  CONUS 281.98 K  hi-k 0.0023
[refs]   35/58 2021-01-23 00:00:00  T2m 285.47 K  CONUS 280.78 K  hi-k 0.0014
[refs]   36/58 2021-01-24 00:00:00  T2m 285.48 K  CONUS 279.95 K  hi-k 0.0021
[refs]   37/58 2021-01-25 00:00:00  T2m 285.43 K  CONUS 279.71 K  hi-k 0.0024
[refs]   38/58 2021-01-26 00:00:00  T2m 285.39 K  CONUS 279.88 K  hi-k 0.0018
[refs]   39/58 2021-01-27 00:00:00  T2m 285.41 K  CONUS 279.66 K  hi-k 0.0017
[refs]   40/58 2021-01-28 00:00:00  T2m 285.38 K  CONUS 279.30 K  hi-k 0.0015
[refs]   41/58 2021-01-29 00:00:00  T2m 285.31 K  CONUS 279.15 K  hi-k 0.0022
[refs]   42/58 2021-01-30 00:00:00  T2m 285.31 K  CONUS 279.73 K  hi-k 0.0017
[refs]   43/58 2021-01-31 00:00:00  T2m 285.37 K  CONUS 280.87 K  hi-k 0.0021
[refs]   44/58 2021-02-01 00:00:00  T2m 285.33 K  CONUS 281.38 K  hi-k 0.0017
[refs]   45/58 2021-02-02 00:00:00  T2m 285.36 K  CONUS 281.49 K  hi-k 0.0015
[refs]   46/58 2021-02-03 00:00:00  T2m 285.52 K  CONUS 282.17 K  hi-k 0.0021
[refs]   47/58 2021-02-04 00:00:00  T2m 285.62 K  CONUS 282.33 K  hi-k 0.0019
[refs]   48/58 2021-02-05 00:00:00  T2m 285.64 K  CONUS 281.84 K  hi-k 0.0017
[refs]   49/58 2021-02-06 00:00:00  T2m 285.67 K  CONUS 281.54 K  hi-k 0.0013
[refs]   50/58 2021-02-07 00:00:00  T2m 285.56 K  CONUS 279.73 K  hi-k 0.0012
[refs]   51/58 2021-02-08 00:00:00  T2m 285.49 K  CONUS 278.66 K  hi-k 0.0017
[refs]   52/58 2021-02-09 00:00:00  T2m 285.43 K  CONUS 278.81 K  hi-k 0.0020
[refs]   53/58 2021-02-10 00:00:00  T2m 285.42 K  CONUS 279.23 K  hi-k 0.0023
[refs]   54/58 2021-02-11 00:00:00  T2m 285.43 K  CONUS 278.56 K  hi-k 0.0016
[refs]   55/58 2021-02-12 00:00:00  T2m 285.41 K  CONUS 276.96 K  hi-k 0.0025
[refs]   56/58 2021-02-13 00:00:00  T2m 285.38 K  CONUS 275.95 K  hi-k 0.0023
[refs]   57/58 2021-02-14 00:00:00  T2m 285.40 K  CONUS 275.51 K  hi-k 0.0016
[refs]   58/58 2021-02-15 00:00:00  T2m 285.37 K  CONUS 274.33 K  hi-k 0.0011
[refs] wrote /home/ubuntu/Vayuh/data/eric/S2S_ExtremeWeather/runs/aires/astab/WinterStorm_Uri_2021_era5_ref.nc (12 kB)
Traceback (most recent call last):
  File "/home/ubuntu/miniconda3/envs/moe/lib/python3.12/weakref.py", line 666, in _exitfunc
    f()
  File "/home/ubuntu/miniconda3/envs/moe/lib/python3.12/weakref.py", line 590, in __call__
    return info.func(*info.args, **(info.kwargs or {}))
           ^^^^^^^^^^^^^^^^^^^^^^^^^^^^^^^^^^^^^^^^^^^^
  File "/home/ubuntu/miniconda3/envs/moe/lib/python3.12/site-packages/gcsfs/core.py", line 406, in close_session
    asyn.sync(asyn.loop[0], session.close, timeout=0.1)
  File "/home/ubuntu/miniconda3/envs/moe/lib/python3.12/site-packages/fsspec/asyn.py", line 103, in sync
    raise return_result
  File "/home/ubuntu/miniconda3/envs/moe/lib/python3.12/site-packages/fsspec/asyn.py", line 56, in _runner
    result[0] = await coro
                ^^^^^^^^^^
  File "/home/ubuntu/miniconda3/envs/moe/lib/python3.12/asyncio/tasks.py", line 520, in wait_for
    return await fut
           ^^^^^^^^^
  File "/home/ubuntu/miniconda3/envs/moe/lib/python3.12/site-packages/aiohttp/client.py", line 1349, in close
    await self._connector.close()
  File "/home/ubuntu/miniconda3/envs/moe/lib/python3.12/site-packages/aiohttp/connector.py", line 1074, in close
    await super().close(abort_ssl=abort_ssl or self._ssl_shutdown_timeout == 0)
RuntimeError: Task <Task pending name='Task-1209' coro=<_runner() running at /home/ubuntu/miniconda3/envs/moe/lib/python3.12/site-packages/fsspec/asyn.py:56> cb=[_chain_future.<locals>._call_set_state() at /home/ubuntu/miniconda3/envs/moe/lib/python3.12/asyncio/futures.py:396]> got Future <Task pending name='Task-1210' coro=<_wait_for_close() running at /home/ubuntu/miniconda3/envs/moe/lib/python3.12/site-packages/aiohttp/connector.py:138> wait_for=<_GatheringFuture pending cb=[Task.task_wakeup()]>> attached to a different loop
Task was destroyed but it is pending!
task: <Task pending name='Task-1210' coro=<_wait_for_close() done, defined at /home/ubuntu/miniconda3/envs/moe/lib/python3.12/site-packages/aiohttp/connector.py:136> wait_for=<_GatheringFuture pending cb=[Task.task_wakeup()]>>
=== refs rc=0 Thu Aug 27 01:23:06 UTC 2026 ===
