/home/ubuntu/Vayuh/data/eric/S2S_ExtremeWeather/aires/astab.py:1748: RuntimeWarning: Failed to open Zarr store with consolidated metadata, but successfully read with non-consolidated metadata. This is typically much slower for opening a dataset. To silence this warning, consider:
1. Consolidating metadata in this existing store with zarr.consolidate_metadata().
2. Explicitly setting consolidated=False, to avoid trying to read consolidate metadata, or
3. Explicitly setting consolidated=True, to raise an error in this case instead of falling back to try reading non-consolidated metadata.
  ds = xr.open_zarr(zarr_p)
/home/ubuntu/Vayuh/data/eric/S2S_ExtremeWeather/aires/astab.py:1748: RuntimeWarning: Failed to open Zarr store with consolidated metadata, but successfully read with non-consolidated metadata. This is typically much slower for opening a dataset. To silence this warning, consider:
1. Consolidating metadata in this existing store with zarr.consolidate_metadata().
2. Explicitly setting consolidated=False, to avoid trying to read consolidate metadata, or
3. Explicitly setting consolidated=True, to raise an error in this case instead of falling back to try reading non-consolidated metadata.
  ds = xr.open_zarr(zarr_p)
/home/ubuntu/Vayuh/data/eric/S2S_ExtremeWeather/aires/astab.py:1748: RuntimeWarning: Failed to open Zarr store with consolidated metadata, but successfully read with non-consolidated metadata. This is typically much slower for opening a dataset. To silence this warning, consider:
1. Consolidating metadata in this existing store with zarr.consolidate_metadata().
2. Explicitly setting consolidated=False, to avoid trying to read consolidate metadata, or
3. Explicitly setting consolidated=True, to raise an error in this case instead of falling back to try reading non-consolidated metadata.
  ds = xr.open_zarr(zarr_p)
/home/ubuntu/Vayuh/data/eric/S2S_ExtremeWeather/aires/astab.py:1748: RuntimeWarning: Failed to open Zarr store with consolidated metadata, but successfully read with non-consolidated metadata. This is typically much slower for opening a dataset. To silence this warning, consider:
1. Consolidating metadata in this existing store with zarr.consolidate_metadata().
2. Explicitly setting consolidated=False, to avoid trying to read consolidate metadata, or
3. Explicitly setting consolidated=True, to raise an error in this case instead of falling back to try reading non-consolidated metadata.
  ds = xr.open_zarr(zarr_p)
/home/ubuntu/Vayuh/data/eric/S2S_ExtremeWeather/aires/astab.py:1748: RuntimeWarning: Failed to open Zarr store with consolidated metadata, but successfully read with non-consolidated metadata. This is typically much slower for opening a dataset. To silence this warning, consider:
1. Consolidating metadata in this existing store with zarr.consolidate_metadata().
2. Explicitly setting consolidated=False, to avoid trying to read consolidate metadata, or
3. Explicitly setting consolidated=True, to raise an error in this case instead of falling back to try reading non-consolidated metadata.
  ds = xr.open_zarr(zarr_p)
/home/ubuntu/Vayuh/data/eric/S2S_ExtremeWeather/aires/astab.py:1748: RuntimeWarning: Failed to open Zarr store with consolidated metadata, but successfully read with non-consolidated metadata. This is typically much slower for opening a dataset. To silence this warning, consider:
1. Consolidating metadata in this existing store with zarr.consolidate_metadata().
2. Explicitly setting consolidated=False, to avoid trying to read consolidate metadata, or
3. Explicitly setting consolidated=True, to raise an error in this case instead of falling back to try reading non-consolidated metadata.
  ds = xr.open_zarr(zarr_p)
/home/ubuntu/Vayuh/data/eric/S2S_ExtremeWeather/aires/astab.py:1748: RuntimeWarning: Failed to open Zarr store with consolidated metadata, but successfully read with non-consolidated metadata. This is typically much slower for opening a dataset. To silence this warning, consider:
1. Consolidating metadata in this existing store with zarr.consolidate_metadata().
2. Explicitly setting consolidated=False, to avoid trying to read consolidate metadata, or
3. Explicitly setting consolidated=True, to raise an error in this case instead of falling back to try reading non-consolidated metadata.
  ds = xr.open_zarr(zarr_p)
/home/ubuntu/Vayuh/data/eric/S2S_ExtremeWeather/aires/astab.py:1748: RuntimeWarning: Failed to open Zarr store with consolidated metadata, but successfully read with non-consolidated metadata. This is typically much slower for opening a dataset. To silence this warning, consider:
1. Consolidating metadata in this existing store with zarr.consolidate_metadata().
2. Explicitly setting consolidated=False, to avoid trying to read consolidate metadata, or
3. Explicitly setting consolidated=True, to raise an error in this case instead of falling back to try reading non-consolidated metadata.
  ds = xr.open_zarr(zarr_p)
/home/ubuntu/Vayuh/data/eric/S2S_ExtremeWeather/aires/astab.py:1748: RuntimeWarning: Failed to open Zarr store with consolidated metadata, but successfully read with non-consolidated metadata. This is typically much slower for opening a dataset. To silence this warning, consider:
1. Consolidating metadata in this existing store with zarr.consolidate_metadata().
2. Explicitly setting consolidated=False, to avoid trying to read consolidate metadata, or
3. Explicitly setting consolidated=True, to raise an error in this case instead of falling back to try reading non-consolidated metadata.
  ds = xr.open_zarr(zarr_p)
/home/ubuntu/Vayuh/data/eric/S2S_ExtremeWeather/aires/astab.py:1748: RuntimeWarning: Failed to open Zarr store with consolidated metadata, but successfully read with non-consolidated metadata. This is typically much slower for opening a dataset. To silence this warning, consider:
1. Consolidating metadata in this existing store with zarr.consolidate_metadata().
2. Explicitly setting consolidated=False, to avoid trying to read consolidate metadata, or
3. Explicitly setting consolidated=True, to raise an error in this case instead of falling back to try reading non-consolidated metadata.
  ds = xr.open_zarr(zarr_p)
/home/ubuntu/Vayuh/data/eric/S2S_ExtremeWeather/aires/astab.py:1748: RuntimeWarning: Failed to open Zarr store with consolidated metadata, but successfully read with non-consolidated metadata. This is typically much slower for opening a dataset. To silence this warning, consider:
1. Consolidating metadata in this existing store with zarr.consolidate_metadata().
2. Explicitly setting consolidated=False, to avoid trying to read consolidate metadata, or
3. Explicitly setting consolidated=True, to raise an error in this case instead of falling back to try reading non-consolidated metadata.
  ds = xr.open_zarr(zarr_p)
/home/ubuntu/Vayuh/data/eric/S2S_ExtremeWeather/aires/astab.py:1748: RuntimeWarning: Failed to open Zarr store with consolidated metadata, but successfully read with non-consolidated metadata. This is typically much slower for opening a dataset. To silence this warning, consider:
1. Consolidating metadata in this existing store with zarr.consolidate_metadata().
2. Explicitly setting consolidated=False, to avoid trying to read consolidate metadata, or
3. Explicitly setting consolidated=True, to raise an error in this case instead of falling back to try reading non-consolidated metadata.
  ds = xr.open_zarr(zarr_p)
/home/ubuntu/Vayuh/data/eric/S2S_ExtremeWeather/aires/astab.py:1748: RuntimeWarning: Failed to open Zarr store with consolidated metadata, but successfully read with non-consolidated metadata. This is typically much slower for opening a dataset. To silence this warning, consider:
1. Consolidating metadata in this existing store with zarr.consolidate_metadata().
2. Explicitly setting consolidated=False, to avoid trying to read consolidate metadata, or
3. Explicitly setting consolidated=True, to raise an error in this case instead of falling back to try reading non-consolidated metadata.
  ds = xr.open_zarr(zarr_p)
/home/ubuntu/Vayuh/data/eric/S2S_ExtremeWeather/aires/astab.py:1748: RuntimeWarning: Failed to open Zarr store with consolidated metadata, but successfully read with non-consolidated metadata. This is typically much slower for opening a dataset. To silence this warning, consider:
1. Consolidating metadata in this existing store with zarr.consolidate_metadata().
2. Explicitly setting consolidated=False, to avoid trying to read consolidate metadata, or
3. Explicitly setting consolidated=True, to raise an error in this case instead of falling back to try reading non-consolidated metadata.
  ds = xr.open_zarr(zarr_p)
/home/ubuntu/Vayuh/data/eric/S2S_ExtremeWeather/aires/astab.py:1748: RuntimeWarning: Failed to open Zarr store with consolidated metadata, but successfully read with non-consolidated metadata. This is typically much slower for opening a dataset. To silence this warning, consider:
1. Consolidating metadata in this existing store with zarr.consolidate_metadata().
2. Explicitly setting consolidated=False, to avoid trying to read consolidate metadata, or
3. Explicitly setting consolidated=True, to raise an error in this case instead of falling back to try reading non-consolidated metadata.
  ds = xr.open_zarr(zarr_p)
/home/ubuntu/Vayuh/data/eric/S2S_ExtremeWeather/aires/astab.py:1748: RuntimeWarning: Failed to open Zarr store with consolidated metadata, but successfully read with non-consolidated metadata. This is typically much slower for opening a dataset. To silence this warning, consider:
1. Consolidating metadata in this existing store with zarr.consolidate_metadata().
2. Explicitly setting consolidated=False, to avoid trying to read consolidate metadata, or
3. Explicitly setting consolidated=True, to raise an error in this case instead of falling back to try reading non-consolidated metadata.
  ds = xr.open_zarr(zarr_p)
[reduce] PNW_HeatDome_2021@wk4 : wrote /home/ubuntu/Vayuh/data/eric/S2S_ExtremeWeather/runs/aires/PNW_HeatDome_2021/res/stab/stab_w00.json  (gencast 10 ckpt, fcn3-era5 9, fcn3-adapter 8)
[reduce] PNW_HeatDome_2021@wk6 : wrote /home/ubuntu/Vayuh/data/eric/S2S_ExtremeWeather/runs/aires/PNW_HeatDome_2021/res/stab/stab_w01.json  (gencast 14 ckpt, fcn3-era5 14, fcn3-adapter 13)
[reduce] PNW_HeatDome_2021@wk8 : wrote /home/ubuntu/Vayuh/data/eric/S2S_ExtremeWeather/runs/aires/PNW_HeatDome_2021/res/stab/stab_w02.json  (gencast 19 ckpt, fcn3-era5 18, fcn3-adapter 17)
[reduce] PNW_HeatDome_2021@wk10: wrote /home/ubuntu/Vayuh/data/eric/S2S_ExtremeWeather/runs/aires/PNW_HeatDome_2021/res/stab/stab_w03.json  (gencast 24 ckpt, fcn3-era5 23, fcn3-adapter 22)
[reduce] WinterStorm_Uri_2021@wk4 : wrote /home/ubuntu/Vayuh/data/eric/S2S_ExtremeWeather/runs/aires/WinterStorm_Uri_2021/res/stab/stab_w00.json  (gencast 10 ckpt, fcn3-era5 9, fcn3-adapter 8)
[reduce] WinterStorm_Uri_2021@wk6 : wrote /home/ubuntu/Vayuh/data/eric/S2S_ExtremeWeather/runs/aires/WinterStorm_Uri_2021/res/stab/stab_w01.json  (gencast 14 ckpt, fcn3-era5 14, fcn3-adapter 13)
[reduce] WinterStorm_Uri_2021@wk8 : wrote /home/ubuntu/Vayuh/data/eric/S2S_ExtremeWeather/runs/aires/WinterStorm_Uri_2021/res/stab/stab_w02.json  (gencast 19 ckpt, fcn3-era5 18, fcn3-adapter 17)
[reduce] WinterStorm_Uri_2021@wk10: wrote /home/ubuntu/Vayuh/data/eric/S2S_ExtremeWeather/runs/aires/WinterStorm_Uri_2021/res/stab/stab_w03.json  (gencast 24 ckpt, fcn3-era5 23, fcn3-adapter 22)
[reduce] wrote /home/ubuntu/Vayuh/data/eric/S2S_ExtremeWeather/runs/aires/aires_stability.csv (3572 rows)

==============================================================================
  HEADLINE
    GenCast stable through week 10  (70 d)
    FCN3    stable through week 10  (70 d)   [ERA5-IC arm 10, adapter-fed arm 10]
      !       gencast  PNW_HeatDome_2021@wk8 : hard failure at 42 d
      !       gencast  WinterStorm_Uri_2021@wk8 : hard failure at 51 d
      !       gencast  WinterStorm_Uri_2021@wk10: hard failure at 30 d
    169 band exceedance(s) short of a hard failure (degraded, not diverged):
       fcn3_adapter  conus_t2m_sd             first at 6 d  (band extrapolated past 21 d)
       fcn3_adapter  diurnal_ratio            first at 6 d  (band extrapolated past 21 d)
       fcn3_adapter  t2m_conus_drift          first at 12 d  (band extrapolated past 21 d)
          fcn3_era5  conus_t2m_sd             first at 3 d  (band extrapolated past 21 d)
          fcn3_era5  diurnal_ratio            first at 3 d  (band extrapolated past 21 d)
          fcn3_era5  t2m_anom_conus           first at 3 d
          fcn3_era5  t2m_conus_drift          first at 6 d  (band extrapolated past 21 d)
          fcn3_era5  z500_hi_wavenumber_frac  first at 6 d
            gencast  conus_t2m_sd             first at 3 d  (band extrapolated past 21 d)
            gencast  diurnal_ratio            first at 42 d  (band extrapolated past 21 d)
            gencast  t2m_anom_conus           first at 42 d  (band extrapolated past 21 d)
            gencast  t2m_conus_drift          first at 9 d  (band extrapolated past 21 d)
            gencast  z500_hi_wavenumber_frac  first at 42 d  (band extrapolated past 21 d)

    STABLE IS NOT USEFUL. Gate 2 put FCN3's rank-equivalence horizon at ~8.5 d
    and Gate 3 measured score skill rho_s = 0.797 at 9 d. Stability out here is
    PERMISSION to run AI+RES at long lead, not a reason to: past the
    predictability horizon the score function ranks chaos. Establishing the
    USEFUL horizon needs a rank correlation, which needs an ensemble, which one
    member cannot produce.
==============================================================================
  wrote /home/ubuntu/Vayuh/data/eric/S2S_ExtremeWeather/figures/aires/aires_stability.png (507 kB)
