[era5-truth] SCentral_HeatDome_2023 [t2m_anom]: mean=+0.497 max=+7.53 -> SCentral_HeatDome_2023_verif_t2m_anom.nc
[hrrr-truth] HRRR archive not found at /glade/derecho/scratch/mdarman/hrrr_work/hrrr_nc_v3; skipping HRRR
   (using ARCO-ERA5: past WB2 coverage)
[inputs 0p25 week3] SCentral_HeatDome_2023: init=peak-21d -> SCentral_HeatDome_2023_inputs.nc
Traceback (most recent call last):
  File "/home/ubuntu/miniconda3/envs/moe/lib/python3.12/weakref.py", line 666, in _exitfunc
    f()
  File "/home/ubuntu/miniconda3/envs/moe/lib/python3.12/weakref.py", line 590, in __call__
    return info.func(*info.args, **(info.kwargs or {}))
           ^^^^^^^^^^^^^^^^^^^^^^^^^^^^^^^^^^^^^^^^^^^^
  File "/home/ubuntu/miniconda3/envs/moe/lib/python3.12/site-packages/gcsfs/core.py", line 406, in close_session
    asyn.sync(asyn.loop[0], session.close, timeout=0.1)
  File "/home/ubuntu/miniconda3/envs/moe/lib/python3.12/site-packages/fsspec/asyn.py", line 103, in sync
    raise return_result
  File "/home/ubuntu/miniconda3/envs/moe/lib/python3.12/site-packages/fsspec/asyn.py", line 56, in _runner
    result[0] = await coro
                ^^^^^^^^^^
  File "/home/ubuntu/miniconda3/envs/moe/lib/python3.12/asyncio/tasks.py", line 520, in wait_for
    return await fut
           ^^^^^^^^^
  File "/home/ubuntu/miniconda3/envs/moe/lib/python3.12/site-packages/aiohttp/client.py", line 1349, in close
    await self._connector.close()
  File "/home/ubuntu/miniconda3/envs/moe/lib/python3.12/site-packages/aiohttp/connector.py", line 1074, in close
    await super().close(abort_ssl=abort_ssl or self._ssl_shutdown_timeout == 0)
RuntimeError: Task <Task pending name='Task-1806' coro=<_runner() running at /home/ubuntu/miniconda3/envs/moe/lib/python3.12/site-packages/fsspec/asyn.py:56> cb=[_chain_future.<locals>._call_set_state() at /home/ubuntu/miniconda3/envs/moe/lib/python3.12/asyncio/futures.py:396]> got Future <Task pending name='Task-1807' coro=<_wait_for_close() running at /home/ubuntu/miniconda3/envs/moe/lib/python3.12/site-packages/aiohttp/connector.py:138> wait_for=<_GatheringFuture pending cb=[Task.task_wakeup()]>> attached to a different loop
Task was destroyed but it is pending!
task: <Task pending name='Task-1807' coro=<_wait_for_close() done, defined at /home/ubuntu/miniconda3/envs/moe/lib/python3.12/site-packages/aiohttp/connector.py:136> wait_for=<_GatheringFuture pending cb=[Task.task_wakeup()]>>
