[check] array index 9 == null_20250526 (null, seed 9333) -- matches fcn3.fevents.ALL_ORDER
Host: nucla3m-a3meganodeset-3
Start: Thu Aug 20 00:33:58 UTC 2026
GPU 0: NVIDIA H100 80GB HBM3 (UUID: GPU-3d728601-5a90-3332-b4f8-55a26b42a17b)
GPU 1: NVIDIA H100 80GB HBM3 (UUID: GPU-b189949f-6b30-1a6a-bf9e-a1f13b566ce4)
GPU 2: NVIDIA H100 80GB HBM3 (UUID: GPU-78950a76-0d22-aa22-2931-ff4e9e591bf6)
GPU 3: NVIDIA H100 80GB HBM3 (UUID: GPU-f545a6c6-519b-ded3-1d46-a56618ba791c)
GPU 4: NVIDIA H100 80GB HBM3 (UUID: GPU-5d3a37da-d139-e33f-6aa9-24142cd182f0)
GPU 5: NVIDIA H100 80GB HBM3 (UUID: GPU-140f8c08-c442-2c67-bf38-d0f0e31ef4ea)
GPU 6: NVIDIA H100 80GB HBM3 (UUID: GPU-6d85aa1f-f837-6673-e525-d8778183da70)
GPU 7: NVIDIA H100 80GB HBM3 (UUID: GPU-59e0f36c-c2c3-2bc1-c010-a6e20c827c65)
adaptest: event=null_20250526 (array 9) members=24 nshards=8 weeks=3
CPU: 208 cores / 8 shards -> OMP_NUM_THREADS=26 per shard
native cube absent -- this case needs BOTH halves rolled.
=== [native] rolling 24 members of null_20250526 across 8 GPUs (Thu Aug 20 00:33:58 UTC 2026)
--- [native] attempt 1/3 (Thu Aug 20 00:33:58 UTC 2026)
  [native] launched shard 0 on GPU 0 (pid 3009281)
  [native] launched shard 1 on GPU 1 (pid 3009282)
  [native] launched shard 2 on GPU 2 (pid 3009283)
  [native] launched shard 3 on GPU 3 (pid 3009284)
  [native] launched shard 4 on GPU 4 (pid 3009285)
  [native] launched shard 5 on GPU 5 (pid 3009286)
  [native] launched shard 6 on GPU 6 (pid 3009287)
  [native] launched shard 7 on GPU 7 (pid 3009288)
  [native] all shards done; merging ...
[assemble] null_20250526: wrote /home/ubuntu/Vayuh/data/eric/S2S_ExtremeWeather/runs/fcn3/week3/cache/null_20250526_cube.nc  {'member': 24, 'time': 85, 'lat': 105, 'lon': 237}
[assemble] null_20250526: 6.03 min node wall (2895.5 GPU-s over 8 shards)
-rw-rw-r-- 1 ubuntu ubuntu 203074170 Aug 20 00:43 runs/fcn3/week3/cache/null_20250526_cube.nc
=== [adapter] rolling 24 members of null_20250526 across 8 GPUs (Thu Aug 20 00:43:28 UTC 2026)
--- [adapter] attempt 1/3 (Thu Aug 20 00:43:28 UTC 2026)
  [adapter] launched shard 0 on GPU 0 (pid 3011508)
  [adapter] launched shard 1 on GPU 1 (pid 3011509)
  [adapter] launched shard 2 on GPU 2 (pid 3011510)
  [adapter] launched shard 3 on GPU 3 (pid 3011511)
  [adapter] launched shard 4 on GPU 4 (pid 3011512)
  [adapter] launched shard 5 on GPU 5 (pid 3011513)
  [adapter] launched shard 6 on GPU 6 (pid 3011514)
  [adapter] launched shard 7 on GPU 7 (pid 3011515)
  [adapter] all shards done; merging ...
[assemble] null_20250526: wrote /home/ubuntu/Vayuh/data/eric/S2S_ExtremeWeather/runs/aires/gate2/cache/null_20250526_adapter_cube.nc {'member': 24, 'time': 85, 'lat': 105, 'lon': 237}
-rw-rw-r-- 1 ubuntu ubuntu 203074170 Aug 20 00:52 runs/aires/gate2/cache/null_20250526_adapter_cube.nc
End: Thu Aug 20 00:52:55 UTC 2026
When every array task is done, on the login node in moe:
  PYTHONPATH=. python -m aires.adaptest --stage score
  PYTHONPATH=. python -m aires.adaptest --stage report
