[score] host=nucla3m-a3meganodeset-4 shard 6/8 arm=fed: ['PNW_HeatDome_2021@wk16', 'WinterStorm_Uri_2021@wk14']
[check] torch-harmonics DISCO CUDA extension: PRESENT -> FCN3 runs bf16
[score] calibration = aires.calibrate fit on 90 ERA5 frames
[model] loaded cache fcn3_model_2.11.0+cu128_th0.8.1_a305be3ecd79.pt in 7.0 s
[score] w06@3d: 1 member(s) x 436 x 6 h from 2021-03-11 00:00:00 -> peak 2021-06-28  (seed 1810000901, vars ['t2m', 'z500', 't50'])
[32m2026-08-28 01:13:21.531[0m | [1mINFO    [0m | [36mearth2studio.run[0m:[36mensemble[0m:[36m400[0m - [1mRunning ensemble inference![0m
[32m2026-08-28 01:13:21.531[0m | [1mINFO    [0m | [36mearth2studio.run[0m:[36mensemble[0m:[36m407[0m - [1mInference device: cuda[0m
[32m2026-08-28 01:13:27.247[0m | [32m[1mSUCCESS [0m | [36mearth2studio.run[0m:[36mensemble[0m:[36m428[0m - [32m[1mFetched data from GenCastICSource[0m
[32m2026-08-28 01:13:27.689[0m | [1mINFO    [0m | [36mearth2studio.run[0m:[36mensemble[0m:[36m472[0m - [1mStarting 1 Member Ensemble Inference with             1 number of batches.[0m
[32m2026-08-28 01:25:30.438[0m | [32m[1mSUCCESS [0m | [36mearth2studio.run[0m:[36mensemble[0m:[36m544[0m - [32m[1m
Inference complete[0m
[score] w06@3d: 728.9 s (1.67 s/step) -> w06_lead03_cube.nc (83 MB)
[score] w05@3d: 1 member(s) x 380 x 6 h from 2020-11-12 00:00:00 -> peak 2021-02-15  (seed 509883837, vars ['t2m', 'z500', 't50'])
[32m2026-08-28 01:50:05.519[0m | [1mINFO    [0m | [36mearth2studio.run[0m:[36mensemble[0m:[36m400[0m - [1mRunning ensemble inference![0m
[32m2026-08-28 01:50:05.519[0m | [1mINFO    [0m | [36mearth2studio.run[0m:[36mensemble[0m:[36m407[0m - [1mInference device: cuda[0m
[32m2026-08-28 01:50:06.975[0m | [32m[1mSUCCESS [0m | [36mearth2studio.run[0m:[36mensemble[0m:[36m428[0m - [32m[1mFetched data from GenCastICSource[0m
[32m2026-08-28 01:50:07.339[0m | [1mINFO    [0m | [36mearth2studio.run[0m:[36mensemble[0m:[36m472[0m - [1mStarting 1 Member Ensemble Inference with             1 number of batches.[0m
[32m2026-08-28 01:59:46.162[0m | [32m[1mSUCCESS [0m | [36mearth2studio.run[0m:[36mensemble[0m:[36m544[0m - [32m[1m
Inference complete[0m
[score] w05@3d: 580.6 s (1.53 s/step) -> w05_lead03_cube.nc (76 MB)
