[check] torch-harmonics DISCO CUDA extension: PRESENT -> FCN3 runs bf16
[score] host=nucla3m-a3meganodeset-6 shard 6/8: 10 task(s), 0 cached, 10 to run
[score] calibration = aires.calibrate fit on 90 ERA5 frames
[model] loaded cache fcn3_model_2.11.0+cu128_th0.8.1_a305be3ecd79.pt in 27.0 s
[score] w01@6d: 6 member(s) x 60 x 6 h from 2023-06-12 00:00:00 -> peak 2023-06-27  (seed 58836993, vars ['t2m'])
[32m2026-08-24 23:50:11.504[0m | [1mINFO    [0m | [36mearth2studio.run[0m:[36mensemble[0m:[36m400[0m - [1mRunning ensemble inference![0m
[32m2026-08-24 23:50:11.505[0m | [1mINFO    [0m | [36mearth2studio.run[0m:[36mensemble[0m:[36m407[0m - [1mInference device: cuda[0m
[32m2026-08-24 23:50:20.157[0m | [32m[1mSUCCESS [0m | [36mearth2studio.run[0m:[36mensemble[0m:[36m428[0m - [32m[1mFetched data from GenCastICSource[0m
[32m2026-08-24 23:50:20.501[0m | [1mINFO    [0m | [36mearth2studio.run[0m:[36mensemble[0m:[36m472[0m - [1mStarting 6 Member Ensemble Inference with             6 number of batches.[0m
[32m2026-08-24 23:58:54.012[0m | [32m[1mSUCCESS [0m | [36mearth2studio.run[0m:[36mensemble[0m:[36m544[0m - [32m[1m
Inference complete[0m
[score] w01@6d: 522.5 s (8.71 s/step) -> w01_lead06_cube.nc (24 MB)
[score] w02@15d: 6 member(s) x 24 x 6 h from 2023-06-21 00:00:00 -> peak 2023-06-27  (seed 1265843362, vars ['t2m'])
[32m2026-08-24 23:59:48.798[0m | [1mINFO    [0m | [36mearth2studio.run[0m:[36mensemble[0m:[36m400[0m - [1mRunning ensemble inference![0m
[32m2026-08-24 23:59:48.798[0m | [1mINFO    [0m | [36mearth2studio.run[0m:[36mensemble[0m:[36m407[0m - [1mInference device: cuda[0m
[32m2026-08-24 23:59:50.983[0m | [32m[1mSUCCESS [0m | [36mearth2studio.run[0m:[36mensemble[0m:[36m428[0m - [32m[1mFetched data from GenCastICSource[0m
[32m2026-08-24 23:59:51.306[0m | [1mINFO    [0m | [36mearth2studio.run[0m:[36mensemble[0m:[36m472[0m - [1mStarting 6 Member Ensemble Inference with             6 number of batches.[0m
[32m2026-08-25 00:02:53.719[0m | [32m[1mSUCCESS [0m | [36mearth2studio.run[0m:[36mensemble[0m:[36m544[0m - [32m[1m
Inference complete[0m
[score] w02@15d: 184.9 s (7.71 s/step) -> w02_lead15_cube.nc (8 MB)
[score] w04@9d: 6 member(s) x 48 x 6 h from 2023-06-15 00:00:00 -> peak 2023-06-27  (seed 322885009, vars ['t2m'])
[32m2026-08-25 00:03:14.606[0m | [1mINFO    [0m | [36mearth2studio.run[0m:[36mensemble[0m:[36m400[0m - [1mRunning ensemble inference![0m
[32m2026-08-25 00:03:14.607[0m | [1mINFO    [0m | [36mearth2studio.run[0m:[36mensemble[0m:[36m407[0m - [1mInference device: cuda[0m
[32m2026-08-25 00:03:16.816[0m | [32m[1mSUCCESS [0m | [36mearth2studio.run[0m:[36mensemble[0m:[36m428[0m - [32m[1mFetched data from GenCastICSource[0m
[32m2026-08-25 00:03:17.128[0m | [1mINFO    [0m | [36mearth2studio.run[0m:[36mensemble[0m:[36m472[0m - [1mStarting 6 Member Ensemble Inference with             6 number of batches.[0m
[32m2026-08-25 00:09:20.533[0m | [32m[1mSUCCESS [0m | [36mearth2studio.run[0m:[36mensemble[0m:[36m544[0m - [32m[1m
Inference complete[0m
[score] w04@9d: 365.9 s (7.62 s/step) -> w04_lead09_cube.nc (16 MB)
[score] w06@3d: 6 member(s) x 72 x 6 h from 2023-06-09 00:00:00 -> peak 2023-06-27  (seed 1944796304, vars ['t2m'])
[32m2026-08-25 00:09:50.104[0m | [1mINFO    [0m | [36mearth2studio.run[0m:[36mensemble[0m:[36m400[0m - [1mRunning ensemble inference![0m
[32m2026-08-25 00:09:50.104[0m | [1mINFO    [0m | [36mearth2studio.run[0m:[36mensemble[0m:[36m407[0m - [1mInference device: cuda[0m
[32m2026-08-25 00:09:52.367[0m | [32m[1mSUCCESS [0m | [36mearth2studio.run[0m:[36mensemble[0m:[36m428[0m - [32m[1mFetched data from GenCastICSource[0m
[32m2026-08-25 00:09:52.678[0m | [1mINFO    [0m | [36mearth2studio.run[0m:[36mensemble[0m:[36m472[0m - [1mStarting 6 Member Ensemble Inference with             6 number of batches.[0m
[32m2026-08-25 00:18:56.607[0m | [32m[1mSUCCESS [0m | [36mearth2studio.run[0m:[36mensemble[0m:[36m544[0m - [32m[1m
Inference complete[0m
[score] w06@3d: 546.5 s (7.59 s/step) -> w06_lead03_cube.nc (29 MB)
[score] w07@12d: 6 member(s) x 36 x 6 h from 2023-06-18 00:00:00 -> peak 2023-06-27  (seed 1427613954, vars ['t2m'])
[32m2026-08-25 00:20:07.708[0m | [1mINFO    [0m | [36mearth2studio.run[0m:[36mensemble[0m:[36m400[0m - [1mRunning ensemble inference![0m
[32m2026-08-25 00:20:07.709[0m | [1mINFO    [0m | [36mearth2studio.run[0m:[36mensemble[0m:[36m407[0m - [1mInference device: cuda[0m
[32m2026-08-25 00:20:09.947[0m | [32m[1mSUCCESS [0m | [36mearth2studio.run[0m:[36mensemble[0m:[36m428[0m - [32m[1mFetched data from GenCastICSource[0m
[32m2026-08-25 00:20:10.241[0m | [1mINFO    [0m | [36mearth2studio.run[0m:[36mensemble[0m:[36m472[0m - [1mStarting 6 Member Ensemble Inference with             6 number of batches.[0m
[32m2026-08-25 00:24:41.291[0m | [32m[1mSUCCESS [0m | [36mearth2studio.run[0m:[36mensemble[0m:[36m544[0m - [32m[1m
Inference complete[0m
[score] w07@12d: 273.6 s (7.60 s/step) -> w07_lead12_cube.nc (12 MB)
[score] w09@6d: 6 member(s) x 60 x 6 h from 2023-06-12 00:00:00 -> peak 2023-06-27  (seed 58836993, vars ['t2m'])
[32m2026-08-25 00:25:05.235[0m | [1mINFO    [0m | [36mearth2studio.run[0m:[36mensemble[0m:[36m400[0m - [1mRunning ensemble inference![0m
[32m2026-08-25 00:25:05.235[0m | [1mINFO    [0m | [36mearth2studio.run[0m:[36mensemble[0m:[36m407[0m - [1mInference device: cuda[0m
[32m2026-08-25 00:25:07.567[0m | [32m[1mSUCCESS [0m | [36mearth2studio.run[0m:[36mensemble[0m:[36m428[0m - [32m[1mFetched data from GenCastICSource[0m
[32m2026-08-25 00:25:07.913[0m | [1mINFO    [0m | [36mearth2studio.run[0m:[36mensemble[0m:[36m472[0m - [1mStarting 6 Member Ensemble Inference with             6 number of batches.[0m
[32m2026-08-25 00:32:39.343[0m | [32m[1mSUCCESS [0m | [36mearth2studio.run[0m:[36mensemble[0m:[36m544[0m - [32m[1m
Inference complete[0m
[score] w09@6d: 454.1 s (7.57 s/step) -> w09_lead06_cube.nc (23 MB)
[score] w10@15d: 6 member(s) x 24 x 6 h from 2023-06-21 00:00:00 -> peak 2023-06-27  (seed 1265843362, vars ['t2m'])
[32m2026-08-25 00:33:32.055[0m | [1mINFO    [0m | [36mearth2studio.run[0m:[36mensemble[0m:[36m400[0m - [1mRunning ensemble inference![0m
[32m2026-08-25 00:33:32.055[0m | [1mINFO    [0m | [36mearth2studio.run[0m:[36mensemble[0m:[36m407[0m - [1mInference device: cuda[0m
[32m2026-08-25 00:33:34.375[0m | [32m[1mSUCCESS [0m | [36mearth2studio.run[0m:[36mensemble[0m:[36m428[0m - [32m[1mFetched data from GenCastICSource[0m
[32m2026-08-25 00:33:34.665[0m | [1mINFO    [0m | [36mearth2studio.run[0m:[36mensemble[0m:[36m472[0m - [1mStarting 6 Member Ensemble Inference with             6 number of batches.[0m
[32m2026-08-25 00:36:35.902[0m | [32m[1mSUCCESS [0m | [36mearth2studio.run[0m:[36mensemble[0m:[36m544[0m - [32m[1m
Inference complete[0m
[score] w10@15d: 183.8 s (7.66 s/step) -> w10_lead15_cube.nc (8 MB)
[score] w12@9d: 6 member(s) x 48 x 6 h from 2023-06-15 00:00:00 -> peak 2023-06-27  (seed 322885009, vars ['t2m'])
[32m2026-08-25 00:36:56.772[0m | [1mINFO    [0m | [36mearth2studio.run[0m:[36mensemble[0m:[36m400[0m - [1mRunning ensemble inference![0m
[32m2026-08-25 00:36:56.773[0m | [1mINFO    [0m | [36mearth2studio.run[0m:[36mensemble[0m:[36m407[0m - [1mInference device: cuda[0m
[32m2026-08-25 00:36:59.051[0m | [32m[1mSUCCESS [0m | [36mearth2studio.run[0m:[36mensemble[0m:[36m428[0m - [32m[1mFetched data from GenCastICSource[0m
[32m2026-08-25 00:36:59.354[0m | [1mINFO    [0m | [36mearth2studio.run[0m:[36mensemble[0m:[36m472[0m - [1mStarting 6 Member Ensemble Inference with             6 number of batches.[0m
[32m2026-08-25 00:43:00.980[0m | [32m[1mSUCCESS [0m | [36mearth2studio.run[0m:[36mensemble[0m:[36m544[0m - [32m[1m
Inference complete[0m
[score] w12@9d: 364.2 s (7.59 s/step) -> w12_lead09_cube.nc (16 MB)
[score] w14@3d: 6 member(s) x 72 x 6 h from 2023-06-09 00:00:00 -> peak 2023-06-27  (seed 1944796304, vars ['t2m'])
[32m2026-08-25 00:43:27.425[0m | [1mINFO    [0m | [36mearth2studio.run[0m:[36mensemble[0m:[36m400[0m - [1mRunning ensemble inference![0m
[32m2026-08-25 00:43:27.425[0m | [1mINFO    [0m | [36mearth2studio.run[0m:[36mensemble[0m:[36m407[0m - [1mInference device: cuda[0m
[32m2026-08-25 00:43:29.736[0m | [32m[1mSUCCESS [0m | [36mearth2studio.run[0m:[36mensemble[0m:[36m428[0m - [32m[1mFetched data from GenCastICSource[0m
[32m2026-08-25 00:43:30.069[0m | [1mINFO    [0m | [36mearth2studio.run[0m:[36mensemble[0m:[36m472[0m - [1mStarting 6 Member Ensemble Inference with             6 number of batches.[0m
[32m2026-08-25 00:52:32.074[0m | [32m[1mSUCCESS [0m | [36mearth2studio.run[0m:[36mensemble[0m:[36m544[0m - [32m[1m
Inference complete[0m
[score] w14@3d: 544.6 s (7.56 s/step) -> w14_lead03_cube.nc (27 MB)
[score] w15@12d: 6 member(s) x 36 x 6 h from 2023-06-18 00:00:00 -> peak 2023-06-27  (seed 1427613954, vars ['t2m'])
[32m2026-08-25 00:53:43.401[0m | [1mINFO    [0m | [36mearth2studio.run[0m:[36mensemble[0m:[36m400[0m - [1mRunning ensemble inference![0m
[32m2026-08-25 00:53:43.401[0m | [1mINFO    [0m | [36mearth2studio.run[0m:[36mensemble[0m:[36m407[0m - [1mInference device: cuda[0m
[32m2026-08-25 00:53:45.700[0m | [32m[1mSUCCESS [0m | [36mearth2studio.run[0m:[36mensemble[0m:[36m428[0m - [32m[1mFetched data from GenCastICSource[0m
[32m2026-08-25 00:53:46.011[0m | [1mINFO    [0m | [36mearth2studio.run[0m:[36mensemble[0m:[36m472[0m - [1mStarting 6 Member Ensemble Inference with             6 number of batches.[0m
[32m2026-08-25 00:58:16.512[0m | [32m[1mSUCCESS [0m | [36mearth2studio.run[0m:[36mensemble[0m:[36m544[0m - [32m[1m
Inference complete[0m
[score] w15@12d: 273.1 s (7.59 s/step) -> w15_lead12_cube.nc (12 MB)
[score] shard 6: all 10 task(s) done
