Host: nucla3m-a3meganodeset-3
Start: Mon Aug 24 22:27:30 UTC 2026
GPU 0: NVIDIA H100 80GB HBM3 (UUID: GPU-3d728601-5a90-3332-b4f8-55a26b42a17b)
GPU 1: NVIDIA H100 80GB HBM3 (UUID: GPU-b189949f-6b30-1a6a-bf9e-a1f13b566ce4)
GPU 2: NVIDIA H100 80GB HBM3 (UUID: GPU-78950a76-0d22-aa22-2931-ff4e9e591bf6)
GPU 3: NVIDIA H100 80GB HBM3 (UUID: GPU-f545a6c6-519b-ded3-1d46-a56618ba791c)
GPU 4: NVIDIA H100 80GB HBM3 (UUID: GPU-5d3a37da-d139-e33f-6aa9-24142cd182f0)
GPU 5: NVIDIA H100 80GB HBM3 (UUID: GPU-140f8c08-c442-2c67-bf38-d0f0e31ef4ea)
GPU 6: NVIDIA H100 80GB HBM3 (UUID: GPU-6d85aa1f-f837-6673-e525-d8778183da70)
GPU 7: NVIDIA H100 80GB HBM3 (UUID: GPU-59e0f36c-c2c3-2bc1-c010-a6e20c827c65)
AI+RES: event=California_HeatWave_2022 tag=pilot backend=fcn3 shards=8
AI+RES pilot - California_HeatWave_2022  (init 2022-08-16, peak 2022-09-06, metric t2m_anom)
California_HeatWave_2022: primary box California (35-41N, 124W-118W)
    Central/Northern California - the named event and the societal record (Sacramento's all-time 116 F on 2022-09-06): +4.71 K week-mean vs a +1.60 K CONUS mean. The UNCONSTRAINED week-mean maximum is elsewhere - +7.32 K over Idaho/Montana (44-50 N, 248-254 E) - and is deliberately not used: it would score a different event than the one this box names.
  secondary: CONUS (24-50N, 125W-66W)

  N walkers        64
  score backend    fcn3   M = 6
  tail             HIGH (clone the largest A_L)
  C_k              0, 1, 1.4, 1.8, 2 at 3 d, 6 d, 9 d, 12 d, 15 d
  legs
    1: 0 -> 3 d, segments [1], C = 0
    2: 3 -> 6 d, segments [2], C = 1
    3: 6 -> 9 d, segments [3], C = 1.4
    4: 9 -> 12 d, segments [4], C = 1.8
    5: 12 -> 15 d, segments [5], C = 2
    6: 15 -> 21 d, segments [6, 7], carry to the horizon (no resampling)

  prerequisites
    walker init frames  OK   /home/ubuntu/Vayuh/data/eric/S2S_ExtremeWeather/runs/xres/0p25/week3/inputs/California_HeatWave_2022_inputs.nc
    derived calibration OK   /home/ubuntu/Vayuh/data/eric/S2S_ExtremeWeather/runs/aires/calib/derived_calib.nc
    xres reference cube OK   /home/ubuntu/Vayuh/data/eric/S2S_ExtremeWeather/runs/xres/0p25/week3/cache/California_HeatWave_2022_cube.nc   (physical check on the first segment; not required)

  cached            0/448 walker segments, 0/256 score cubes (0 states resident)

  budget            walk 2,688 GenCast steps ~38.8 GPU-h (~291 min over 8 GPUs)
                    score 64,512 FCN3 steps ~25.1 GPU-h (~188 min over 8 GPUs)
                    total ~63.9 H100-h, ~8.0 h wall on one node

  disk              states 92 GB peak (3 segments resident x 64 x 477 MB, --keep-states 2), diagnostics 16 GB, score cubes 3 GB
                    ~110 GB needed, 526 GB free

  configuration frozen at /home/ubuntu/Vayuh/data/eric/S2S_ExtremeWeather/runs/aires/California_HeatWave_2022/res/pilot/run.json

  READY: yes
--- res: Mon Aug 24 22:27:35 UTC 2026 ---
[res] California_HeatWave_2022 tag=pilot N=64 M=6 backend=fcn3 C=(0.0, 1.0, 1.4, 1.8, 2.0)
[res] host=nucla3m-a3meganodeset-3 shards=8 visible GPUs=8 seed=20260819
  [walk] leg 1: 64/64 segment(s) to roll (0 -> 3 d)
  [walk-leg01] attempt 1/3: 8 shard(s)
  [walk] leg 1: pool finished in 63.8 min
  [score] leg 1 (skipped(C=0)): theta over the box mean +1.192, sd 0.605
  [dmc] step 1: C=0.00 R=1.0000 ESS=64.0/64 killed=0 max_mult=1
  [walk] leg 2: 64/64 segment(s) to roll (3 -> 6 d)
  [walk-leg02] attempt 1/3: 8 shard(s)
  [walk] leg 2: pool finished in 37.1 min
  [score] leg 2: 64/64 forecast(s) to run (6 x 60 x 6 h from 6 d to the peak; 23,040 FCN3 steps)
  [score-leg02] attempt 1/3: 8 shard(s)
  [score] leg 2: pool finished in 72.0 min
  [score] leg 2 (fcn3): theta over the box mean +1.729, sd 0.830
  [dmc] step 2: C=1.00 R=1.7585 ESS=14.0/64 killed=26 max_mult=15
  [walk] pruned walker states at segments <= 1 (30.3 GB freed; --keep-states 2)
  [walk] leg 3: 64/64 segment(s) to roll (6 -> 9 d)
  [walk-leg03] attempt 1/3: 8 shard(s)
  [walk] leg 3: pool finished in 40.2 min
  [score] leg 3: 64/64 forecast(s) to run (6 x 48 x 6 h from 9 d to the peak; 18,432 FCN3 steps)
  [score-leg03] attempt 1/3: 8 shard(s)
  [score] leg 3: pool finished in 55.7 min
  [score] leg 3 (fcn3): theta over the box mean +2.323, sd 1.423
  [dmc] step 3: C=1.40 R=0.6846 ESS=11.3/64 killed=31 max_mult=17
  [walk] pruned walker states at segments <= 2 (30.3 GB freed; --keep-states 2)
  [walk] leg 4: 64/64 segment(s) to roll (9 -> 12 d)
  [walk-leg04] attempt 1/3: 8 shard(s)
  [walk] leg 4: pool finished in 39.5 min
  [score] leg 4: 64/64 forecast(s) to run (6 x 36 x 6 h from 12 d to the peak; 13,824 FCN3 steps)
  [score-leg04] attempt 1/3: 8 shard(s)
  [score] leg 4: pool finished in 42.9 min
  [score] leg 4 (fcn3): theta over the box mean +2.588, sd 1.328
  [dmc] step 4: C=1.80 R=1.4231 ESS=15.9/64 killed=31 max_mult=8
  [walk] pruned walker states at segments <= 3 (30.3 GB freed; --keep-states 2)
  [walk] leg 5: 64/64 segment(s) to roll (12 -> 15 d)
  [walk-leg05] attempt 1/3: 8 shard(s)
  [walk] leg 5: pool finished in 37.2 min
  [score] leg 5: 64/64 forecast(s) to run (6 x 24 x 6 h from 15 d to the peak; 9,216 FCN3 steps)
  [score-leg05] attempt 1/3: 8 shard(s)
  [score] leg 5: pool finished in 30.5 min
  [score] leg 5 (fcn3): theta over the box mean +3.960, sd 1.400
  [dmc] step 5: C=2.00 R=0.1674 ESS=29.9/64 killed=23 max_mult=6
  [walk] pruned walker states at segments <= 4 (30.3 GB freed; --keep-states 2)
  [walk] leg 6: 128/128 segment(s) to roll (15 -> 21 d)
  [walk-leg06] attempt 1/3: 8 shard(s)
  [walk] leg 6: pool finished in 62.4 min

  step   C_k      R_k     ESS  ESS/N  killed  max mult
     1  0.00   1.0000   64.00   1.00       0         1
     2  1.00   1.7585   13.98   0.22      26        15
     3  1.40   0.6846   11.33   0.18      31        17
     4  1.80   1.4231   15.89   0.25      31         8
     5  2.00   0.1674   29.93   0.47      23         6
  log Z = -1.2488   normalization check = 0.7771 (should be ~1)
  founders surviving: 16/64

[res] finished in 482.6 min -> /home/ubuntu/Vayuh/data/eric/S2S_ExtremeWeather/runs/aires/California_HeatWave_2022/res/pilot/res_result.json
[res] now reduce on the login node:
  PYTHONPATH=. python -m aires.run_aires --stage ds --event California_HeatWave_2022
  PYTHONPATH=. python -m aires.run_aires --stage compare --event California_HeatWave_2022 --tag pilot
End: Tue Aug 25 06:30:14 UTC 2026
Now, on the login node in moe:
  PYTHONPATH=. python -m aires.run_aires --stage ds --event California_HeatWave_2022
  PYTHONPATH=. python -m aires.run_aires --stage compare --event California_HeatWave_2022 --tag pilot
