Host: nucla3m-a3meganodeset-3
Start: Fri Sep 18 04:46:27 UTC 2026
GPU 0: NVIDIA H100 80GB HBM3 (UUID: GPU-3d728601-5a90-3332-b4f8-55a26b42a17b)
GPU 1: NVIDIA H100 80GB HBM3 (UUID: GPU-b189949f-6b30-1a6a-bf9e-a1f13b566ce4)
GPU 2: NVIDIA H100 80GB HBM3 (UUID: GPU-78950a76-0d22-aa22-2931-ff4e9e591bf6)
GPU 3: NVIDIA H100 80GB HBM3 (UUID: GPU-f545a6c6-519b-ded3-1d46-a56618ba791c)
GPU 4: NVIDIA H100 80GB HBM3 (UUID: GPU-5d3a37da-d139-e33f-6aa9-24142cd182f0)
GPU 5: NVIDIA H100 80GB HBM3 (UUID: GPU-140f8c08-c442-2c67-bf38-d0f0e31ef4ea)
GPU 6: NVIDIA H100 80GB HBM3 (UUID: GPU-6d85aa1f-f837-6673-e525-d8778183da70)
GPU 7: NVIDIA H100 80GB HBM3 (UUID: GPU-59e0f36c-c2c3-2bc1-c010-a6e20c827c65)
acal case 3 (rung>=3): event=e14_h4_20230104 tag=acal N=32 M=6
AI+RES acal - e14_h4_20230104  (init 2022-12-14, peak 2023-01-04, metric t2m_anom)
e14_h4_20230104: primary box CONUS (24-50N, 125W-66W)
    the whole verification window; what Gate 2 used

  N walkers        32
  score backend    fcn3   M = 6
  tail             HIGH (clone the largest A_L)
  C_k              0, 1, 1.4, 1.8, 2 at 3 d, 6 d, 9 d, 12 d, 15 d
  legs
    1: 0 -> 3 d, segments [1], C = 0
    2: 3 -> 6 d, segments [2], C = 1
    3: 6 -> 9 d, segments [3], C = 1.4
    4: 9 -> 12 d, segments [4], C = 1.8
    5: 12 -> 15 d, segments [5], C = 2
    6: 15 -> 21 d, segments [6, 7], carry to the horizon (no resampling)

  prerequisites
    walker init frames  OK   /home/ubuntu/Vayuh/data/eric/S2S_ExtremeWeather/runs/xres/0p25/week3/inputs/e14_h4_20230104_inputs.nc
    derived calibration OK   /home/ubuntu/Vayuh/data/eric/S2S_ExtremeWeather/runs/aires/calib/derived_calib.nc
    xres reference cube absent   /home/ubuntu/Vayuh/data/eric/S2S_ExtremeWeather/runs/xres/0p25/week3/cache/e14_h4_20230104_cube.nc   (physical check on the first segment; not required)

  cached            96/224 walker segments, 32/128 score cubes (64 states resident)

  budget            walk 768 GenCast steps ~11.1 GPU-h (~83 min over 8 GPUs)
                    score 20,736 FCN3 steps ~8.1 GPU-h (~60 min over 8 GPUs)
                    total ~19.2 H100-h, ~2.4 h wall on one node

  disk              states 46 GB peak (3 segments resident x 32 x 477 MB, --keep-states 2), diagnostics 8 GB, score cubes 1 GB
                    ~55 GB needed, 383 GB free

  configuration frozen at /home/ubuntu/Vayuh/data/eric/S2S_ExtremeWeather/runs/aires/e14_h4_20230104/res/acal/run.json

  READY: yes
--- res: Fri Sep 18 04:46:30 UTC 2026 ---
[res] e14_h4_20230104 tag=acal N=32 M=6 backend=fcn3 C=(0.0, 1.0, 1.4, 1.8, 2.0)
[res] host=nucla3m-a3meganodeset-3 shards=8 visible GPUs=8 seed=20260819
  [walk] leg 1: complete (verified 2026-09-18 00:30:06.166518+00:00)
  [score] leg 1 (skipped(C=0)): theta over the box mean -1.271, sd 0.242
  [dmc] step 1: C=0.00 R=1.0000 ESS=32.0/32 killed=0 max_mult=1
  [walk] leg 2: complete (verified 2026-09-18 00:52:39.465251+00:00)
  [score] leg 2 (fcn3): theta over the box mean +1.020, sd 1.463
  [dmc] step 2: C=1.00 R=1.5129 ESS=17.1/32 killed=9 max_mult=4
  [walk] leg 3: complete (verified 2026-09-18 01:51:30.251199+00:00)
  [score] leg 3: 32/32 forecast(s) to run (6 x 48 x 6 h from 9 d to the peak; 9,216 FCN3 steps)
  [score-leg03] attempt 1/3: 8 shard(s)
  [score] leg 3: pool finished in 29.6 min
  [score] leg 3 (fcn3): theta over the box mean +1.708, sd 1.723
  [dmc] step 3: C=1.40 R=0.7085 ESS=20.0/32 killed=7 max_mult=4
  [walk] pruned walker states at segments <= 2 (15.1 GB freed; --keep-states 2)
  [walk] leg 4: 32/32 segment(s) to roll (9 -> 12 d)
  [walk-leg04] attempt 1/3: 8 shard(s)
  [walk] leg 4: pool finished in 19.7 min
  [score] leg 4: 32/32 forecast(s) to run (6 x 36 x 6 h from 12 d to the peak; 6,912 FCN3 steps)
  [score-leg04] attempt 1/3: 8 shard(s)
  [score] leg 4: pool finished in 23.5 min
  [score] leg 4 (fcn3): theta over the box mean +2.547, sd 1.686
  [dmc] step 4: C=1.80 R=0.7392 ESS=20.5/32 killed=10 max_mult=3
  [walk] pruned walker states at segments <= 3 (15.1 GB freed; --keep-states 2)
  [walk] leg 5: 32/32 segment(s) to roll (12 -> 15 d)
  [walk-leg05] attempt 1/3: 8 shard(s)
  [walk] leg 5: pool finished in 19.6 min
  [score] leg 5: 32/32 forecast(s) to run (6 x 24 x 6 h from 15 d to the peak; 4,608 FCN3 steps)
  [score-leg05] attempt 1/3: 8 shard(s)
  [score] leg 5: pool finished in 16.7 min
  [score] leg 5 (fcn3): theta over the box mean +3.006, sd 1.345
  [dmc] step 5: C=2.00 R=0.5208 ESS=19.4/32 killed=10 max_mult=4
  [walk] pruned walker states at segments <= 4 (15.1 GB freed; --keep-states 2)
  [walk] leg 6: 64/64 segment(s) to roll (15 -> 21 d)
  [walk-leg06] attempt 1/3: 8 shard(s)
  [walk] leg 6: pool finished in 32.6 min

  step   C_k      R_k     ESS  ESS/N  killed  max mult
     1  0.00   1.0000   32.00   1.00       0         1
     2  1.00   1.5129   17.12   0.54       9         4
     3  1.40   0.7085   20.01   0.63       7         4
     4  1.80   0.7392   20.46   0.64      10         3
     5  2.00   0.5208   19.44   0.61      10         4
  log Z = -0.8850   normalization check = 0.3183 (should be ~1)
  founders surviving: 8/32

[res] finished in 142.2 min -> /home/ubuntu/Vayuh/data/eric/S2S_ExtremeWeather/runs/aires/e14_h4_20230104/res/acal/res_result.json
[res] now reduce on the login node:
  PYTHONPATH=. python -m aires.run_aires --stage ds --event e14_h4_20230104
  PYTHONPATH=. python -m aires.run_aires --stage compare --event e14_h4_20230104 --tag acal
End: Fri Sep 18 07:08:44 UTC 2026
