Host: nucla3m-a3meganodeset-0
Start: Tue Sep 29 21:47:58 UTC 2026
GPU 0: NVIDIA H100 80GB HBM3 (UUID: GPU-37e52afa-581c-7406-4e75-b6208674ab27)
GPU 1: NVIDIA H100 80GB HBM3 (UUID: GPU-062a9eff-bbc8-a8df-45eb-360eaf6cade6)
GPU 2: NVIDIA H100 80GB HBM3 (UUID: GPU-37414005-a1c1-39ec-78e0-975e3800ac11)
GPU 3: NVIDIA H100 80GB HBM3 (UUID: GPU-d42878e7-5278-edf8-1b92-23864c2f21b2)
GPU 4: NVIDIA H100 80GB HBM3 (UUID: GPU-199a84b2-d15c-9b6a-e818-f9e3e82d1dc6)
GPU 5: NVIDIA H100 80GB HBM3 (UUID: GPU-ab698064-cb49-4739-46dc-89163740ef28)
GPU 6: NVIDIA H100 80GB HBM3 (UUID: GPU-7fc0a419-0766-cec9-6944-a48f1c1ba8b7)
GPU 7: NVIDIA H100 80GB HBM3 (UUID: GPU-5b93631f-846d-8229-ab6a-67bbb500d938)
acal case 10 (rung>=2): event=e11_h2_20220321 tag=acal N=32 M=6
AI+RES acal - e11_h2_20220321  (init 2022-02-28, peak 2022-03-21, metric t2m_anom)
e11_h2_20220321: primary box CONUS (24-50N, 125W-66W)
    the whole verification window; what Gate 2 used

  N walkers        32
  score backend    fcn3   M = 6
  tail             HIGH (clone the largest A_L)
  C_k              0, 1, 1.4, 1.8, 2 at 3 d, 6 d, 9 d, 12 d, 15 d
  legs
    1: 0 -> 3 d, segments [1], C = 0
    2: 3 -> 6 d, segments [2], C = 1
    3: 6 -> 9 d, segments [3], C = 1.4
    4: 9 -> 12 d, segments [4], C = 1.8
    5: 12 -> 15 d, segments [5], C = 2
    6: 15 -> 21 d, segments [6, 7], carry to the horizon (no resampling)

  prerequisites
    walker init frames  OK   /home/ubuntu/Vayuh/data/eric/S2S_ExtremeWeather/runs/xres/0p25/week3/inputs/e11_h2_20220321_inputs.nc
    derived calibration OK   /home/ubuntu/Vayuh/data/eric/S2S_ExtremeWeather/runs/aires/calib/derived_calib.nc
    xres reference cube absent   /home/ubuntu/Vayuh/data/eric/S2S_ExtremeWeather/runs/xres/0p25/week3/cache/e11_h2_20220321_cube.nc   (physical check on the first segment; not required)

  cached            0/224 walker segments, 0/128 score cubes (0 states resident)

  budget            walk 1,344 GenCast steps ~19.4 GPU-h (~146 min over 8 GPUs)
                    score 32,256 FCN3 steps ~12.5 GPU-h (~94 min over 8 GPUs)
                    total ~32.0 H100-h, ~4.0 h wall on one node

  disk              states 46 GB peak (3 segments resident x 32 x 477 MB, --keep-states 2), diagnostics 8 GB, score cubes 1 GB
                    ~55 GB needed, 725 GB free

  configuration frozen at /home/ubuntu/Vayuh/data/eric/S2S_ExtremeWeather/runs/aires/e11_h2_20220321/res/acal/run.json

  READY: yes
--- res: Tue Sep 29 21:48:00 UTC 2026 ---
[res] e11_h2_20220321 tag=acal N=32 M=6 backend=fcn3 C=(0.0, 1.0, 1.4, 1.8, 2.0)
[res] host=nucla3m-a3meganodeset-0 shards=8 visible GPUs=8 seed=20260819
  [walk] leg 1: 32/32 segment(s) to roll (0 -> 3 d)
  [walk-leg01] attempt 1/3: 8 shard(s)
  [walk] leg 1: pool finished in 28.6 min
  [score] leg 1 (skipped(C=0)): theta over the box mean +2.869, sd 0.219
  [dmc] step 1: C=0.00 R=1.0000 ESS=32.0/32 killed=0 max_mult=1
  [walk] leg 2: 32/32 segment(s) to roll (3 -> 6 d)
  [walk-leg02] attempt 1/3: 8 shard(s)
  [walk] leg 2: pool finished in 26.1 min
  [score] leg 2: 32/32 forecast(s) to run (6 x 60 x 6 h from 6 d to the peak; 11,520 FCN3 steps)
  [score-leg02] attempt 1/3: 8 shard(s)
  [score] leg 2: pool finished in 37.3 min
  [score] leg 2 (fcn3): theta over the box mean -0.485, sd 0.994
  [dmc] step 2: C=1.00 R=1.7050 ESS=12.4/32 killed=16 max_mult=7
  [walk] pruned walker states at segments <= 1 (15.1 GB freed; --keep-states 2)
  [walk] leg 3: 32/32 segment(s) to roll (6 -> 9 d)
  [walk-leg03] attempt 1/3: 8 shard(s)
  [walk] leg 3: pool finished in 25.2 min
  [score] leg 3: 32/32 forecast(s) to run (6 x 48 x 6 h from 9 d to the peak; 9,216 FCN3 steps)
  [score-leg03] attempt 1/3: 8 shard(s)
  [score] leg 3: pool finished in 29.5 min
  [score] leg 3 (fcn3): theta over the box mean +0.355, sd 0.835
  [dmc] step 3: C=1.40 R=0.6128 ESS=13.6/32 killed=14 max_mult=6
  [walk] pruned walker states at segments <= 2 (15.1 GB freed; --keep-states 2)
  [walk] leg 4: 32/32 segment(s) to roll (9 -> 12 d)
  [walk-leg04] attempt 1/3: 8 shard(s)
  [walk] leg 4: pool finished in 25.9 min
  [score] leg 4: 32/32 forecast(s) to run (6 x 36 x 6 h from 12 d to the peak; 6,912 FCN3 steps)
  [score-leg04] attempt 1/3: 8 shard(s)
  [score] leg 4: pool finished in 23.1 min
  [score] leg 4 (fcn3): theta over the box mean +0.337, sd 0.714
  [dmc] step 4: C=1.80 R=0.6303 ESS=17.7/32 killed=10 max_mult=4
  [walk] pruned walker states at segments <= 3 (15.1 GB freed; --keep-states 2)
  [walk] leg 5: 32/32 segment(s) to roll (12 -> 15 d)
  [walk-leg05] attempt 1/3: 8 shard(s)
  [walk] leg 5: pool finished in 25.0 min
  [score] leg 5: 32/32 forecast(s) to run (6 x 24 x 6 h from 15 d to the peak; 4,608 FCN3 steps)
  [score-leg05] attempt 1/3: 8 shard(s)
  [score] leg 5: pool finished in 16.9 min
  [score] leg 5 (fcn3): theta over the box mean +0.691, sd 0.731
  [dmc] step 5: C=2.00 R=0.6507 ESS=10.9/32 killed=11 max_mult=9
  [walk] pruned walker states at segments <= 4 (15.2 GB freed; --keep-states 2)
  [walk] leg 6: 64/64 segment(s) to roll (15 -> 21 d)
  [walk-leg06] attempt 1/3: 8 shard(s)
  [walk] leg 6: pool finished in 37.6 min

  step   C_k      R_k     ESS  ESS/N  killed  max mult
     1  0.00   1.0000   32.00   1.00       0         1
     2  1.00   1.7050   12.43   0.39      16         7
     3  1.40   0.6128   13.58   0.42      14         6
     4  1.80   0.6303   17.67   0.55      10         4
     5  2.00   0.6507   10.87   0.34      11         9
  log Z = -0.8473   normalization check = 1.3473 (should be ~1)
  founders surviving: 8/32

[res] finished in 276.1 min -> /home/ubuntu/Vayuh/data/eric/S2S_ExtremeWeather/runs/aires/e11_h2_20220321/res/acal/res_result.json
[res] now reduce on the login node:
  PYTHONPATH=. python -m aires.run_aires --stage ds --event e11_h2_20220321
  PYTHONPATH=. python -m aires.run_aires --stage compare --event e11_h2_20220321 --tag acal
End: Wed Sep 30 02:24:07 UTC 2026
