Host: nucla3m-a3meganodeset-3
Start: Wed Sep 30 07:11:55 UTC 2026
GPU 0: NVIDIA H100 80GB HBM3 (UUID: GPU-3d728601-5a90-3332-b4f8-55a26b42a17b)
GPU 1: NVIDIA H100 80GB HBM3 (UUID: GPU-b189949f-6b30-1a6a-bf9e-a1f13b566ce4)
GPU 2: NVIDIA H100 80GB HBM3 (UUID: GPU-78950a76-0d22-aa22-2931-ff4e9e591bf6)
GPU 3: NVIDIA H100 80GB HBM3 (UUID: GPU-f545a6c6-519b-ded3-1d46-a56618ba791c)
GPU 4: NVIDIA H100 80GB HBM3 (UUID: GPU-5d3a37da-d139-e33f-6aa9-24142cd182f0)
GPU 5: NVIDIA H100 80GB HBM3 (UUID: GPU-140f8c08-c442-2c67-bf38-d0f0e31ef4ea)
GPU 6: NVIDIA H100 80GB HBM3 (UUID: GPU-6d85aa1f-f837-6673-e525-d8778183da70)
GPU 7: NVIDIA H100 80GB HBM3 (UUID: GPU-59e0f36c-c2c3-2bc1-c010-a6e20c827c65)
acal case 24 (rung>=2): event=e25_h3_20240131 tag=acal N=32 M=6
AI+RES acal - e25_h3_20240131  (init 2024-01-10, peak 2024-01-31, metric t2m_anom)
e25_h3_20240131: primary box CONUS (24-50N, 125W-66W)
    the whole verification window; what Gate 2 used

  N walkers        32
  score backend    fcn3   M = 6
  tail             HIGH (clone the largest A_L)
  C_k              0, 1, 1.4, 1.8, 2 at 3 d, 6 d, 9 d, 12 d, 15 d
  legs
    1: 0 -> 3 d, segments [1], C = 0
    2: 3 -> 6 d, segments [2], C = 1
    3: 6 -> 9 d, segments [3], C = 1.4
    4: 9 -> 12 d, segments [4], C = 1.8
    5: 12 -> 15 d, segments [5], C = 2
    6: 15 -> 21 d, segments [6, 7], carry to the horizon (no resampling)

  prerequisites
    walker init frames  OK   /home/ubuntu/Vayuh/data/eric/S2S_ExtremeWeather/runs/xres/0p25/week3/inputs/e25_h3_20240131_inputs.nc
    derived calibration OK   /home/ubuntu/Vayuh/data/eric/S2S_ExtremeWeather/runs/aires/calib/derived_calib.nc
    xres reference cube absent   /home/ubuntu/Vayuh/data/eric/S2S_ExtremeWeather/runs/xres/0p25/week3/cache/e25_h3_20240131_cube.nc   (physical check on the first segment; not required)

  cached            176/224 walker segments, 128/128 score cubes (48 states resident)

  budget            walk 288 GenCast steps ~4.2 GPU-h (~31 min over 8 GPUs)
                    score 0 FCN3 steps ~0.0 GPU-h (~0 min over 8 GPUs)
                    total ~4.2 H100-h, ~0.5 h wall on one node

  disk              states 46 GB peak (3 segments resident x 32 x 477 MB, --keep-states 2), diagnostics 8 GB, score cubes 1 GB
                    ~55 GB needed, 643 GB free

  configuration frozen at /home/ubuntu/Vayuh/data/eric/S2S_ExtremeWeather/runs/aires/e25_h3_20240131/res/acal/run.json

  READY: yes
--- res: Wed Sep 30 07:12:13 UTC 2026 ---
[res] e25_h3_20240131 tag=acal N=32 M=6 backend=fcn3 C=(0.0, 1.0, 1.4, 1.8, 2.0)
[res] host=nucla3m-a3meganodeset-3 shards=8 visible GPUs=8 seed=20260819
  [walk] leg 1: complete (verified 2026-09-18 04:48:20.077675+00:00)
  [score] leg 1 (skipped(C=0)): theta over the box mean -2.679, sd 0.257
  [dmc] step 1: C=0.00 R=1.0000 ESS=32.0/32 killed=0 max_mult=1
  [walk] leg 2: complete (verified 2026-09-18 05:08:08.484081+00:00)
  [score] leg 2 (fcn3): theta over the box mean +1.639, sd 1.289
  [dmc] step 2: C=1.00 R=1.6525 ESS=13.6/32 killed=13 max_mult=5
  [walk] leg 3: complete (verified 2026-09-18 06:06:43.588354+00:00)
  [score] leg 3 (fcn3): theta over the box mean +3.090, sd 1.408
  [dmc] step 3: C=1.40 R=0.4525 ESS=22.4/32 killed=10 max_mult=3
  [walk] leg 4: complete (verified 2026-09-18 06:55:58.053777+00:00)
  [score] leg 4 (fcn3): theta over the box mean +3.603, sd 1.341
  [dmc] step 4: C=1.80 R=0.7101 ESS=18.6/32 killed=10 max_mult=3
  [walk] leg 5: complete (verified 2026-09-18 07:38:46.194595+00:00)
  [score] leg 5 (fcn3): theta over the box mean +3.878, sd 1.092
  [dmc] step 5: C=2.00 R=0.8184 ESS=9.5/32 killed=16 max_mult=7
  [walk] leg 6: 48/64 segment(s) to roll (15 -> 21 d)
  [walk-leg06] attempt 1/3: 8 shard(s)
  [walk] leg 6: pool finished in 30.4 min

  step   C_k      R_k     ESS  ESS/N  killed  max mult
     1  0.00   1.0000   32.00   1.00       0         1
     2  1.00   1.6525   13.63   0.43      13         5
     3  1.40   0.4525   22.41   0.70      10         3
     4  1.80   0.7101   18.64   0.58      10         3
     5  2.00   0.8184    9.45   0.30      16         7
  log Z = -0.8335   normalization check = 0.5819 (should be ~1)
  founders surviving: 7/32

[res] finished in 30.5 min -> /home/ubuntu/Vayuh/data/eric/S2S_ExtremeWeather/runs/aires/e25_h3_20240131/res/acal/res_result.json
[res] now reduce on the login node:
  PYTHONPATH=. python -m aires.run_aires --stage ds --event e25_h3_20240131
  PYTHONPATH=. python -m aires.run_aires --stage compare --event e25_h3_20240131 --tag acal
End: Wed Sep 30 07:42:45 UTC 2026
