Host: nucla3m-a3meganodeset-3
Start: Wed Aug 26 06:20:19 UTC 2026
GPU 0: NVIDIA H100 80GB HBM3 (UUID: GPU-3d728601-5a90-3332-b4f8-55a26b42a17b)
GPU 1: NVIDIA H100 80GB HBM3 (UUID: GPU-b189949f-6b30-1a6a-bf9e-a1f13b566ce4)
GPU 2: NVIDIA H100 80GB HBM3 (UUID: GPU-78950a76-0d22-aa22-2931-ff4e9e591bf6)
GPU 3: NVIDIA H100 80GB HBM3 (UUID: GPU-f545a6c6-519b-ded3-1d46-a56618ba791c)
GPU 4: NVIDIA H100 80GB HBM3 (UUID: GPU-5d3a37da-d139-e33f-6aa9-24142cd182f0)
GPU 5: NVIDIA H100 80GB HBM3 (UUID: GPU-140f8c08-c442-2c67-bf38-d0f0e31ef4ea)
GPU 6: NVIDIA H100 80GB HBM3 (UUID: GPU-6d85aa1f-f837-6673-e525-d8778183da70)
GPU 7: NVIDIA H100 80GB HBM3 (UUID: GPU-59e0f36c-c2c3-2bc1-c010-a6e20c827c65)
AI+RES: event=WinterStorm_Elliott_2022 tag=pilot backend=fcn3 shards=8
AI+RES pilot - WinterStorm_Elliott_2022  (init 2022-12-02, peak 2022-12-23, metric t2m_anom)
WinterStorm_Elliott_2022: primary box N Plains (43-49N, 106W-100W)
    The northern Plains core of the December 2022 arctic outbreak: -14.42 K week-mean over this box against a -2.73 K CONUS mean. COLD EVENT - the extreme tail of A_L is the NEGATIVE side (fcn3.fevents family='cold' -> tail_sign -1), and the box was scanned with that sign, i.e. it is the most NEGATIVE window, not the most positive. Elliott is a named STORM, not a named region, so the 'must lie inside the region the event is named for' half of the selection rule does not bind and the window is chosen unconstrained - unlike California, where the unconstrained maximum was rejected because it would have scored a different event than the box's own name. The scan's outright minimum is -14.64 K over 44-50 N, 107-101 W; this box is 0.22 K shallower and is preferred because it sits a full degree clear of the 50 N CONUS crop edge rather than flush against it - the outbreak's core continued north into the Canadian Prairies, so a box on the boundary would be reporting a clipped window's mean. Measured from the ERA5 truth on 2026-08-25, before any prep froze it.
  secondary: CONUS (24-50N, 125W-66W)

  N walkers        64
  score backend    fcn3   M = 6
  tail             LOW (cold event: clone the most negative A_L)
  C_k              0, 1, 1.4, 1.8, 2 at 3 d, 6 d, 9 d, 12 d, 15 d
  legs
    1: 0 -> 3 d, segments [1], C = 0
    2: 3 -> 6 d, segments [2], C = 1
    3: 6 -> 9 d, segments [3], C = 1.4
    4: 9 -> 12 d, segments [4], C = 1.8
    5: 12 -> 15 d, segments [5], C = 2
    6: 15 -> 21 d, segments [6, 7], carry to the horizon (no resampling)

  prerequisites
    walker init frames  OK   /home/ubuntu/Vayuh/data/eric/S2S_ExtremeWeather/runs/xres/0p25/week3/inputs/WinterStorm_Elliott_2022_inputs.nc
    derived calibration OK   /home/ubuntu/Vayuh/data/eric/S2S_ExtremeWeather/runs/aires/calib/derived_calib.nc
    xres reference cube OK   /home/ubuntu/Vayuh/data/eric/S2S_ExtremeWeather/runs/xres/0p25/week3/cache/WinterStorm_Elliott_2022_cube.nc   (physical check on the first segment; not required)

  cached            0/448 walker segments, 0/256 score cubes (0 states resident)

  budget            walk 2,688 GenCast steps ~38.8 GPU-h (~291 min over 8 GPUs)
                    score 64,512 FCN3 steps ~25.1 GPU-h (~188 min over 8 GPUs)
                    total ~63.9 H100-h, ~8.0 h wall on one node

  disk              states 92 GB peak (3 segments resident x 64 x 477 MB, --keep-states 2), diagnostics 16 GB, score cubes 3 GB
                    ~110 GB needed, 333 GB free

  configuration frozen at /home/ubuntu/Vayuh/data/eric/S2S_ExtremeWeather/runs/aires/WinterStorm_Elliott_2022/res/pilot/run.json

  READY: yes
--- res: Wed Aug 26 06:20:23 UTC 2026 ---
[res] WinterStorm_Elliott_2022 tag=pilot N=64 M=6 backend=fcn3 C=(0.0, 1.0, 1.4, 1.8, 2.0)
[res] host=nucla3m-a3meganodeset-3 shards=8 visible GPUs=8 seed=20260819
  [walk] leg 1: 64/64 segment(s) to roll (0 -> 3 d)
  [walk-leg01] attempt 1/3: 8 shard(s)
  [walk] leg 1: pool finished in 41.0 min
  [score] leg 1 (skipped(C=0)): theta over the box mean +2.461, sd 1.030
  [dmc] step 1: C=0.00 R=1.0000 ESS=64.0/64 killed=0 max_mult=1
  [walk] leg 2: 64/64 segment(s) to roll (3 -> 6 d)
  [walk-leg02] attempt 1/3: 8 shard(s)
  [walk] leg 2: pool finished in 38.8 min
  [score] leg 2: 64/64 forecast(s) to run (6 x 60 x 6 h from 6 d to the peak; 23,040 FCN3 steps)
  [score-leg02] attempt 1/3: 8 shard(s)
  [score] leg 2: pool finished in 71.2 min
  [score] leg 2 (fcn3): theta over the box mean -1.739, sd 4.002
  [dmc] step 2: C=1.00 R=1.7034 ESS=24.9/64 killed=25 max_mult=6
  [walk] pruned walker states at segments <= 1 (30.3 GB freed; --keep-states 2)
  [walk] leg 3: 64/64 segment(s) to roll (6 -> 9 d)
  [walk-leg03] attempt 1/3: 8 shard(s)
  [walk] leg 3: pool finished in 35.5 min
  [score] leg 3: 64/64 forecast(s) to run (6 x 48 x 6 h from 9 d to the peak; 18,432 FCN3 steps)
  [score-leg03] attempt 1/3: 8 shard(s)
  [score] leg 3: pool finished in 55.8 min
  [score] leg 3 (fcn3): theta over the box mean -3.961, sd 4.316
  [dmc] step 3: C=1.40 R=0.8339 ESS=18.4/64 killed=29 max_mult=8
  [walk] pruned walker states at segments <= 2 (30.3 GB freed; --keep-states 2)
  [walk] leg 4: 64/64 segment(s) to roll (9 -> 12 d)
  [walk-leg04] attempt 1/3: 8 shard(s)
  [walk] leg 4: pool finished in 34.6 min
  [score] leg 4: 64/64 forecast(s) to run (6 x 36 x 6 h from 12 d to the peak; 13,824 FCN3 steps)
  [score-leg04] attempt 1/3: 8 shard(s)
  [score] leg 4: pool finished in 43.2 min
  [score] leg 4 (fcn3): theta over the box mean -8.023, sd 4.939
  [dmc] step 4: C=1.80 R=0.6548 ESS=20.9/64 killed=29 max_mult=9
  [walk] pruned walker states at segments <= 3 (30.3 GB freed; --keep-states 2)
  [walk] leg 5: 64/64 segment(s) to roll (12 -> 15 d)
  [walk-leg05] attempt 1/3: 8 shard(s)
  [walk] leg 5: pool finished in 34.0 min
  [score] leg 5: 64/64 forecast(s) to run (6 x 24 x 6 h from 15 d to the peak; 9,216 FCN3 steps)
  [score-leg05] attempt 1/3: 8 shard(s)
  [score] leg 5: pool finished in 30.5 min
  [score] leg 5 (fcn3): theta over the box mean -10.836, sd 4.705
  [dmc] step 5: C=2.00 R=0.3366 ESS=37.7/64 killed=22 max_mult=3
  [walk] pruned walker states at segments <= 4 (30.3 GB freed; --keep-states 2)
  [walk] leg 6: 128/128 segment(s) to roll (15 -> 21 d)
  [walk-leg06] attempt 1/3: 8 shard(s)
  [walk] leg 6: pool finished in 59.9 min

  step   C_k      R_k     ESS  ESS/N  killed  max mult
     1  0.00   1.0000   64.00   1.00       0         1
     2  1.00   1.7034   24.94   0.39      25         6
     3  1.40   0.8339   18.35   0.29      29         8
     4  1.80   0.6548   20.94   0.33      29         9
     5  2.00   0.3366   37.65   0.59      22         3
  log Z = -1.1612   normalization check = 0.8108 (should be ~1)
  founders surviving: 14/64

[res] finished in 445.9 min -> /home/ubuntu/Vayuh/data/eric/S2S_ExtremeWeather/runs/aires/WinterStorm_Elliott_2022/res/pilot/res_result.json
[res] now reduce on the login node:
  PYTHONPATH=. python -m aires.run_aires --stage ds --event WinterStorm_Elliott_2022
  PYTHONPATH=. python -m aires.run_aires --stage compare --event WinterStorm_Elliott_2022 --tag pilot
End: Wed Aug 26 13:46:16 UTC 2026
Now, on the login node in moe:
  PYTHONPATH=. python -m aires.run_aires --stage ds --event WinterStorm_Elliott_2022
  PYTHONPATH=. python -m aires.run_aires --stage compare --event WinterStorm_Elliott_2022 --tag pilot
