[score] host=nucla3m-a3meganodeset-4 shard 7/8 arm=fed: ['PNW_HeatDome_2021@wk18', 'WinterStorm_Uri_2021@wk16']
[check] torch-harmonics DISCO CUDA extension: PRESENT -> FCN3 runs bf16
[score] calibration = aires.calibrate fit on 90 ERA5 frames
[model] loaded cache fcn3_model_2.11.0+cu128_th0.8.1_a305be3ecd79.pt in 7.0 s
[score] w07@3d: 1 member(s) x 492 x 6 h from 2021-02-25 00:00:00 -> peak 2021-06-28  (seed 1810000901, vars ['t2m', 'z500', 't50'])
[32m2026-08-28 01:13:21.484[0m | [1mINFO    [0m | [36mearth2studio.run[0m:[36mensemble[0m:[36m400[0m - [1mRunning ensemble inference![0m
[32m2026-08-28 01:13:21.484[0m | [1mINFO    [0m | [36mearth2studio.run[0m:[36mensemble[0m:[36m407[0m - [1mInference device: cuda[0m
[32m2026-08-28 01:13:27.299[0m | [32m[1mSUCCESS [0m | [36mearth2studio.run[0m:[36mensemble[0m:[36m428[0m - [32m[1mFetched data from GenCastICSource[0m
[32m2026-08-28 01:13:27.717[0m | [1mINFO    [0m | [36mearth2studio.run[0m:[36mensemble[0m:[36m472[0m - [1mStarting 1 Member Ensemble Inference with             1 number of batches.[0m
[32m2026-08-28 01:27:01.224[0m | [32m[1mSUCCESS [0m | [36mearth2studio.run[0m:[36mensemble[0m:[36m544[0m - [32m[1m
Inference complete[0m
[score] w07@3d: 819.7 s (1.67 s/step) -> w07_lead03_cube.nc (90 MB)
[score] w06@3d: 1 member(s) x 436 x 6 h from 2020-10-29 00:00:00 -> peak 2021-02-15  (seed 509883837, vars ['t2m', 'z500', 't50'])
[32m2026-08-28 01:58:24.805[0m | [1mINFO    [0m | [36mearth2studio.run[0m:[36mensemble[0m:[36m400[0m - [1mRunning ensemble inference![0m
[32m2026-08-28 01:58:24.805[0m | [1mINFO    [0m | [36mearth2studio.run[0m:[36mensemble[0m:[36m407[0m - [1mInference device: cuda[0m
[32m2026-08-28 01:58:26.379[0m | [32m[1mSUCCESS [0m | [36mearth2studio.run[0m:[36mensemble[0m:[36m428[0m - [32m[1mFetched data from GenCastICSource[0m
[32m2026-08-28 01:58:26.780[0m | [1mINFO    [0m | [36mearth2studio.run[0m:[36mensemble[0m:[36m472[0m - [1mStarting 1 Member Ensemble Inference with             1 number of batches.[0m
[32m2026-08-28 02:08:36.651[0m | [32m[1mSUCCESS [0m | [36mearth2studio.run[0m:[36mensemble[0m:[36m544[0m - [32m[1m
Inference complete[0m
[score] w06@3d: 611.8 s (1.40 s/step) -> w06_lead03_cube.nc (80 MB)
