[walk] host=nucla3m-a3meganodeset-4 shard 6/8: walkers [6, 14]
[walk] 7 segments x 6 steps to lead 21 d, base seed 20260101
  [walker] w06 step1: 6 x 12 h from 2021-06-07 00:00:00
[model] serial infer on 1 device(s); ensemble=1 (1 sample(s), one at a time). task pressure levels: 13
[walk] model loaded in 17 s
  [walker] grid-node channels: inputs 176 + targets 504 + forcings 24; 6 step(s) from 2021-06-07 00:00:00
/home/ubuntu/Vayuh/data/eric/S2S_ExtremeWeather/third_party/graphcast/graphcast/rollout.py:328: FutureWarning: The return type of `Dataset.dims` will be changed to return a set of dimension names in future, in order to be more consistent with `DataArray.dims`. To access a mapping from dimension names to lengths, please use `Dataset.sizes`.
  num_target_steps = targets_template.dims["time"]
/home/ubuntu/miniconda3/envs/moe/lib/python3.12/site-packages/scipy/sparse/_index.py:210: SparseEfficiencyWarning: Changing the sparsity structure of a csr_matrix is expensive. lil and dok are more efficient.
  self._set_arrayXarray(i, j, x)
/home/ubuntu/miniconda3/envs/moe/lib/python3.12/site-packages/scipy/sparse/_index.py:210: SparseEfficiencyWarning: Changing the sparsity structure of a csr_matrix is expensive. lil and dok are more efficient.
  self._set_arrayXarray(i, j, x)
/home/ubuntu/miniconda3/envs/moe/lib/python3.12/site-packages/jax/_src/compiler.py:833: UserWarning: Error writing persistent compilation cache entry for 'jit_apply_fn': JaxRuntimeError: RESOURCE_EXHAUSTED: Failed to serialize message of type xla.gpu.GpuExecutableProto because its size must be smaller than 2GiB: 3100893479; at byte 0; at uncompressed byte 0; at byte 2642
	failed to serialize the rest of the fields in GpuExecutableProto split proto (all fields except asm_text, binary, dnn_compiled_graphs, and constants)
  warnings.warn(
/home/ubuntu/Vayuh/data/eric/S2S_ExtremeWeather/third_party/graphcast/graphcast/rollout.py:435: FutureWarning: The return type of `Dataset.dims` will be changed to return a set of dimension names in future, in order to be more consistent with `DataArray.dims`. To access a mapping from dimension names to lengths, please use `Dataset.sizes`.
  num_inputs = prev_inputs.dims["time"]
/home/ubuntu/Vayuh/data/eric/S2S_ExtremeWeather/third_party/graphcast/graphcast/rollout.py:437: FutureWarning: In a future version of xarray the default value for compat will change from compat='equals' to compat='override'. This change will result in the following ValueError: Cannot specify both data_vars='different' and compat='override'. The recommendation is to set compat explicitly for this case.
  xarray.concat(
  [walker w06 s1] step 1/6  valid 2021-06-07 12:00:00
  [walker w06 s1] step 2/6  valid 2021-06-08 00:00:00
  [walker w06 s1] step 3/6  valid 2021-06-08 12:00:00
  [walker w06 s1] step 4/6  valid 2021-06-09 00:00:00
  [walker w06 s1] step 5/6  valid 2021-06-09 12:00:00
  [walker w06 s1] step 6/6  valid 2021-06-10 00:00:00
  [walker] wrote /home/ubuntu/Vayuh/data/eric/S2S_ExtremeWeather/runs/aires/PNW_HeatDome_2021/walkers/w06/step01/state.nc (501 MB), valid 2021-06-10 00:00:00
  [walker] wrote /home/ubuntu/Vayuh/data/eric/S2S_ExtremeWeather/runs/aires/PNW_HeatDome_2021/walkers/w06/step01/diag.nc (36 MB, 6 steps)
[walk] physical check w06 step1 @ 2021-06-10 00:00:00: CONUS-mean T2m 286.90 K vs xres 298.56 +- 0.162 K over 24 members (72.0 sd)
Traceback (most recent call last):
  File "<frozen runpy>", line 198, in _run_module_as_main
  File "<frozen runpy>", line 88, in _run_code
  File "/home/ubuntu/Vayuh/data/eric/S2S_ExtremeWeather/aires/gate3.py", line 774, in <module>
    sys.exit(main())
             ^^^^^^
  File "/home/ubuntu/Vayuh/data/eric/S2S_ExtremeWeather/aires/gate3.py", line 767, in main
    return stage_walk(ev, a.walkers, a.shard, a.nshards,
           ^^^^^^^^^^^^^^^^^^^^^^^^^^^^^^^^^^^^^^^^^^^^^
  File "/home/ubuntu/Vayuh/data/eric/S2S_ExtremeWeather/aires/gate3.py", line 351, in stage_walk
    check_against_reference(ev, w, k)
  File "/home/ubuntu/Vayuh/data/eric/S2S_ExtremeWeather/aires/gate3.py", line 183, in check_against_reference
    raise RuntimeError(
RuntimeError: w06 step1: CONUS-mean T2m is 286.90 K at 2021-06-10 00:00:00, but the cached xres ensemble from the SAME checkpoint and init gives 298.56 +- 0.162 K (11.65 K = 72 sd away, tolerance 2.00 K).
The walker is not sampling the same distribution as the reference ensemble. The first thing to check is which checkpoint was loaded: 'GenCast 0p25deg <2019.npz' was requested (gencast_s2s.config.model_cfg ignores `res` when choosing it).
