Host: nucla3m-a3meganodeset-3
Start: Tue Aug 25 21:31:29 UTC 2026
GPU 0: NVIDIA H100 80GB HBM3 (UUID: GPU-3d728601-5a90-3332-b4f8-55a26b42a17b)
GPU 1: NVIDIA H100 80GB HBM3 (UUID: GPU-b189949f-6b30-1a6a-bf9e-a1f13b566ce4)
GPU 2: NVIDIA H100 80GB HBM3 (UUID: GPU-78950a76-0d22-aa22-2931-ff4e9e591bf6)
GPU 3: NVIDIA H100 80GB HBM3 (UUID: GPU-f545a6c6-519b-ded3-1d46-a56618ba791c)
GPU 4: NVIDIA H100 80GB HBM3 (UUID: GPU-5d3a37da-d139-e33f-6aa9-24142cd182f0)
GPU 5: NVIDIA H100 80GB HBM3 (UUID: GPU-140f8c08-c442-2c67-bf38-d0f0e31ef4ea)
GPU 6: NVIDIA H100 80GB HBM3 (UUID: GPU-6d85aa1f-f837-6673-e525-d8778183da70)
GPU 7: NVIDIA H100 80GB HBM3 (UUID: GPU-59e0f36c-c2c3-2bc1-c010-a6e20c827c65)
AI+RES: event=p90_20251224 tag=pilot backend=fcn3 shards=8
AI+RES pilot - p90_20251224  (init 2025-12-03, peak 2025-12-24, metric t2m_anom)
p90_20251224: primary box CONUS (24-50N, 125W-66W)
    the whole verification window; what Gate 2 used

  N walkers        64
  score backend    fcn3   M = 6
  tail             HIGH (clone the largest A_L)
  C_k              0, 1, 1.4, 1.8, 2 at 3 d, 6 d, 9 d, 12 d, 15 d
  legs
    1: 0 -> 3 d, segments [1], C = 0
    2: 3 -> 6 d, segments [2], C = 1
    3: 6 -> 9 d, segments [3], C = 1.4
    4: 9 -> 12 d, segments [4], C = 1.8
    5: 12 -> 15 d, segments [5], C = 2
    6: 15 -> 21 d, segments [6, 7], carry to the horizon (no resampling)

  prerequisites
    walker init frames  OK   /home/ubuntu/Vayuh/data/eric/S2S_ExtremeWeather/runs/xres/0p25/week3/inputs/p90_20251224_inputs.nc
    derived calibration OK   /home/ubuntu/Vayuh/data/eric/S2S_ExtremeWeather/runs/aires/calib/derived_calib.nc
    xres reference cube OK   /home/ubuntu/Vayuh/data/eric/S2S_ExtremeWeather/runs/xres/0p25/week3/cache/p90_20251224_cube.nc   (physical check on the first segment; not required)

  cached            0/448 walker segments, 0/256 score cubes (0 states resident)

  budget            walk 2,688 GenCast steps ~38.8 GPU-h (~291 min over 8 GPUs)
                    score 64,512 FCN3 steps ~25.1 GPU-h (~188 min over 8 GPUs)
                    total ~63.9 H100-h, ~8.0 h wall on one node

  disk              states 92 GB peak (3 segments resident x 64 x 477 MB, --keep-states 2), diagnostics 16 GB, score cubes 3 GB
                    ~110 GB needed, 485 GB free

  configuration frozen at /home/ubuntu/Vayuh/data/eric/S2S_ExtremeWeather/runs/aires/p90_20251224/res/pilot/run.json

  READY: yes
--- res: Tue Aug 25 21:31:34 UTC 2026 ---
[res] p90_20251224 tag=pilot N=64 M=6 backend=fcn3 C=(0.0, 1.0, 1.4, 1.8, 2.0)
[res] host=nucla3m-a3meganodeset-3 shards=8 visible GPUs=8 seed=20260819
  [walk] leg 1: 64/64 segment(s) to roll (0 -> 3 d)
  [walk-leg01] attempt 1/3: 8 shard(s)
  [walk] leg 1: pool finished in 52.4 min
  [score] leg 1 (skipped(C=0)): theta over the box mean -0.416, sd 0.282
  [dmc] step 1: C=0.00 R=1.0000 ESS=64.0/64 killed=0 max_mult=1
  [walk] leg 2: 64/64 segment(s) to roll (3 -> 6 d)
  [walk-leg02] attempt 1/3: 8 shard(s)
  [walk] leg 2: pool finished in 40.3 min
  [score] leg 2: 64/64 forecast(s) to run (6 x 60 x 6 h from 6 d to the peak; 23,040 FCN3 steps)
  [score-leg02] attempt 1/3: 8 shard(s)
  [score] leg 2: pool finished in 71.1 min
  [score] leg 2 (fcn3): theta over the box mean +0.623, sd 1.282
  [dmc] step 2: C=1.00 R=1.7401 ESS=20.3/64 killed=27 max_mult=9
  [walk] pruned walker states at segments <= 1 (30.3 GB freed; --keep-states 2)
  [walk] leg 3: 64/64 segment(s) to roll (6 -> 9 d)
  [walk-leg03] attempt 1/3: 8 shard(s)
