Host: nucla3m-a3meganodeset-7
Start: Fri Sep 25 19:07:25 UTC 2026
GPU 0: NVIDIA H100 80GB HBM3 (UUID: GPU-8239af55-32c6-f77d-cba7-4dde5e05fb32)
GPU 1: NVIDIA H100 80GB HBM3 (UUID: GPU-1d59d226-ddaf-9d96-827d-2a6f81e6e961)
GPU 2: NVIDIA H100 80GB HBM3 (UUID: GPU-bf8d9536-bcda-548f-7391-98e460c69ed8)
GPU 3: NVIDIA H100 80GB HBM3 (UUID: GPU-a3a2deee-f4c8-c606-b560-14f876c0f2fb)
GPU 4: NVIDIA H100 80GB HBM3 (UUID: GPU-7a47e13f-c947-c2cf-3e9a-0035b409ba32)
GPU 5: NVIDIA H100 80GB HBM3 (UUID: GPU-203d32c7-12c9-1f17-a1d5-b285f4d93938)
GPU 6: NVIDIA H100 80GB HBM3 (UUID: GPU-6b8c7459-cf6e-7723-01ea-97b5f0d98b04)
GPU 7: NVIDIA H100 80GB HBM3 (UUID: GPU-a06126a7-bfce-4524-c2cb-b164764c98f7)
AI+RES: event=HurricaneIan_2022 tag=pilot score=default backend=fcn3 shards=8
AI+RES pilot - HurricaneIan_2022  (init 2022-09-07, peak 2022-09-28, metric tc_index)
HurricaneIan_2022: primary box SW Florida (24-30N, 84W-76W)
    Cayo Costa landfall (26.7 N, 82.3 W) plus the approach and the Atlantic exit. AI+RES scores it on the TC index (aires.tcindex: box-min MSLP + box-max |U850|, peaked over the week); the head-to-head's registered metric stays u850_speed.
  secondary: CONUS (24-50N, 125W-66W)

  N walkers        64
  score backend    fcn3   M = 6
  tail             HIGH (clone the largest A_L)
  C_k              0, 1, 1.4, 1.8, 2 at 3 d, 6 d, 9 d, 12 d, 15 d
  legs
    1: 0 -> 3 d, segments [1], C = 0
    2: 3 -> 6 d, segments [2], C = 1
    3: 6 -> 9 d, segments [3], C = 1.4
    4: 9 -> 12 d, segments [4], C = 1.8
    5: 12 -> 15 d, segments [5], C = 2
    6: 15 -> 21 d, segments [6, 7], carry to the horizon (no resampling)

  prerequisites
    walker init frames  OK   /home/ubuntu/Vayuh/data/eric/S2S_ExtremeWeather/runs/xres/0p25/week3/inputs/HurricaneIan_2022_inputs.nc
    derived calibration OK   /home/ubuntu/Vayuh/data/eric/S2S_ExtremeWeather/runs/aires/calib/derived_calib.nc
    xres reference cube OK   /home/ubuntu/Vayuh/data/eric/S2S_ExtremeWeather/runs/xres/0p25/week3/cache/HurricaneIan_2022_cube.nc   (physical check on the first segment; not required)

  cached            0/448 walker segments, 0/256 score cubes (0 states resident)

  budget            walk 2,688 GenCast steps ~38.8 GPU-h (~291 min over 8 GPUs)
                    score 64,512 FCN3 steps ~25.1 GPU-h (~188 min over 8 GPUs)
                    total ~63.9 H100-h, ~8.0 h wall on one node

  disk              states 92 GB peak (3 segments resident x 64 x 477 MB, --keep-states 2), diagnostics 16 GB, score cubes 3 GB
                    ~110 GB needed, 390 GB free

  configuration frozen at /home/ubuntu/Vayuh/data/eric/S2S_ExtremeWeather/runs/aires/HurricaneIan_2022/res/pilot/run.json

  READY: yes
--- res: Fri Sep 25 19:07:29 UTC 2026 ---
[res] HurricaneIan_2022 tag=pilot N=64 M=6 backend=fcn3 C=(0.0, 1.0, 1.4, 1.8, 2.0)
[res] host=nucla3m-a3meganodeset-7 shards=8 visible GPUs=8 seed=20260819
  [walk] leg 1: 64/64 segment(s) to roll (0 -> 3 d)
  [walk-leg01] attempt 1/3: 8 shard(s)
