[check] torch-harmonics DISCO CUDA extension: PRESENT -> FCN3 runs bf16
[infer] host=nucla3m-a3meganodeset-4 shard=7/8: members 21..23 of 24; device=cuda
[model] loaded cache fcn3_model_2.11.0+cu128_th0.8.1_a305be3ecd79.pt in 11.1 s
[infer] null_20241121: rolling 3 member(s) x 84 steps from the ADAPTER IC (init 2024-10-31T00:00:00, vars=['t2m'], seed=8340) ...
[32m2026-08-20 00:46:13.360[0m | [1mINFO    [0m | [36mearth2studio.run[0m:[36mensemble[0m:[36m400[0m - [1mRunning ensemble inference![0m
[32m2026-08-20 00:46:13.360[0m | [1mINFO    [0m | [36mearth2studio.run[0m:[36mensemble[0m:[36m407[0m - [1mInference device: cuda[0m
[32m2026-08-20 00:46:19.495[0m | [32m[1mSUCCESS [0m | [36mearth2studio.run[0m:[36mensemble[0m:[36m428[0m - [32m[1mFetched data from LocalIC[0m
[32m2026-08-20 00:46:19.907[0m | [1mINFO    [0m | [36mearth2studio.run[0m:[36mensemble[0m:[36m472[0m - [1mStarting 3 Member Ensemble Inference with             3 number of batches.[0m


Total Ensemble Batches:   0%|          | 0/3 [00:00<?, ?it/s][A[A
Running batch 0 inference:   0%|          | 0/85 [00:00<?, ?it/s][A
Running batch 0 inference:   1%|          | 1/85 [00:00<00:45,  1.85it/s][A
                                                                         [ATotal Ensemble Batches:   0%|          | 0/3 [00:14<?, ?it/s]
Traceback (most recent call last):
  File "<frozen runpy>", line 198, in _run_module_as_main
  File "<frozen runpy>", line 88, in _run_code
  File "/home/ubuntu/Vayuh/data/eric/S2S_ExtremeWeather/aires/gate2.py", line 629, in <module>
    sys.exit(main())
             ^^^^^^
  File "/home/ubuntu/Vayuh/data/eric/S2S_ExtremeWeather/aires/gate2.py", line 622, in main
    return stage_infer(ev, a.shard, a.nshards, a.members, a.batch_size, a.keep_zarr)
           ^^^^^^^^^^^^^^^^^^^^^^^^^^^^^^^^^^^^^^^^^^^^^^^^^^^^^^^^^^^^^^^^^^^^^^^^^
  File "/home/ubuntu/Vayuh/data/eric/S2S_ExtremeWeather/aires/gate2.py", line 315, in stage_infer
    io = ensemble([ev.init.strftime("%Y-%m-%dT%H:%M:%S")], F.NSTEPS, count, model, data,
         ^^^^^^^^^^^^^^^^^^^^^^^^^^^^^^^^^^^^^^^^^^^^^^^^^^^^^^^^^^^^^^^^^^^^^^^^^^^^^^^
  File "/home/ubuntu/miniconda3/envs/fcn3/lib/python3.11/site-packages/earth2studio/run.py", line 521, in ensemble
    for local_step, (x, coords) in enumerate(model):
  File "/home/ubuntu/miniconda3/envs/fcn3/lib/python3.11/site-packages/earth2studio/models/px/fcn3.py", line 462, in create_iterator
    yield from self._default_generator(x, coords)
  File "/home/ubuntu/miniconda3/envs/fcn3/lib/python3.11/site-packages/earth2studio/models/batch.py", line 269, in _wrapper
    response = gen.send(request)
               ^^^^^^^^^^^^^^^^^
  File "/home/ubuntu/miniconda3/envs/fcn3/lib/python3.11/site-packages/earth2studio/models/px/fcn3.py", line 438, in _default_generator
    x, coords = self._forward(x, coords)
                ^^^^^^^^^^^^^^^^^^^^^^^^
  File "/home/ubuntu/miniconda3/envs/fcn3/lib/python3.11/site-packages/torch/utils/_contextlib.py", line 124, in decorate_context
    return func(*args, **kwargs)
           ^^^^^^^^^^^^^^^^^^^^^
  File "/home/ubuntu/miniconda3/envs/fcn3/lib/python3.11/site-packages/earth2studio/models/px/fcn3.py", line 388, in _forward
    x[j, i : i + 1] = self.model(
                      ^^^^^^^^^^^
  File "/home/ubuntu/miniconda3/envs/fcn3/lib/python3.11/site-packages/torch/nn/modules/module.py", line 1779, in _wrapped_call_impl
    return self._call_impl(*args, **kwargs)
           ^^^^^^^^^^^^^^^^^^^^^^^^^^^^^^^^
  File "/home/ubuntu/miniconda3/envs/fcn3/lib/python3.11/site-packages/torch/nn/modules/module.py", line 1790, in _call_impl
    return forward_call(*args, **kwargs)
           ^^^^^^^^^^^^^^^^^^^^^^^^^^^^^
  File "/home/ubuntu/miniconda3/envs/fcn3/lib/python3.11/site-packages/makani/models/model_package.py", line 167, in forward
    out = self.model(x, replace_state=replace_state)
          ^^^^^^^^^^^^^^^^^^^^^^^^^^^^^^^^^^^^^^^^^^
  File "/home/ubuntu/miniconda3/envs/fcn3/lib/python3.11/site-packages/torch/nn/modules/module.py", line 1779, in _wrapped_call_impl
    return self._call_impl(*args, **kwargs)
           ^^^^^^^^^^^^^^^^^^^^^^^^^^^^^^^^
  File "/home/ubuntu/miniconda3/envs/fcn3/lib/python3.11/site-packages/torch/nn/modules/module.py", line 1790, in _call_impl
    return forward_call(*args, **kwargs)
           ^^^^^^^^^^^^^^^^^^^^^^^^^^^^^
  File "/home/ubuntu/miniconda3/envs/fcn3/lib/python3.11/site-packages/makani/models/stepper.py", line 44, in forward
    yn = self.model(inpans)
         ^^^^^^^^^^^^^^^^^^
  File "/home/ubuntu/miniconda3/envs/fcn3/lib/python3.11/site-packages/torch/nn/modules/module.py", line 1779, in _wrapped_call_impl
    return self._call_impl(*args, **kwargs)
           ^^^^^^^^^^^^^^^^^^^^^^^^^^^^^^^^
  File "/home/ubuntu/miniconda3/envs/fcn3/lib/python3.11/site-packages/torch/nn/modules/module.py", line 1790, in _call_impl
    return forward_call(*args, **kwargs)
           ^^^^^^^^^^^^^^^^^^^^^^^^^^^^^
  File "/home/ubuntu/miniconda3/envs/fcn3/lib/python3.11/site-packages/makani/models/networks/fourcastnet3.py", line 857, in forward
    x = self.decode(x)
        ^^^^^^^^^^^^^^
  File "/home/ubuntu/miniconda3/envs/fcn3/lib/python3.11/site-packages/makani/models/networks/fourcastnet3.py", line 796, in decode
    x_atmo = self.atmo_decoder(x_atmo)
             ^^^^^^^^^^^^^^^^^^^^^^^^^
  File "/home/ubuntu/miniconda3/envs/fcn3/lib/python3.11/site-packages/torch/nn/modules/module.py", line 1779, in _wrapped_call_impl
    return self._call_impl(*args, **kwargs)
           ^^^^^^^^^^^^^^^^^^^^^^^^^^^^^^^^
  File "/home/ubuntu/miniconda3/envs/fcn3/lib/python3.11/site-packages/torch/nn/modules/module.py", line 1790, in _call_impl
    return forward_call(*args, **kwargs)
           ^^^^^^^^^^^^^^^^^^^^^^^^^^^^^
  File "/home/ubuntu/miniconda3/envs/fcn3/lib/python3.11/site-packages/makani/models/networks/fourcastnet3.py", line 227, in forward
    x = self.conv(x)
        ^^^^^^^^^^^^
  File "/home/ubuntu/miniconda3/envs/fcn3/lib/python3.11/site-packages/torch/nn/modules/module.py", line 1779, in _wrapped_call_impl
    return self._call_impl(*args, **kwargs)
           ^^^^^^^^^^^^^^^^^^^^^^^^^^^^^^^^
  File "/home/ubuntu/miniconda3/envs/fcn3/lib/python3.11/site-packages/torch/nn/modules/module.py", line 1790, in _call_impl
    return forward_call(*args, **kwargs)
           ^^^^^^^^^^^^^^^^^^^^^^^^^^^^^
  File "/home/ubuntu/miniconda3/envs/fcn3/lib/python3.11/site-packages/torch_harmonics/disco/convolution.py", line 518, in forward
    out = torch.einsum("bgckxy,gock->bgoxy", x, self.weight.reshape(self.groups, -1, self.weight.shape[1], self.weight.shape[2])).contiguous()
          ^^^^^^^^^^^^^^^^^^^^^^^^^^^^^^^^^^^^^^^^^^^^^^^^^^^^^^^^^^^^^^^^^^^^^^^^^^^^^^^^^^^^^^^^^^^^^^^^^^^^^^^^^^^^^^^^^^^^^^^
  File "/home/ubuntu/miniconda3/envs/fcn3/lib/python3.11/site-packages/torch/functional.py", line 373, in einsum
    return _VF.einsum(equation, operands)  # type: ignore[attr-defined]
           ^^^^^^^^^^^^^^^^^^^^^^^^^^^^^^
torch.OutOfMemoryError: CUDA out of memory. Tried to allocate 20.37 GiB. GPU 0 has a total capacity of 79.18 GiB of which 11.11 GiB is free. Including non-PyTorch memory, this process has 29.68 GiB memory in use. Process 2290907 has 38.38 GiB memory in use. Of the allocated memory 28.68 GiB is allocated by PyTorch, and 322.43 MiB is reserved by PyTorch but unallocated. If reserved but unallocated memory is large try setting PYTORCH_CUDA_ALLOC_CONF=expandable_segments:True to avoid fragmentation.  See documentation for Memory Management  (https://docs.pytorch.org/docs/stable/notes/cuda.html#optimizing-memory-usage-with-pytorch-cuda-alloc-conf)
