[walk] host=nucla3m-a3meganodeset-6 shard 5/8: walkers [5, 13]
[walk] 7 segments x 6 steps to lead 21 d, base seed 20260101
  [walker] w05 step1: 6 x 12 h from 2023-06-06 00:00:00
  [walker] loading 'GenCast 0p25deg <2019.npz' (0.25 deg)
[model] serial infer on 1 device(s); ensemble=1 (1 sample(s), one at a time). task pressure levels: 13
  [walker] model loaded in 24 s
  [walker] grid-node channels: inputs 176 + targets 504 + forcings 24; 6 step(s) from 2023-06-06 00:00:00
/home/ubuntu/Vayuh/data/eric/S2S_ExtremeWeather/third_party/graphcast/graphcast/rollout.py:328: FutureWarning: The return type of `Dataset.dims` will be changed to return a set of dimension names in future, in order to be more consistent with `DataArray.dims`. To access a mapping from dimension names to lengths, please use `Dataset.sizes`.
  num_target_steps = targets_template.dims["time"]
/home/ubuntu/miniconda3/envs/moe/lib/python3.12/site-packages/scipy/sparse/_index.py:210: SparseEfficiencyWarning: Changing the sparsity structure of a csr_matrix is expensive. lil and dok are more efficient.
  self._set_arrayXarray(i, j, x)
/home/ubuntu/miniconda3/envs/moe/lib/python3.12/site-packages/scipy/sparse/_index.py:210: SparseEfficiencyWarning: Changing the sparsity structure of a csr_matrix is expensive. lil and dok are more efficient.
  self._set_arrayXarray(i, j, x)
/home/ubuntu/miniconda3/envs/moe/lib/python3.12/site-packages/jax/_src/compiler.py:833: UserWarning: Error writing persistent compilation cache entry for 'jit_apply_fn': JaxRuntimeError: RESOURCE_EXHAUSTED: Failed to serialize message of type xla.gpu.GpuExecutableProto because its size must be smaller than 2GiB: 4171376044; at byte 0; at uncompressed byte 0; at byte 2909
	failed to serialize the rest of the fields in GpuExecutableProto split proto (all fields except asm_text, binary, dnn_compiled_graphs, and constants)
  warnings.warn(
/home/ubuntu/Vayuh/data/eric/S2S_ExtremeWeather/third_party/graphcast/graphcast/rollout.py:435: FutureWarning: The return type of `Dataset.dims` will be changed to return a set of dimension names in future, in order to be more consistent with `DataArray.dims`. To access a mapping from dimension names to lengths, please use `Dataset.sizes`.
  num_inputs = prev_inputs.dims["time"]
/home/ubuntu/Vayuh/data/eric/S2S_ExtremeWeather/third_party/graphcast/graphcast/rollout.py:437: FutureWarning: In a future version of xarray the default value for compat will change from compat='equals' to compat='override'. This change will result in the following ValueError: Cannot specify both data_vars='different' and compat='override'. The recommendation is to set compat explicitly for this case.
  xarray.concat(
  [walker w05 s1] step 1/6  valid 2023-06-06 12:00:00
  [walker w05 s1] step 2/6  valid 2023-06-07 00:00:00
  [walker w05 s1] step 3/6  valid 2023-06-07 12:00:00
  [walker w05 s1] step 4/6  valid 2023-06-08 00:00:00
  [walker w05 s1] step 5/6  valid 2023-06-08 12:00:00
  [walker w05 s1] step 6/6  valid 2023-06-09 00:00:00
  [walker] wrote /home/ubuntu/Vayuh/data/eric/S2S_ExtremeWeather/runs/aires/SCentral_HeatDome_2023/walkers/w05/step01/state.nc (473 MB), valid 2023-06-09 00:00:00
  [walker] wrote /home/ubuntu/Vayuh/data/eric/S2S_ExtremeWeather/runs/aires/SCentral_HeatDome_2023/walkers/w05/step01/diag.nc (35 MB, 6 steps)
[walk] no xres reference cube at /home/ubuntu/Vayuh/data/eric/S2S_ExtremeWeather/runs/xres/0p25/week3/cache/SCentral_HeatDome_2023_cube.nc; skipping the physical check
  [walker] w05 step2: 6 x 12 h from 2023-06-09 00:00:00
  [walker] grid-node channels: inputs 176 + targets 504 + forcings 24; 6 step(s) from 2023-06-09 00:00:00
/home/ubuntu/Vayuh/data/eric/S2S_ExtremeWeather/third_party/graphcast/graphcast/rollout.py:328: FutureWarning: The return type of `Dataset.dims` will be changed to return a set of dimension names in future, in order to be more consistent with `DataArray.dims`. To access a mapping from dimension names to lengths, please use `Dataset.sizes`.
  num_target_steps = targets_template.dims["time"]
/home/ubuntu/Vayuh/data/eric/S2S_ExtremeWeather/third_party/graphcast/graphcast/rollout.py:435: FutureWarning: The return type of `Dataset.dims` will be changed to return a set of dimension names in future, in order to be more consistent with `DataArray.dims`. To access a mapping from dimension names to lengths, please use `Dataset.sizes`.
  num_inputs = prev_inputs.dims["time"]
/home/ubuntu/Vayuh/data/eric/S2S_ExtremeWeather/third_party/graphcast/graphcast/rollout.py:437: FutureWarning: In a future version of xarray the default value for compat will change from compat='equals' to compat='override'. This change will result in the following ValueError: Cannot specify both data_vars='different' and compat='override'. The recommendation is to set compat explicitly for this case.
  xarray.concat(
  [walker w05 s2] step 1/6  valid 2023-06-09 12:00:00
  [walker w05 s2] step 2/6  valid 2023-06-10 00:00:00
  [walker w05 s2] step 3/6  valid 2023-06-10 12:00:00
  [walker w05 s2] step 4/6  valid 2023-06-11 00:00:00
  [walker w05 s2] step 5/6  valid 2023-06-11 12:00:00
  [walker w05 s2] step 6/6  valid 2023-06-12 00:00:00
  [walker] wrote /home/ubuntu/Vayuh/data/eric/S2S_ExtremeWeather/runs/aires/SCentral_HeatDome_2023/walkers/w05/step02/state.nc (473 MB), valid 2023-06-12 00:00:00
  [walker] wrote /home/ubuntu/Vayuh/data/eric/S2S_ExtremeWeather/runs/aires/SCentral_HeatDome_2023/walkers/w05/step02/diag.nc (35 MB, 6 steps)
  [walker] w05 step3: 6 x 12 h from 2023-06-12 00:00:00
  [walker] grid-node channels: inputs 176 + targets 504 + forcings 24; 6 step(s) from 2023-06-12 00:00:00
/home/ubuntu/Vayuh/data/eric/S2S_ExtremeWeather/third_party/graphcast/graphcast/rollout.py:328: FutureWarning: The return type of `Dataset.dims` will be changed to return a set of dimension names in future, in order to be more consistent with `DataArray.dims`. To access a mapping from dimension names to lengths, please use `Dataset.sizes`.
  num_target_steps = targets_template.dims["time"]
/home/ubuntu/Vayuh/data/eric/S2S_ExtremeWeather/third_party/graphcast/graphcast/rollout.py:435: FutureWarning: The return type of `Dataset.dims` will be changed to return a set of dimension names in future, in order to be more consistent with `DataArray.dims`. To access a mapping from dimension names to lengths, please use `Dataset.sizes`.
  num_inputs = prev_inputs.dims["time"]
/home/ubuntu/Vayuh/data/eric/S2S_ExtremeWeather/third_party/graphcast/graphcast/rollout.py:437: FutureWarning: In a future version of xarray the default value for compat will change from compat='equals' to compat='override'. This change will result in the following ValueError: Cannot specify both data_vars='different' and compat='override'. The recommendation is to set compat explicitly for this case.
  xarray.concat(
  [walker w05 s3] step 1/6  valid 2023-06-12 12:00:00
  [walker w05 s3] step 2/6  valid 2023-06-13 00:00:00
  [walker w05 s3] step 3/6  valid 2023-06-13 12:00:00
  [walker w05 s3] step 4/6  valid 2023-06-14 00:00:00
  [walker w05 s3] step 5/6  valid 2023-06-14 12:00:00
  [walker w05 s3] step 6/6  valid 2023-06-15 00:00:00
  [walker] wrote /home/ubuntu/Vayuh/data/eric/S2S_ExtremeWeather/runs/aires/SCentral_HeatDome_2023/walkers/w05/step03/state.nc (474 MB), valid 2023-06-15 00:00:00
  [walker] wrote /home/ubuntu/Vayuh/data/eric/S2S_ExtremeWeather/runs/aires/SCentral_HeatDome_2023/walkers/w05/step03/diag.nc (35 MB, 6 steps)
  [walker] w05 step4: 6 x 12 h from 2023-06-15 00:00:00
  [walker] grid-node channels: inputs 176 + targets 504 + forcings 24; 6 step(s) from 2023-06-15 00:00:00
/home/ubuntu/Vayuh/data/eric/S2S_ExtremeWeather/third_party/graphcast/graphcast/rollout.py:328: FutureWarning: The return type of `Dataset.dims` will be changed to return a set of dimension names in future, in order to be more consistent with `DataArray.dims`. To access a mapping from dimension names to lengths, please use `Dataset.sizes`.
  num_target_steps = targets_template.dims["time"]
/home/ubuntu/Vayuh/data/eric/S2S_ExtremeWeather/third_party/graphcast/graphcast/rollout.py:435: FutureWarning: The return type of `Dataset.dims` will be changed to return a set of dimension names in future, in order to be more consistent with `DataArray.dims`. To access a mapping from dimension names to lengths, please use `Dataset.sizes`.
  num_inputs = prev_inputs.dims["time"]
/home/ubuntu/Vayuh/data/eric/S2S_ExtremeWeather/third_party/graphcast/graphcast/rollout.py:437: FutureWarning: In a future version of xarray the default value for compat will change from compat='equals' to compat='override'. This change will result in the following ValueError: Cannot specify both data_vars='different' and compat='override'. The recommendation is to set compat explicitly for this case.
  xarray.concat(
  [walker w05 s4] step 1/6  valid 2023-06-15 12:00:00
  [walker w05 s4] step 2/6  valid 2023-06-16 00:00:00
  [walker w05 s4] step 3/6  valid 2023-06-16 12:00:00
  [walker w05 s4] step 4/6  valid 2023-06-17 00:00:00
  [walker w05 s4] step 5/6  valid 2023-06-17 12:00:00
  [walker w05 s4] step 6/6  valid 2023-06-18 00:00:00
  [walker] wrote /home/ubuntu/Vayuh/data/eric/S2S_ExtremeWeather/runs/aires/SCentral_HeatDome_2023/walkers/w05/step04/state.nc (474 MB), valid 2023-06-18 00:00:00
  [walker] wrote /home/ubuntu/Vayuh/data/eric/S2S_ExtremeWeather/runs/aires/SCentral_HeatDome_2023/walkers/w05/step04/diag.nc (35 MB, 6 steps)
  [walker] w05 step5: 6 x 12 h from 2023-06-18 00:00:00
  [walker] grid-node channels: inputs 176 + targets 504 + forcings 24; 6 step(s) from 2023-06-18 00:00:00
/home/ubuntu/Vayuh/data/eric/S2S_ExtremeWeather/third_party/graphcast/graphcast/rollout.py:328: FutureWarning: The return type of `Dataset.dims` will be changed to return a set of dimension names in future, in order to be more consistent with `DataArray.dims`. To access a mapping from dimension names to lengths, please use `Dataset.sizes`.
  num_target_steps = targets_template.dims["time"]
/home/ubuntu/Vayuh/data/eric/S2S_ExtremeWeather/third_party/graphcast/graphcast/rollout.py:435: FutureWarning: The return type of `Dataset.dims` will be changed to return a set of dimension names in future, in order to be more consistent with `DataArray.dims`. To access a mapping from dimension names to lengths, please use `Dataset.sizes`.
  num_inputs = prev_inputs.dims["time"]
/home/ubuntu/Vayuh/data/eric/S2S_ExtremeWeather/third_party/graphcast/graphcast/rollout.py:437: FutureWarning: In a future version of xarray the default value for compat will change from compat='equals' to compat='override'. This change will result in the following ValueError: Cannot specify both data_vars='different' and compat='override'. The recommendation is to set compat explicitly for this case.
  xarray.concat(
  [walker w05 s5] step 1/6  valid 2023-06-18 12:00:00
  [walker w05 s5] step 2/6  valid 2023-06-19 00:00:00
  [walker w05 s5] step 3/6  valid 2023-06-19 12:00:00
  [walker w05 s5] step 4/6  valid 2023-06-20 00:00:00
  [walker w05 s5] step 5/6  valid 2023-06-20 12:00:00
  [walker w05 s5] step 6/6  valid 2023-06-21 00:00:00
  [walker] wrote /home/ubuntu/Vayuh/data/eric/S2S_ExtremeWeather/runs/aires/SCentral_HeatDome_2023/walkers/w05/step05/state.nc (474 MB), valid 2023-06-21 00:00:00
  [walker] wrote /home/ubuntu/Vayuh/data/eric/S2S_ExtremeWeather/runs/aires/SCentral_HeatDome_2023/walkers/w05/step05/diag.nc (35 MB, 6 steps)
  [walker] w05 step6: 6 x 12 h from 2023-06-21 00:00:00
  [walker] grid-node channels: inputs 176 + targets 504 + forcings 24; 6 step(s) from 2023-06-21 00:00:00
/home/ubuntu/Vayuh/data/eric/S2S_ExtremeWeather/third_party/graphcast/graphcast/rollout.py:328: FutureWarning: The return type of `Dataset.dims` will be changed to return a set of dimension names in future, in order to be more consistent with `DataArray.dims`. To access a mapping from dimension names to lengths, please use `Dataset.sizes`.
  num_target_steps = targets_template.dims["time"]
/home/ubuntu/Vayuh/data/eric/S2S_ExtremeWeather/third_party/graphcast/graphcast/rollout.py:435: FutureWarning: The return type of `Dataset.dims` will be changed to return a set of dimension names in future, in order to be more consistent with `DataArray.dims`. To access a mapping from dimension names to lengths, please use `Dataset.sizes`.
  num_inputs = prev_inputs.dims["time"]
/home/ubuntu/Vayuh/data/eric/S2S_ExtremeWeather/third_party/graphcast/graphcast/rollout.py:437: FutureWarning: In a future version of xarray the default value for compat will change from compat='equals' to compat='override'. This change will result in the following ValueError: Cannot specify both data_vars='different' and compat='override'. The recommendation is to set compat explicitly for this case.
  xarray.concat(
  [walker w05 s6] step 1/6  valid 2023-06-21 12:00:00
  [walker w05 s6] step 2/6  valid 2023-06-22 00:00:00
  [walker w05 s6] step 3/6  valid 2023-06-22 12:00:00
  [walker w05 s6] step 4/6  valid 2023-06-23 00:00:00
  [walker w05 s6] step 5/6  valid 2023-06-23 12:00:00
  [walker w05 s6] step 6/6  valid 2023-06-24 00:00:00
  [walker] wrote /home/ubuntu/Vayuh/data/eric/S2S_ExtremeWeather/runs/aires/SCentral_HeatDome_2023/walkers/w05/step06/state.nc (474 MB), valid 2023-06-24 00:00:00
  [walker] wrote /home/ubuntu/Vayuh/data/eric/S2S_ExtremeWeather/runs/aires/SCentral_HeatDome_2023/walkers/w05/step06/diag.nc (35 MB, 6 steps)
  [walker] w05 step7: 6 x 12 h from 2023-06-24 00:00:00
  [walker] grid-node channels: inputs 176 + targets 504 + forcings 24; 6 step(s) from 2023-06-24 00:00:00
/home/ubuntu/Vayuh/data/eric/S2S_ExtremeWeather/third_party/graphcast/graphcast/rollout.py:328: FutureWarning: The return type of `Dataset.dims` will be changed to return a set of dimension names in future, in order to be more consistent with `DataArray.dims`. To access a mapping from dimension names to lengths, please use `Dataset.sizes`.
  num_target_steps = targets_template.dims["time"]
/home/ubuntu/Vayuh/data/eric/S2S_ExtremeWeather/third_party/graphcast/graphcast/rollout.py:435: FutureWarning: The return type of `Dataset.dims` will be changed to return a set of dimension names in future, in order to be more consistent with `DataArray.dims`. To access a mapping from dimension names to lengths, please use `Dataset.sizes`.
  num_inputs = prev_inputs.dims["time"]
/home/ubuntu/Vayuh/data/eric/S2S_ExtremeWeather/third_party/graphcast/graphcast/rollout.py:437: FutureWarning: In a future version of xarray the default value for compat will change from compat='equals' to compat='override'. This change will result in the following ValueError: Cannot specify both data_vars='different' and compat='override'. The recommendation is to set compat explicitly for this case.
  xarray.concat(
  [walker w05 s7] step 1/6  valid 2023-06-24 12:00:00
  [walker w05 s7] step 2/6  valid 2023-06-25 00:00:00
  [walker w05 s7] step 3/6  valid 2023-06-25 12:00:00
  [walker w05 s7] step 4/6  valid 2023-06-26 00:00:00
  [walker w05 s7] step 5/6  valid 2023-06-26 12:00:00
  [walker w05 s7] step 6/6  valid 2023-06-27 00:00:00
  [walker] wrote /home/ubuntu/Vayuh/data/eric/S2S_ExtremeWeather/runs/aires/SCentral_HeatDome_2023/walkers/w05/step07/state.nc (474 MB), valid 2023-06-27 00:00:00
  [walker] wrote /home/ubuntu/Vayuh/data/eric/S2S_ExtremeWeather/runs/aires/SCentral_HeatDome_2023/walkers/w05/step07/diag.nc (35 MB, 6 steps)
[walk] w05: complete to lead 21 d (2386 s elapsed on this shard)
  [walker] w13 step1: 6 x 12 h from 2023-06-06 00:00:00
  [walker] grid-node channels: inputs 176 + targets 504 + forcings 24; 6 step(s) from 2023-06-06 00:00:00
/home/ubuntu/Vayuh/data/eric/S2S_ExtremeWeather/third_party/graphcast/graphcast/rollout.py:328: FutureWarning: The return type of `Dataset.dims` will be changed to return a set of dimension names in future, in order to be more consistent with `DataArray.dims`. To access a mapping from dimension names to lengths, please use `Dataset.sizes`.
  num_target_steps = targets_template.dims["time"]
/home/ubuntu/Vayuh/data/eric/S2S_ExtremeWeather/third_party/graphcast/graphcast/rollout.py:435: FutureWarning: The return type of `Dataset.dims` will be changed to return a set of dimension names in future, in order to be more consistent with `DataArray.dims`. To access a mapping from dimension names to lengths, please use `Dataset.sizes`.
  num_inputs = prev_inputs.dims["time"]
/home/ubuntu/Vayuh/data/eric/S2S_ExtremeWeather/third_party/graphcast/graphcast/rollout.py:437: FutureWarning: In a future version of xarray the default value for compat will change from compat='equals' to compat='override'. This change will result in the following ValueError: Cannot specify both data_vars='different' and compat='override'. The recommendation is to set compat explicitly for this case.
  xarray.concat(
  [walker w13 s1] step 1/6  valid 2023-06-06 12:00:00
  [walker w13 s1] step 2/6  valid 2023-06-07 00:00:00
  [walker w13 s1] step 3/6  valid 2023-06-07 12:00:00
  [walker w13 s1] step 4/6  valid 2023-06-08 00:00:00
  [walker w13 s1] step 5/6  valid 2023-06-08 12:00:00
  [walker w13 s1] step 6/6  valid 2023-06-09 00:00:00
  [walker] wrote /home/ubuntu/Vayuh/data/eric/S2S_ExtremeWeather/runs/aires/SCentral_HeatDome_2023/walkers/w13/step01/state.nc (473 MB), valid 2023-06-09 00:00:00
  [walker] wrote /home/ubuntu/Vayuh/data/eric/S2S_ExtremeWeather/runs/aires/SCentral_HeatDome_2023/walkers/w13/step01/diag.nc (35 MB, 6 steps)
  [walker] w13 step2: 6 x 12 h from 2023-06-09 00:00:00
  [walker] grid-node channels: inputs 176 + targets 504 + forcings 24; 6 step(s) from 2023-06-09 00:00:00
/home/ubuntu/Vayuh/data/eric/S2S_ExtremeWeather/third_party/graphcast/graphcast/rollout.py:328: FutureWarning: The return type of `Dataset.dims` will be changed to return a set of dimension names in future, in order to be more consistent with `DataArray.dims`. To access a mapping from dimension names to lengths, please use `Dataset.sizes`.
  num_target_steps = targets_template.dims["time"]
/home/ubuntu/Vayuh/data/eric/S2S_ExtremeWeather/third_party/graphcast/graphcast/rollout.py:435: FutureWarning: The return type of `Dataset.dims` will be changed to return a set of dimension names in future, in order to be more consistent with `DataArray.dims`. To access a mapping from dimension names to lengths, please use `Dataset.sizes`.
  num_inputs = prev_inputs.dims["time"]
/home/ubuntu/Vayuh/data/eric/S2S_ExtremeWeather/third_party/graphcast/graphcast/rollout.py:437: FutureWarning: In a future version of xarray the default value for compat will change from compat='equals' to compat='override'. This change will result in the following ValueError: Cannot specify both data_vars='different' and compat='override'. The recommendation is to set compat explicitly for this case.
  xarray.concat(
  [walker w13 s2] step 1/6  valid 2023-06-09 12:00:00
  [walker w13 s2] step 2/6  valid 2023-06-10 00:00:00
  [walker w13 s2] step 3/6  valid 2023-06-10 12:00:00
  [walker w13 s2] step 4/6  valid 2023-06-11 00:00:00
  [walker w13 s2] step 5/6  valid 2023-06-11 12:00:00
  [walker w13 s2] step 6/6  valid 2023-06-12 00:00:00
  [walker] wrote /home/ubuntu/Vayuh/data/eric/S2S_ExtremeWeather/runs/aires/SCentral_HeatDome_2023/walkers/w13/step02/state.nc (473 MB), valid 2023-06-12 00:00:00
  [walker] wrote /home/ubuntu/Vayuh/data/eric/S2S_ExtremeWeather/runs/aires/SCentral_HeatDome_2023/walkers/w13/step02/diag.nc (35 MB, 6 steps)
  [walker] w13 step3: 6 x 12 h from 2023-06-12 00:00:00
  [walker] grid-node channels: inputs 176 + targets 504 + forcings 24; 6 step(s) from 2023-06-12 00:00:00
/home/ubuntu/Vayuh/data/eric/S2S_ExtremeWeather/third_party/graphcast/graphcast/rollout.py:328: FutureWarning: The return type of `Dataset.dims` will be changed to return a set of dimension names in future, in order to be more consistent with `DataArray.dims`. To access a mapping from dimension names to lengths, please use `Dataset.sizes`.
  num_target_steps = targets_template.dims["time"]
/home/ubuntu/Vayuh/data/eric/S2S_ExtremeWeather/third_party/graphcast/graphcast/rollout.py:435: FutureWarning: The return type of `Dataset.dims` will be changed to return a set of dimension names in future, in order to be more consistent with `DataArray.dims`. To access a mapping from dimension names to lengths, please use `Dataset.sizes`.
  num_inputs = prev_inputs.dims["time"]
/home/ubuntu/Vayuh/data/eric/S2S_ExtremeWeather/third_party/graphcast/graphcast/rollout.py:437: FutureWarning: In a future version of xarray the default value for compat will change from compat='equals' to compat='override'. This change will result in the following ValueError: Cannot specify both data_vars='different' and compat='override'. The recommendation is to set compat explicitly for this case.
  xarray.concat(
  [walker w13 s3] step 1/6  valid 2023-06-12 12:00:00
  [walker w13 s3] step 2/6  valid 2023-06-13 00:00:00
  [walker w13 s3] step 3/6  valid 2023-06-13 12:00:00
  [walker w13 s3] step 4/6  valid 2023-06-14 00:00:00
  [walker w13 s3] step 5/6  valid 2023-06-14 12:00:00
  [walker w13 s3] step 6/6  valid 2023-06-15 00:00:00
  [walker] wrote /home/ubuntu/Vayuh/data/eric/S2S_ExtremeWeather/runs/aires/SCentral_HeatDome_2023/walkers/w13/step03/state.nc (474 MB), valid 2023-06-15 00:00:00
  [walker] wrote /home/ubuntu/Vayuh/data/eric/S2S_ExtremeWeather/runs/aires/SCentral_HeatDome_2023/walkers/w13/step03/diag.nc (35 MB, 6 steps)
  [walker] w13 step4: 6 x 12 h from 2023-06-15 00:00:00
  [walker] grid-node channels: inputs 176 + targets 504 + forcings 24; 6 step(s) from 2023-06-15 00:00:00
/home/ubuntu/Vayuh/data/eric/S2S_ExtremeWeather/third_party/graphcast/graphcast/rollout.py:328: FutureWarning: The return type of `Dataset.dims` will be changed to return a set of dimension names in future, in order to be more consistent with `DataArray.dims`. To access a mapping from dimension names to lengths, please use `Dataset.sizes`.
  num_target_steps = targets_template.dims["time"]
/home/ubuntu/Vayuh/data/eric/S2S_ExtremeWeather/third_party/graphcast/graphcast/rollout.py:435: FutureWarning: The return type of `Dataset.dims` will be changed to return a set of dimension names in future, in order to be more consistent with `DataArray.dims`. To access a mapping from dimension names to lengths, please use `Dataset.sizes`.
  num_inputs = prev_inputs.dims["time"]
/home/ubuntu/Vayuh/data/eric/S2S_ExtremeWeather/third_party/graphcast/graphcast/rollout.py:437: FutureWarning: In a future version of xarray the default value for compat will change from compat='equals' to compat='override'. This change will result in the following ValueError: Cannot specify both data_vars='different' and compat='override'. The recommendation is to set compat explicitly for this case.
  xarray.concat(
  [walker w13 s4] step 1/6  valid 2023-06-15 12:00:00
  [walker w13 s4] step 2/6  valid 2023-06-16 00:00:00
  [walker w13 s4] step 3/6  valid 2023-06-16 12:00:00
  [walker w13 s4] step 4/6  valid 2023-06-17 00:00:00
  [walker w13 s4] step 5/6  valid 2023-06-17 12:00:00
  [walker w13 s4] step 6/6  valid 2023-06-18 00:00:00
  [walker] wrote /home/ubuntu/Vayuh/data/eric/S2S_ExtremeWeather/runs/aires/SCentral_HeatDome_2023/walkers/w13/step04/state.nc (474 MB), valid 2023-06-18 00:00:00
  [walker] wrote /home/ubuntu/Vayuh/data/eric/S2S_ExtremeWeather/runs/aires/SCentral_HeatDome_2023/walkers/w13/step04/diag.nc (35 MB, 6 steps)
  [walker] w13 step5: 6 x 12 h from 2023-06-18 00:00:00
  [walker] grid-node channels: inputs 176 + targets 504 + forcings 24; 6 step(s) from 2023-06-18 00:00:00
/home/ubuntu/Vayuh/data/eric/S2S_ExtremeWeather/third_party/graphcast/graphcast/rollout.py:328: FutureWarning: The return type of `Dataset.dims` will be changed to return a set of dimension names in future, in order to be more consistent with `DataArray.dims`. To access a mapping from dimension names to lengths, please use `Dataset.sizes`.
  num_target_steps = targets_template.dims["time"]
/home/ubuntu/Vayuh/data/eric/S2S_ExtremeWeather/third_party/graphcast/graphcast/rollout.py:435: FutureWarning: The return type of `Dataset.dims` will be changed to return a set of dimension names in future, in order to be more consistent with `DataArray.dims`. To access a mapping from dimension names to lengths, please use `Dataset.sizes`.
  num_inputs = prev_inputs.dims["time"]
/home/ubuntu/Vayuh/data/eric/S2S_ExtremeWeather/third_party/graphcast/graphcast/rollout.py:437: FutureWarning: In a future version of xarray the default value for compat will change from compat='equals' to compat='override'. This change will result in the following ValueError: Cannot specify both data_vars='different' and compat='override'. The recommendation is to set compat explicitly for this case.
  xarray.concat(
  [walker w13 s5] step 1/6  valid 2023-06-18 12:00:00
  [walker w13 s5] step 2/6  valid 2023-06-19 00:00:00
  [walker w13 s5] step 3/6  valid 2023-06-19 12:00:00
  [walker w13 s5] step 4/6  valid 2023-06-20 00:00:00
  [walker w13 s5] step 5/6  valid 2023-06-20 12:00:00
  [walker w13 s5] step 6/6  valid 2023-06-21 00:00:00
  [walker] wrote /home/ubuntu/Vayuh/data/eric/S2S_ExtremeWeather/runs/aires/SCentral_HeatDome_2023/walkers/w13/step05/state.nc (474 MB), valid 2023-06-21 00:00:00
  [walker] wrote /home/ubuntu/Vayuh/data/eric/S2S_ExtremeWeather/runs/aires/SCentral_HeatDome_2023/walkers/w13/step05/diag.nc (35 MB, 6 steps)
  [walker] w13 step6: 6 x 12 h from 2023-06-21 00:00:00
  [walker] grid-node channels: inputs 176 + targets 504 + forcings 24; 6 step(s) from 2023-06-21 00:00:00
/home/ubuntu/Vayuh/data/eric/S2S_ExtremeWeather/third_party/graphcast/graphcast/rollout.py:328: FutureWarning: The return type of `Dataset.dims` will be changed to return a set of dimension names in future, in order to be more consistent with `DataArray.dims`. To access a mapping from dimension names to lengths, please use `Dataset.sizes`.
  num_target_steps = targets_template.dims["time"]
/home/ubuntu/Vayuh/data/eric/S2S_ExtremeWeather/third_party/graphcast/graphcast/rollout.py:435: FutureWarning: The return type of `Dataset.dims` will be changed to return a set of dimension names in future, in order to be more consistent with `DataArray.dims`. To access a mapping from dimension names to lengths, please use `Dataset.sizes`.
  num_inputs = prev_inputs.dims["time"]
/home/ubuntu/Vayuh/data/eric/S2S_ExtremeWeather/third_party/graphcast/graphcast/rollout.py:437: FutureWarning: In a future version of xarray the default value for compat will change from compat='equals' to compat='override'. This change will result in the following ValueError: Cannot specify both data_vars='different' and compat='override'. The recommendation is to set compat explicitly for this case.
  xarray.concat(
  [walker w13 s6] step 1/6  valid 2023-06-21 12:00:00
  [walker w13 s6] step 2/6  valid 2023-06-22 00:00:00
  [walker w13 s6] step 3/6  valid 2023-06-22 12:00:00
  [walker w13 s6] step 4/6  valid 2023-06-23 00:00:00
  [walker w13 s6] step 5/6  valid 2023-06-23 12:00:00
  [walker w13 s6] step 6/6  valid 2023-06-24 00:00:00
  [walker] wrote /home/ubuntu/Vayuh/data/eric/S2S_ExtremeWeather/runs/aires/SCentral_HeatDome_2023/walkers/w13/step06/state.nc (474 MB), valid 2023-06-24 00:00:00
  [walker] wrote /home/ubuntu/Vayuh/data/eric/S2S_ExtremeWeather/runs/aires/SCentral_HeatDome_2023/walkers/w13/step06/diag.nc (35 MB, 6 steps)
  [walker] w13 step7: 6 x 12 h from 2023-06-24 00:00:00
  [walker] grid-node channels: inputs 176 + targets 504 + forcings 24; 6 step(s) from 2023-06-24 00:00:00
/home/ubuntu/Vayuh/data/eric/S2S_ExtremeWeather/third_party/graphcast/graphcast/rollout.py:328: FutureWarning: The return type of `Dataset.dims` will be changed to return a set of dimension names in future, in order to be more consistent with `DataArray.dims`. To access a mapping from dimension names to lengths, please use `Dataset.sizes`.
  num_target_steps = targets_template.dims["time"]
/home/ubuntu/Vayuh/data/eric/S2S_ExtremeWeather/third_party/graphcast/graphcast/rollout.py:435: FutureWarning: The return type of `Dataset.dims` will be changed to return a set of dimension names in future, in order to be more consistent with `DataArray.dims`. To access a mapping from dimension names to lengths, please use `Dataset.sizes`.
  num_inputs = prev_inputs.dims["time"]
/home/ubuntu/Vayuh/data/eric/S2S_ExtremeWeather/third_party/graphcast/graphcast/rollout.py:437: FutureWarning: In a future version of xarray the default value for compat will change from compat='equals' to compat='override'. This change will result in the following ValueError: Cannot specify both data_vars='different' and compat='override'. The recommendation is to set compat explicitly for this case.
  xarray.concat(
  [walker w13 s7] step 1/6  valid 2023-06-24 12:00:00
  [walker w13 s7] step 2/6  valid 2023-06-25 00:00:00
  [walker w13 s7] step 3/6  valid 2023-06-25 12:00:00
  [walker w13 s7] step 4/6  valid 2023-06-26 00:00:00
  [walker w13 s7] step 5/6  valid 2023-06-26 12:00:00
  [walker w13 s7] step 6/6  valid 2023-06-27 00:00:00
  [walker] wrote /home/ubuntu/Vayuh/data/eric/S2S_ExtremeWeather/runs/aires/SCentral_HeatDome_2023/walkers/w13/step07/state.nc (474 MB), valid 2023-06-27 00:00:00
  [walker] wrote /home/ubuntu/Vayuh/data/eric/S2S_ExtremeWeather/runs/aires/SCentral_HeatDome_2023/walkers/w13/step07/diag.nc (35 MB, 6 steps)
[walk] w13: complete to lead 21 d (3741 s elapsed on this shard)
[walk] shard 5: 14 segment(s) rolled, 3741 s total
