Host: nucla3m-a3meganodeset-2
Start: Wed Sep 30 01:06:32 UTC 2026
GPU 0: NVIDIA H100 80GB HBM3 (UUID: GPU-fb1884fb-ec09-c20a-99d5-fac7d0fa03a3)
GPU 1: NVIDIA H100 80GB HBM3 (UUID: GPU-6173c8ba-781d-d9bb-cc57-f4ee4d2efdf5)
GPU 2: NVIDIA H100 80GB HBM3 (UUID: GPU-e601dd09-d956-9fd5-fc9e-905550b9af21)
GPU 3: NVIDIA H100 80GB HBM3 (UUID: GPU-4a125a13-f3e3-b12b-2379-c5be5cbe471a)
GPU 4: NVIDIA H100 80GB HBM3 (UUID: GPU-c2f4c5e1-4b8f-976f-53ce-85cfa2a593f2)
GPU 5: NVIDIA H100 80GB HBM3 (UUID: GPU-d10c5b85-95eb-e1ca-714f-0ff1ba9fbf28)
GPU 6: NVIDIA H100 80GB HBM3 (UUID: GPU-5ed3e799-68b2-71d2-c9e4-14e9559e3269)
GPU 7: NVIDIA H100 80GB HBM3 (UUID: GPU-5a43d125-a2dc-8c2d-16ed-95a9460206df)
acal case 15 (rung>=2): event=e16_c2_20230205 tag=acal N=32 M=6
AI+RES acal - e16_c2_20230205  (init 2023-01-15, peak 2023-02-05, metric t2m_anom)
e16_c2_20230205: primary box CONUS (24-50N, 125W-66W)
    the whole verification window; what Gate 2 used

  N walkers        32
  score backend    fcn3   M = 6
  tail             LOW (cold event: clone the most negative A_L)
  C_k              0, 1, 1.4, 1.8, 2 at 3 d, 6 d, 9 d, 12 d, 15 d
  legs
    1: 0 -> 3 d, segments [1], C = 0
    2: 3 -> 6 d, segments [2], C = 1
    3: 6 -> 9 d, segments [3], C = 1.4
    4: 9 -> 12 d, segments [4], C = 1.8
    5: 12 -> 15 d, segments [5], C = 2
    6: 15 -> 21 d, segments [6, 7], carry to the horizon (no resampling)

  prerequisites
    walker init frames  OK   /home/ubuntu/Vayuh/data/eric/S2S_ExtremeWeather/runs/xres/0p25/week3/inputs/e16_c2_20230205_inputs.nc
    derived calibration OK   /home/ubuntu/Vayuh/data/eric/S2S_ExtremeWeather/runs/aires/calib/derived_calib.nc
    xres reference cube absent   /home/ubuntu/Vayuh/data/eric/S2S_ExtremeWeather/runs/xres/0p25/week3/cache/e16_c2_20230205_cube.nc   (physical check on the first segment; not required)

  cached            0/224 walker segments, 0/128 score cubes (0 states resident)

  budget            walk 1,344 GenCast steps ~19.4 GPU-h (~146 min over 8 GPUs)
                    score 32,256 FCN3 steps ~12.5 GPU-h (~94 min over 8 GPUs)
                    total ~32.0 H100-h, ~4.0 h wall on one node

  disk              states 46 GB peak (3 segments resident x 32 x 477 MB, --keep-states 2), diagnostics 8 GB, score cubes 1 GB
                    ~55 GB needed, 724 GB free

  configuration frozen at /home/ubuntu/Vayuh/data/eric/S2S_ExtremeWeather/runs/aires/e16_c2_20230205/res/acal/run.json

  READY: yes
--- res: Wed Sep 30 01:06:34 UTC 2026 ---
[res] e16_c2_20230205 tag=acal N=32 M=6 backend=fcn3 C=(0.0, 1.0, 1.4, 1.8, 2.0)
[res] host=nucla3m-a3meganodeset-2 shards=8 visible GPUs=8 seed=20260819
  [walk] leg 1: 32/32 segment(s) to roll (0 -> 3 d)
  [walk-leg01] attempt 1/3: 8 shard(s)
  [walk] leg 1: pool finished in 20.1 min
  [score] leg 1 (skipped(C=0)): theta over the box mean +2.947, sd 0.201
  [dmc] step 1: C=0.00 R=1.0000 ESS=32.0/32 killed=0 max_mult=1
  [walk] leg 2: 32/32 segment(s) to roll (3 -> 6 d)
  [walk-leg02] attempt 1/3: 8 shard(s)
  [walk] leg 2: pool finished in 20.2 min
  [score] leg 2: 32/32 forecast(s) to run (6 x 60 x 6 h from 6 d to the peak; 11,520 FCN3 steps)
  [score-leg02] attempt 1/3: 8 shard(s)
  [score] leg 2: pool finished in 37.5 min
  [score] leg 2 (fcn3): theta over the box mean -0.337, sd 1.815
  [dmc] step 2: C=1.00 R=1.7346 ESS=12.0/32 killed=13 max_mult=6
  [walk] pruned walker states at segments <= 1 (15.1 GB freed; --keep-states 2)
  [walk] leg 3: 32/32 segment(s) to roll (6 -> 9 d)
  [walk-leg03] attempt 1/3: 8 shard(s)
  [walk] leg 3: pool finished in 20.9 min
  [score] leg 3: 32/32 forecast(s) to run (6 x 48 x 6 h from 9 d to the peak; 9,216 FCN3 steps)
  [score-leg03] attempt 1/3: 8 shard(s)
  [score] leg 3: pool finished in 29.4 min
  [score] leg 3 (fcn3): theta over the box mean -1.342, sd 1.798
  [dmc] step 3: C=1.40 R=0.5785 ESS=13.0/32 killed=14 max_mult=6
  [walk] pruned walker states at segments <= 2 (15.1 GB freed; --keep-states 2)
  [walk] leg 4: 32/32 segment(s) to roll (9 -> 12 d)
  [walk-leg04] attempt 1/3: 8 shard(s)
  [walk] leg 4: pool finished in 20.6 min
  [score] leg 4: 32/32 forecast(s) to run (6 x 36 x 6 h from 12 d to the peak; 6,912 FCN3 steps)
  [score-leg04] attempt 1/3: 8 shard(s)
  [score] leg 4: pool finished in 23.2 min
  [score] leg 4 (fcn3): theta over the box mean -2.445, sd 2.189
  [dmc] step 4: C=1.80 R=0.4220 ESS=19.3/32 killed=10 max_mult=5
  [walk] pruned walker states at segments <= 3 (15.1 GB freed; --keep-states 2)
  [walk] leg 5: 32/32 segment(s) to roll (12 -> 15 d)
  [walk-leg05] attempt 1/3: 8 shard(s)
  [walk] leg 5: pool finished in 20.5 min
  [score] leg 5: 32/32 forecast(s) to run (6 x 24 x 6 h from 15 d to the peak; 4,608 FCN3 steps)
  [score-leg05] attempt 1/3: 8 shard(s)
  [score] leg 5: pool finished in 16.9 min
  [score] leg 5 (fcn3): theta over the box mean -3.534, sd 1.990
  [dmc] step 5: C=2.00 R=0.6021 ESS=19.4/32 killed=9 max_mult=3
  [walk] pruned walker states at segments <= 4 (15.2 GB freed; --keep-states 2)
  [walk] leg 6: 64/64 segment(s) to roll (15 -> 21 d)
  [walk-leg06] attempt 1/3: 8 shard(s)
  [walk] leg 6: pool finished in 33.8 min

  step   C_k      R_k     ESS  ESS/N  killed  max mult
     1  0.00   1.0000   32.00   1.00       0         1
     2  1.00   1.7346   11.95   0.37      13         6
     3  1.40   0.5785   13.05   0.41      14         6
     4  1.80   0.4220   19.27   0.60      10         5
     5  2.00   0.6021   19.38   0.61       9         3
  log Z = -1.3667   normalization check = 0.5700 (should be ~1)
  founders surviving: 9/32

[res] finished in 243.9 min -> /home/ubuntu/Vayuh/data/eric/S2S_ExtremeWeather/runs/aires/e16_c2_20230205/res/acal/res_result.json
[res] now reduce on the login node:
  PYTHONPATH=. python -m aires.run_aires --stage ds --event e16_c2_20230205
  PYTHONPATH=. python -m aires.run_aires --stage compare --event e16_c2_20230205 --tag acal
End: Wed Sep 30 05:10:32 UTC 2026
