[check] torch-harmonics DISCO CUDA extension: PRESENT -> FCN3 runs bf16
[score] host=nucla3m-a3meganodeset-6 shard 2/8: 10 task(s), 0 cached, 10 to run
[score] calibration = aires.calibrate fit on 90 ERA5 frames
[model] loaded cache fcn3_model_2.11.0+cu128_th0.8.1_a305be3ecd79.pt in 27.0 s
[score] w00@9d: 6 member(s) x 48 x 6 h from 2023-06-15 00:00:00 -> peak 2023-06-27  (seed 322885009, vars ['t2m'])
[32m2026-08-24 23:50:11.539[0m | [1mINFO    [0m | [36mearth2studio.run[0m:[36mensemble[0m:[36m400[0m - [1mRunning ensemble inference![0m
[32m2026-08-24 23:50:11.540[0m | [1mINFO    [0m | [36mearth2studio.run[0m:[36mensemble[0m:[36m407[0m - [1mInference device: cuda[0m
[32m2026-08-24 23:50:20.013[0m | [32m[1mSUCCESS [0m | [36mearth2studio.run[0m:[36mensemble[0m:[36m428[0m - [32m[1mFetched data from GenCastICSource[0m
[32m2026-08-24 23:50:20.320[0m | [1mINFO    [0m | [36mearth2studio.run[0m:[36mensemble[0m:[36m472[0m - [1mStarting 6 Member Ensemble Inference with             6 number of batches.[0m
[32m2026-08-24 23:57:20.908[0m | [32m[1mSUCCESS [0m | [36mearth2studio.run[0m:[36mensemble[0m:[36m544[0m - [32m[1m
Inference complete[0m
[score] w00@9d: 429.4 s (8.95 s/step) -> w00_lead09_cube.nc (16 MB)
[score] w02@3d: 6 member(s) x 72 x 6 h from 2023-06-09 00:00:00 -> peak 2023-06-27  (seed 1944796304, vars ['t2m'])
[32m2026-08-24 23:57:50.224[0m | [1mINFO    [0m | [36mearth2studio.run[0m:[36mensemble[0m:[36m400[0m - [1mRunning ensemble inference![0m
[32m2026-08-24 23:57:50.225[0m | [1mINFO    [0m | [36mearth2studio.run[0m:[36mensemble[0m:[36m407[0m - [1mInference device: cuda[0m
[32m2026-08-24 23:57:52.550[0m | [32m[1mSUCCESS [0m | [36mearth2studio.run[0m:[36mensemble[0m:[36m428[0m - [32m[1mFetched data from GenCastICSource[0m
[32m2026-08-24 23:57:52.922[0m | [1mINFO    [0m | [36mearth2studio.run[0m:[36mensemble[0m:[36m472[0m - [1mStarting 6 Member Ensemble Inference with             6 number of batches.[0m
[32m2026-08-25 00:06:58.404[0m | [32m[1mSUCCESS [0m | [36mearth2studio.run[0m:[36mensemble[0m:[36m544[0m - [32m[1m
Inference complete[0m
[score] w02@3d: 548.2 s (7.61 s/step) -> w02_lead03_cube.nc (29 MB)
[score] w03@12d: 6 member(s) x 36 x 6 h from 2023-06-18 00:00:00 -> peak 2023-06-27  (seed 1427613954, vars ['t2m'])
[32m2026-08-25 00:08:10.952[0m | [1mINFO    [0m | [36mearth2studio.run[0m:[36mensemble[0m:[36m400[0m - [1mRunning ensemble inference![0m
[32m2026-08-25 00:08:10.952[0m | [1mINFO    [0m | [36mearth2studio.run[0m:[36mensemble[0m:[36m407[0m - [1mInference device: cuda[0m
[32m2026-08-25 00:08:13.236[0m | [32m[1mSUCCESS [0m | [36mearth2studio.run[0m:[36mensemble[0m:[36m428[0m - [32m[1mFetched data from GenCastICSource[0m
[32m2026-08-25 00:08:13.523[0m | [1mINFO    [0m | [36mearth2studio.run[0m:[36mensemble[0m:[36m472[0m - [1mStarting 6 Member Ensemble Inference with             6 number of batches.[0m
[32m2026-08-25 00:12:45.664[0m | [32m[1mSUCCESS [0m | [36mearth2studio.run[0m:[36mensemble[0m:[36m544[0m - [32m[1m
Inference complete[0m
[score] w03@12d: 274.7 s (7.63 s/step) -> w03_lead12_cube.nc (12 MB)
[score] w05@6d: 6 member(s) x 60 x 6 h from 2023-06-12 00:00:00 -> peak 2023-06-27  (seed 58836993, vars ['t2m'])
[32m2026-08-25 00:13:10.274[0m | [1mINFO    [0m | [36mearth2studio.run[0m:[36mensemble[0m:[36m400[0m - [1mRunning ensemble inference![0m
[32m2026-08-25 00:13:10.274[0m | [1mINFO    [0m | [36mearth2studio.run[0m:[36mensemble[0m:[36m407[0m - [1mInference device: cuda[0m
[32m2026-08-25 00:13:12.539[0m | [32m[1mSUCCESS [0m | [36mearth2studio.run[0m:[36mensemble[0m:[36m428[0m - [32m[1mFetched data from GenCastICSource[0m
[32m2026-08-25 00:13:12.816[0m | [1mINFO    [0m | [36mearth2studio.run[0m:[36mensemble[0m:[36m472[0m - [1mStarting 6 Member Ensemble Inference with             6 number of batches.[0m
[32m2026-08-25 00:20:44.897[0m | [32m[1mSUCCESS [0m | [36mearth2studio.run[0m:[36mensemble[0m:[36m544[0m - [32m[1m
Inference complete[0m
[score] w05@6d: 454.6 s (7.58 s/step) -> w05_lead06_cube.nc (21 MB)
[score] w06@15d: 6 member(s) x 24 x 6 h from 2023-06-21 00:00:00 -> peak 2023-06-27  (seed 1265843362, vars ['t2m'])
[32m2026-08-25 00:21:40.110[0m | [1mINFO    [0m | [36mearth2studio.run[0m:[36mensemble[0m:[36m400[0m - [1mRunning ensemble inference![0m
[32m2026-08-25 00:21:40.110[0m | [1mINFO    [0m | [36mearth2studio.run[0m:[36mensemble[0m:[36m407[0m - [1mInference device: cuda[0m
[32m2026-08-25 00:21:42.338[0m | [32m[1mSUCCESS [0m | [36mearth2studio.run[0m:[36mensemble[0m:[36m428[0m - [32m[1mFetched data from GenCastICSource[0m
[32m2026-08-25 00:21:42.680[0m | [1mINFO    [0m | [36mearth2studio.run[0m:[36mensemble[0m:[36m472[0m - [1mStarting 6 Member Ensemble Inference with             6 number of batches.[0m
[32m2026-08-25 00:24:43.555[0m | [32m[1mSUCCESS [0m | [36mearth2studio.run[0m:[36mensemble[0m:[36m544[0m - [32m[1m
Inference complete[0m
[score] w06@15d: 183.4 s (7.64 s/step) -> w06_lead15_cube.nc (8 MB)
[score] w08@9d: 6 member(s) x 48 x 6 h from 2023-06-15 00:00:00 -> peak 2023-06-27  (seed 322885009, vars ['t2m'])
[32m2026-08-25 00:25:03.629[0m | [1mINFO    [0m | [36mearth2studio.run[0m:[36mensemble[0m:[36m400[0m - [1mRunning ensemble inference![0m
[32m2026-08-25 00:25:03.629[0m | [1mINFO    [0m | [36mearth2studio.run[0m:[36mensemble[0m:[36m407[0m - [1mInference device: cuda[0m
[32m2026-08-25 00:25:05.967[0m | [32m[1mSUCCESS [0m | [36mearth2studio.run[0m:[36mensemble[0m:[36m428[0m - [32m[1mFetched data from GenCastICSource[0m
[32m2026-08-25 00:25:06.334[0m | [1mINFO    [0m | [36mearth2studio.run[0m:[36mensemble[0m:[36m472[0m - [1mStarting 6 Member Ensemble Inference with             6 number of batches.[0m
[32m2026-08-25 00:31:07.777[0m | [32m[1mSUCCESS [0m | [36mearth2studio.run[0m:[36mensemble[0m:[36m544[0m - [32m[1m
Inference complete[0m
[score] w08@9d: 364.1 s (7.59 s/step) -> w08_lead09_cube.nc (16 MB)
[score] w10@3d: 6 member(s) x 72 x 6 h from 2023-06-09 00:00:00 -> peak 2023-06-27  (seed 1944796304, vars ['t2m'])
[32m2026-08-25 00:31:34.522[0m | [1mINFO    [0m | [36mearth2studio.run[0m:[36mensemble[0m:[36m400[0m - [1mRunning ensemble inference![0m
[32m2026-08-25 00:31:34.522[0m | [1mINFO    [0m | [36mearth2studio.run[0m:[36mensemble[0m:[36m407[0m - [1mInference device: cuda[0m
[32m2026-08-25 00:31:36.717[0m | [32m[1mSUCCESS [0m | [36mearth2studio.run[0m:[36mensemble[0m:[36m428[0m - [32m[1mFetched data from GenCastICSource[0m
[32m2026-08-25 00:31:37.004[0m | [1mINFO    [0m | [36mearth2studio.run[0m:[36mensemble[0m:[36m472[0m - [1mStarting 6 Member Ensemble Inference with             6 number of batches.[0m
[32m2026-08-25 00:40:38.704[0m | [32m[1mSUCCESS [0m | [36mearth2studio.run[0m:[36mensemble[0m:[36m544[0m - [32m[1m
Inference complete[0m
[score] w10@3d: 544.2 s (7.56 s/step) -> w10_lead03_cube.nc (29 MB)
[score] w11@12d: 6 member(s) x 36 x 6 h from 2023-06-18 00:00:00 -> peak 2023-06-27  (seed 1427613954, vars ['t2m'])
[32m2026-08-25 00:41:51.445[0m | [1mINFO    [0m | [36mearth2studio.run[0m:[36mensemble[0m:[36m400[0m - [1mRunning ensemble inference![0m
[32m2026-08-25 00:41:51.445[0m | [1mINFO    [0m | [36mearth2studio.run[0m:[36mensemble[0m:[36m407[0m - [1mInference device: cuda[0m
[32m2026-08-25 00:41:53.690[0m | [32m[1mSUCCESS [0m | [36mearth2studio.run[0m:[36mensemble[0m:[36m428[0m - [32m[1mFetched data from GenCastICSource[0m
[32m2026-08-25 00:41:53.994[0m | [1mINFO    [0m | [36mearth2studio.run[0m:[36mensemble[0m:[36m472[0m - [1mStarting 6 Member Ensemble Inference with             6 number of batches.[0m
[32m2026-08-25 00:46:25.629[0m | [32m[1mSUCCESS [0m | [36mearth2studio.run[0m:[36mensemble[0m:[36m544[0m - [32m[1m
Inference complete[0m
[score] w11@12d: 274.2 s (7.62 s/step) -> w11_lead12_cube.nc (12 MB)
[score] w13@6d: 6 member(s) x 60 x 6 h from 2023-06-12 00:00:00 -> peak 2023-06-27  (seed 58836993, vars ['t2m'])
[32m2026-08-25 00:46:50.150[0m | [1mINFO    [0m | [36mearth2studio.run[0m:[36mensemble[0m:[36m400[0m - [1mRunning ensemble inference![0m
[32m2026-08-25 00:46:50.150[0m | [1mINFO    [0m | [36mearth2studio.run[0m:[36mensemble[0m:[36m407[0m - [1mInference device: cuda[0m
[32m2026-08-25 00:46:52.341[0m | [32m[1mSUCCESS [0m | [36mearth2studio.run[0m:[36mensemble[0m:[36m428[0m - [32m[1mFetched data from GenCastICSource[0m
[32m2026-08-25 00:46:52.682[0m | [1mINFO    [0m | [36mearth2studio.run[0m:[36mensemble[0m:[36m472[0m - [1mStarting 6 Member Ensemble Inference with             6 number of batches.[0m
[32m2026-08-25 00:54:24.700[0m | [32m[1mSUCCESS [0m | [36mearth2studio.run[0m:[36mensemble[0m:[36m544[0m - [32m[1m
Inference complete[0m
[score] w13@6d: 454.6 s (7.58 s/step) -> w13_lead06_cube.nc (26 MB)
[score] w14@15d: 6 member(s) x 24 x 6 h from 2023-06-21 00:00:00 -> peak 2023-06-27  (seed 1265843362, vars ['t2m'])
[32m2026-08-25 00:55:20.530[0m | [1mINFO    [0m | [36mearth2studio.run[0m:[36mensemble[0m:[36m400[0m - [1mRunning ensemble inference![0m
[32m2026-08-25 00:55:20.530[0m | [1mINFO    [0m | [36mearth2studio.run[0m:[36mensemble[0m:[36m407[0m - [1mInference device: cuda[0m
[32m2026-08-25 00:55:22.823[0m | [32m[1mSUCCESS [0m | [36mearth2studio.run[0m:[36mensemble[0m:[36m428[0m - [32m[1mFetched data from GenCastICSource[0m
[32m2026-08-25 00:55:23.150[0m | [1mINFO    [0m | [36mearth2studio.run[0m:[36mensemble[0m:[36m472[0m - [1mStarting 6 Member Ensemble Inference with             6 number of batches.[0m
[32m2026-08-25 00:58:23.685[0m | [32m[1mSUCCESS [0m | [36mearth2studio.run[0m:[36mensemble[0m:[36m544[0m - [32m[1m
Inference complete[0m
[score] w14@15d: 183.2 s (7.63 s/step) -> w14_lead15_cube.nc (8 MB)
[score] shard 2: all 10 task(s) done
