Host: nucla3m-a3meganodeset-0
Start: Wed Sep 30 06:54:50 UTC 2026
GPU 0: NVIDIA H100 80GB HBM3 (UUID: GPU-37e52afa-581c-7406-4e75-b6208674ab27)
GPU 1: NVIDIA H100 80GB HBM3 (UUID: GPU-062a9eff-bbc8-a8df-45eb-360eaf6cade6)
GPU 2: NVIDIA H100 80GB HBM3 (UUID: GPU-37414005-a1c1-39ec-78e0-975e3800ac11)
GPU 3: NVIDIA H100 80GB HBM3 (UUID: GPU-d42878e7-5278-edf8-1b92-23864c2f21b2)
GPU 4: NVIDIA H100 80GB HBM3 (UUID: GPU-199a84b2-d15c-9b6a-e818-f9e3e82d1dc6)
GPU 5: NVIDIA H100 80GB HBM3 (UUID: GPU-ab698064-cb49-4739-46dc-89163740ef28)
GPU 6: NVIDIA H100 80GB HBM3 (UUID: GPU-7fc0a419-0766-cec9-6944-a48f1c1ba8b7)
GPU 7: NVIDIA H100 80GB HBM3 (UUID: GPU-5b93631f-846d-8229-ab6a-67bbb500d938)
acal case 23 (rung>=2): event=e24_c3_20240119 tag=acal N=32 M=6
AI+RES acal - e24_c3_20240119  (init 2023-12-29, peak 2024-01-19, metric t2m_anom)
e24_c3_20240119: primary box CONUS (24-50N, 125W-66W)
    the whole verification window; what Gate 2 used

  N walkers        32
  score backend    fcn3   M = 6
  tail             LOW (cold event: clone the most negative A_L)
  C_k              0, 1, 1.4, 1.8, 2 at 3 d, 6 d, 9 d, 12 d, 15 d
  legs
    1: 0 -> 3 d, segments [1], C = 0
    2: 3 -> 6 d, segments [2], C = 1
    3: 6 -> 9 d, segments [3], C = 1.4
    4: 9 -> 12 d, segments [4], C = 1.8
    5: 12 -> 15 d, segments [5], C = 2
    6: 15 -> 21 d, segments [6, 7], carry to the horizon (no resampling)

  prerequisites
    walker init frames  OK   /home/ubuntu/Vayuh/data/eric/S2S_ExtremeWeather/runs/xres/0p25/week3/inputs/e24_c3_20240119_inputs.nc
    derived calibration OK   /home/ubuntu/Vayuh/data/eric/S2S_ExtremeWeather/runs/aires/calib/derived_calib.nc
    xres reference cube absent   /home/ubuntu/Vayuh/data/eric/S2S_ExtremeWeather/runs/xres/0p25/week3/cache/e24_c3_20240119_cube.nc   (physical check on the first segment; not required)

  cached            182/224 walker segments, 128/128 score cubes (54 states resident)

  budget            walk 252 GenCast steps ~3.6 GPU-h (~27 min over 8 GPUs)
                    score 0 FCN3 steps ~0.0 GPU-h (~0 min over 8 GPUs)
                    total ~3.6 H100-h, ~0.5 h wall on one node

  disk              states 46 GB peak (3 segments resident x 32 x 477 MB, --keep-states 2), diagnostics 8 GB, score cubes 1 GB
                    ~55 GB needed, 639 GB free

  configuration frozen at /home/ubuntu/Vayuh/data/eric/S2S_ExtremeWeather/runs/aires/e24_c3_20240119/res/acal/run.json

  READY: yes
--- res: Wed Sep 30 06:55:08 UTC 2026 ---
[res] e24_c3_20240119 tag=acal N=32 M=6 backend=fcn3 C=(0.0, 1.0, 1.4, 1.8, 2.0)
[res] host=nucla3m-a3meganodeset-0 shards=8 visible GPUs=8 seed=20260819
  [walk] leg 1: complete (verified 2026-09-18 04:12:56.209170+00:00)
  [score] leg 1 (skipped(C=0)): theta over the box mean +1.015, sd 0.208
  [dmc] step 1: C=0.00 R=1.0000 ESS=32.0/32 killed=0 max_mult=1
  [walk] leg 2: complete (verified 2026-09-18 04:37:18.976591+00:00)
  [score] leg 2 (fcn3): theta over the box mean -0.210, sd 1.303
  [dmc] step 2: C=1.00 R=1.6113 ESS=15.4/32 killed=12 max_mult=4
  [walk] leg 3: complete (verified 2026-09-18 05:52:42.247595+00:00)
  [score] leg 3 (fcn3): theta over the box mean -1.586, sd 1.337
  [dmc] step 3: C=1.40 R=0.6380 ESS=14.9/32 killed=12 max_mult=5
  [walk] leg 4: complete (verified 2026-09-18 06:46:26.885507+00:00)
  [score] leg 4 (fcn3): theta over the box mean -2.094, sd 1.447
  [dmc] step 4: C=1.80 R=0.6607 ESS=15.2/32 killed=10 max_mult=5
  [walk] leg 5: complete (verified 2026-09-18 07:33:11.257998+00:00)
  [score] leg 5 (fcn3): theta over the box mean -3.186, sd 1.347
  [dmc] step 5: C=2.00 R=0.4423 ESS=14.2/32 killed=10 max_mult=6
  [walk] leg 6: 42/64 segment(s) to roll (15 -> 21 d)
  [walk-leg06] attempt 1/3: 8 shard(s)
  [walk] leg 6: pool finished in 31.4 min

  step   C_k      R_k     ESS  ESS/N  killed  max mult
     1  0.00   1.0000   32.00   1.00       0         1
     2  1.00   1.6113   15.42   0.48      12         4
     3  1.40   0.6380   14.94   0.47      12         5
     4  1.80   0.6607   15.22   0.48      10         5
     5  2.00   0.4423   14.16   0.44      10         6
  log Z = -1.2026   normalization check = 0.5190 (should be ~1)
  founders surviving: 8/32

[res] finished in 31.6 min -> /home/ubuntu/Vayuh/data/eric/S2S_ExtremeWeather/runs/aires/e24_c3_20240119/res/acal/res_result.json
[res] now reduce on the login node:
  PYTHONPATH=. python -m aires.run_aires --stage ds --event e24_c3_20240119
  PYTHONPATH=. python -m aires.run_aires --stage compare --event e24_c3_20240119 --tag acal
End: Wed Sep 30 07:26:43 UTC 2026
