[walk] host=nucla3m-a3meganodeset-4 shard 0/1: ['PNW_HeatDome_2021@wk4 ']
[walk] SMOKE: chains truncated to 2 segment(s). This does NOT reach the peak and produces no verdict - it exercises the loop.
[walk] PNW_HeatDome_2021@wk4 : 2 segment(s), 12 steps, init 2021-05-31 00:00:00 -> peak 2021-06-28 00:00:00
  [walker] w00 step1: 6 x 12 h from 2021-05-31 00:00:00
  [walker] loading 'GenCast 0p25deg <2019.npz' (0.25 deg)
[model] serial infer on 1 device(s); ensemble=1 (1 sample(s), one at a time). task pressure levels: 13
  [walker] model loaded in 12 s
  [walker] grid-node channels: inputs 176 + targets 504 + forcings 24; 6 step(s) from 2021-05-31 00:00:00
/home/ubuntu/Vayuh/data/eric/S2S_ExtremeWeather/third_party/graphcast/graphcast/rollout.py:328: FutureWarning: The return type of `Dataset.dims` will be changed to return a set of dimension names in future, in order to be more consistent with `DataArray.dims`. To access a mapping from dimension names to lengths, please use `Dataset.sizes`.
  num_target_steps = targets_template.dims["time"]
/home/ubuntu/miniconda3/envs/moe/lib/python3.12/site-packages/scipy/sparse/_index.py:210: SparseEfficiencyWarning: Changing the sparsity structure of a csr_matrix is expensive. lil and dok are more efficient.
  self._set_arrayXarray(i, j, x)
/home/ubuntu/miniconda3/envs/moe/lib/python3.12/site-packages/scipy/sparse/_index.py:210: SparseEfficiencyWarning: Changing the sparsity structure of a csr_matrix is expensive. lil and dok are more efficient.
  self._set_arrayXarray(i, j, x)
/home/ubuntu/miniconda3/envs/moe/lib/python3.12/site-packages/jax/_src/compiler.py:833: UserWarning: Error writing persistent compilation cache entry for 'jit_apply_fn': JaxRuntimeError: RESOURCE_EXHAUSTED: Failed to serialize message of type xla.gpu.GpuExecutableProto because its size must be smaller than 2GiB: 4171376044; at byte 0; at uncompressed byte 0; at byte 2909
	failed to serialize the rest of the fields in GpuExecutableProto split proto (all fields except asm_text, binary, dnn_compiled_graphs, and constants)
  warnings.warn(
/home/ubuntu/Vayuh/data/eric/S2S_ExtremeWeather/third_party/graphcast/graphcast/rollout.py:435: FutureWarning: The return type of `Dataset.dims` will be changed to return a set of dimension names in future, in order to be more consistent with `DataArray.dims`. To access a mapping from dimension names to lengths, please use `Dataset.sizes`.
  num_inputs = prev_inputs.dims["time"]
/home/ubuntu/Vayuh/data/eric/S2S_ExtremeWeather/third_party/graphcast/graphcast/rollout.py:437: FutureWarning: In a future version of xarray the default value for compat will change from compat='equals' to compat='override'. This change will result in the following ValueError: Cannot specify both data_vars='different' and compat='override'. The recommendation is to set compat explicitly for this case.
  xarray.concat(
  [walker w00 s1] step 1/6  valid 2021-05-31 12:00:00
  [walker w00 s1] step 2/6  valid 2021-06-01 00:00:00
  [walker w00 s1] step 3/6  valid 2021-06-01 12:00:00
  [walker w00 s1] step 4/6  valid 2021-06-02 00:00:00
  [walker w00 s1] step 5/6  valid 2021-06-02 12:00:00
  [walker w00 s1] step 6/6  valid 2021-06-03 00:00:00
  [walker] wrote /home/ubuntu/Vayuh/data/eric/S2S_ExtremeWeather/runs/aires/PNW_HeatDome_2021/res/stab/walkers/w00/step01/state.nc (473 MB), valid 2021-06-03 00:00:00
  [walker] wrote /home/ubuntu/Vayuh/data/eric/S2S_ExtremeWeather/runs/aires/PNW_HeatDome_2021/res/stab/walkers/w00/step01/diag.nc (35 MB, 6 steps)
[walk] physics PNW_HeatDome_2021@wk4  step1 @ 2021-06-03 00:00:00: CONUS-mean T2m 297.42 K vs the same-init xres ensemble 297.24 +- 0.123 K over 24 members (1.5 sd)
  [walker] w00 step2: 6 x 12 h from 2021-06-03 00:00:00
  [walker] grid-node channels: inputs 176 + targets 504 + forcings 24; 6 step(s) from 2021-06-03 00:00:00
/home/ubuntu/Vayuh/data/eric/S2S_ExtremeWeather/third_party/graphcast/graphcast/rollout.py:328: FutureWarning: The return type of `Dataset.dims` will be changed to return a set of dimension names in future, in order to be more consistent with `DataArray.dims`. To access a mapping from dimension names to lengths, please use `Dataset.sizes`.
  num_target_steps = targets_template.dims["time"]
/home/ubuntu/Vayuh/data/eric/S2S_ExtremeWeather/third_party/graphcast/graphcast/rollout.py:435: FutureWarning: The return type of `Dataset.dims` will be changed to return a set of dimension names in future, in order to be more consistent with `DataArray.dims`. To access a mapping from dimension names to lengths, please use `Dataset.sizes`.
  num_inputs = prev_inputs.dims["time"]
/home/ubuntu/Vayuh/data/eric/S2S_ExtremeWeather/third_party/graphcast/graphcast/rollout.py:437: FutureWarning: In a future version of xarray the default value for compat will change from compat='equals' to compat='override'. This change will result in the following ValueError: Cannot specify both data_vars='different' and compat='override'. The recommendation is to set compat explicitly for this case.
  xarray.concat(
  [walker w00 s2] step 1/6  valid 2021-06-03 12:00:00
  [walker w00 s2] step 2/6  valid 2021-06-04 00:00:00
  [walker w00 s2] step 3/6  valid 2021-06-04 12:00:00
  [walker w00 s2] step 4/6  valid 2021-06-05 00:00:00
  [walker w00 s2] step 5/6  valid 2021-06-05 12:00:00
  [walker w00 s2] step 6/6  valid 2021-06-06 00:00:00
  [walker] wrote /home/ubuntu/Vayuh/data/eric/S2S_ExtremeWeather/runs/aires/PNW_HeatDome_2021/res/stab/walkers/w00/step02/state.nc (473 MB), valid 2021-06-06 00:00:00
  [walker] wrote /home/ubuntu/Vayuh/data/eric/S2S_ExtremeWeather/runs/aires/PNW_HeatDome_2021/res/stab/walkers/w00/step02/diag.nc (35 MB, 6 steps)
[walk] PNW_HeatDome_2021@wk4 : SMOKE complete (2 segment(s), lead 6 d of 28 d). Not checked against the peak - a truncated chain is not supposed to reach it.
[walk] shard 0: 2 segment(s) rolled, 772 s total
