Host: nucla3m-a3meganodeset-6
Start: Thu Sep 17 20:01:45 UTC 2026
GPU 0: NVIDIA H100 80GB HBM3 (UUID: GPU-b8ea1035-0007-7515-3dd6-af91b019c0d5)
GPU 1: NVIDIA H100 80GB HBM3 (UUID: GPU-d6d50080-e779-0925-0ed6-43a4555a210a)
GPU 2: NVIDIA H100 80GB HBM3 (UUID: GPU-511024c1-3c7e-7c77-1079-2f1703c3eab2)
GPU 3: NVIDIA H100 80GB HBM3 (UUID: GPU-5af99110-d654-920b-c96a-2bd40ba27b5f)
GPU 4: NVIDIA H100 80GB HBM3 (UUID: GPU-d99414f2-afb8-63e6-e2f0-9c1d091423da)
GPU 5: NVIDIA H100 80GB HBM3 (UUID: GPU-85259381-d999-65b3-d62c-cdcff9d594cb)
GPU 6: NVIDIA H100 80GB HBM3 (UUID: GPU-dee27eeb-a837-8f09-94f0-3f975e31b9e4)
GPU 7: NVIDIA H100 80GB HBM3 (UUID: GPU-af7e590f-89d8-8ce1-c223-d556791a6b06)
acal case 0 (rung>=3): event=e02_c4_20210218 tag=acal N=32 M=6
AI+RES acal - e02_c4_20210218  (init 2021-01-28, peak 2021-02-18, metric t2m_anom)
e02_c4_20210218: primary box CONUS (24-50N, 125W-66W)
    the whole verification window; what Gate 2 used

  N walkers        32
  score backend    fcn3   M = 6
  tail             LOW (cold event: clone the most negative A_L)
  C_k              0, 1, 1.4, 1.8, 2 at 3 d, 6 d, 9 d, 12 d, 15 d
  legs
    1: 0 -> 3 d, segments [1], C = 0
    2: 3 -> 6 d, segments [2], C = 1
    3: 6 -> 9 d, segments [3], C = 1.4
    4: 9 -> 12 d, segments [4], C = 1.8
    5: 12 -> 15 d, segments [5], C = 2
    6: 15 -> 21 d, segments [6, 7], carry to the horizon (no resampling)

  prerequisites
    walker init frames  OK   /home/ubuntu/Vayuh/data/eric/S2S_ExtremeWeather/runs/xres/0p25/week3/inputs/e02_c4_20210218_inputs.nc
    derived calibration OK   /home/ubuntu/Vayuh/data/eric/S2S_ExtremeWeather/runs/aires/calib/derived_calib.nc
    xres reference cube absent   /home/ubuntu/Vayuh/data/eric/S2S_ExtremeWeather/runs/xres/0p25/week3/cache/e02_c4_20210218_cube.nc   (physical check on the first segment; not required)

  cached            28/224 walker segments, 0/128 score cubes (28 states resident)

  budget            walk 1,176 GenCast steps ~17.0 GPU-h (~127 min over 8 GPUs)
                    score 32,256 FCN3 steps ~12.5 GPU-h (~94 min over 8 GPUs)
                    total ~29.5 H100-h, ~3.7 h wall on one node

  disk              states 46 GB peak (3 segments resident x 32 x 477 MB, --keep-states 2), diagnostics 8 GB, score cubes 1 GB
                    ~55 GB needed, 475 GB free

  configuration frozen at /home/ubuntu/Vayuh/data/eric/S2S_ExtremeWeather/runs/aires/e02_c4_20210218/res/acal/run.json

  READY: yes
--- res: Thu Sep 17 20:01:47 UTC 2026 ---
[res] e02_c4_20210218 tag=acal N=32 M=6 backend=fcn3 C=(0.0, 1.0, 1.4, 1.8, 2.0)
[res] host=nucla3m-a3meganodeset-6 shards=8 visible GPUs=8 seed=20260819
  [walk] leg 1: 4/32 segment(s) to roll (0 -> 3 d)
  [walk-leg01] attempt 1/3: 8 shard(s)
  [walk] leg 1: pool finished in 19.2 min
  [score] leg 1 (skipped(C=0)): theta over the box mean +0.264, sd 0.218
  [dmc] step 1: C=0.00 R=1.0000 ESS=32.0/32 killed=0 max_mult=1
  [walk] leg 2: 32/32 segment(s) to roll (3 -> 6 d)
  [walk-leg02] attempt 1/3: 8 shard(s)
  [walk] leg 2: pool finished in 20.3 min
  [score] leg 2: 32/32 forecast(s) to run (6 x 60 x 6 h from 6 d to the peak; 11,520 FCN3 steps)
  [score-leg02] attempt 1/3: 8 shard(s)
  [score] leg 2: pool finished in 38.2 min
  [score] leg 2 (fcn3): theta over the box mean -0.725, sd 1.161
  [dmc] step 2: C=1.00 R=1.5602 ESS=15.9/32 killed=11 max_mult=5
  [walk] pruned walker states at segments <= 1 (15.1 GB freed; --keep-states 2)
  [walk] leg 3: 32/32 segment(s) to roll (6 -> 9 d)
  [walk-leg03] attempt 1/3: 8 shard(s)
  [walk] leg 3: pool finished in 20.9 min
  [score] leg 3: 32/32 forecast(s) to run (6 x 48 x 6 h from 9 d to the peak; 9,216 FCN3 steps)
  [score-leg03] attempt 1/3: 8 shard(s)
  [score] leg 3: pool finished in 29.7 min
  [score] leg 3 (fcn3): theta over the box mean -1.672, sd 1.506
  [dmc] step 3: C=1.40 R=1.1751 ESS=8.3/32 killed=16 max_mult=8
  [walk] pruned walker states at segments <= 2 (15.1 GB freed; --keep-states 2)
  [walk] leg 4: 32/32 segment(s) to roll (9 -> 12 d)
  [walk-leg04] attempt 1/3: 8 shard(s)
  [walk] leg 4: pool finished in 20.7 min
  [score] leg 4: 32/32 forecast(s) to run (6 x 36 x 6 h from 12 d to the peak; 6,912 FCN3 steps)
  [score-leg04] attempt 1/3: 8 shard(s)
  [score] leg 4: pool finished in 23.2 min
  [score] leg 4 (fcn3): theta over the box mean -3.620, sd 1.881
  [dmc] step 4: C=1.80 R=0.3741 ESS=16.6/32 killed=11 max_mult=5
  [walk] pruned walker states at segments <= 3 (15.1 GB freed; --keep-states 2)
  [walk] leg 5: 32/32 segment(s) to roll (12 -> 15 d)
  [walk-leg05] attempt 1/3: 8 shard(s)
  [walk] leg 5: pool finished in 20.4 min
  [score] leg 5: 32/32 forecast(s) to run (6 x 24 x 6 h from 15 d to the peak; 4,608 FCN3 steps)
  [score-leg05] attempt 1/3: 8 shard(s)
  [score] leg 5: pool finished in 16.9 min
  [score] leg 5 (fcn3): theta over the box mean -4.804, sd 1.544
  [dmc] step 5: C=2.00 R=0.4473 ESS=22.2/32 killed=7 max_mult=2
  [walk] pruned walker states at segments <= 4 (15.2 GB freed; --keep-states 2)
  [walk] leg 6: 64/64 segment(s) to roll (15 -> 21 d)
  [walk-leg06] attempt 1/3: 8 shard(s)
  [walk] leg 6: pool finished in 35.0 min

  step   C_k      R_k     ESS  ESS/N  killed  max mult
     1  0.00   1.0000   32.00   1.00       0         1
     2  1.00   1.5602   15.87   0.50      11         5
     3  1.40   1.1751    8.28   0.26      16         8
     4  1.80   0.3741   16.63   0.52      11         5
     5  2.00   0.4473   22.18   0.69       7         2
  log Z = -1.1815   normalization check = 0.4960 (should be ~1)
  founders surviving: 5/32

[res] finished in 245.3 min -> /home/ubuntu/Vayuh/data/eric/S2S_ExtremeWeather/runs/aires/e02_c4_20210218/res/acal/res_result.json
[res] now reduce on the login node:
  PYTHONPATH=. python -m aires.run_aires --stage ds --event e02_c4_20210218
  PYTHONPATH=. python -m aires.run_aires --stage compare --event e02_c4_20210218 --tag acal
End: Fri Sep 18 00:07:05 UTC 2026
