Host: nucla3m-a3meganodeset-1
Start: Wed Sep 30 04:42:48 UTC 2026
GPU 0: NVIDIA H100 80GB HBM3 (UUID: GPU-1e3346ed-8ba9-0194-f8b2-6b0f49a2e145)
GPU 1: NVIDIA H100 80GB HBM3 (UUID: GPU-9e0f6cca-d4b1-e926-0d3c-579b3514ff7d)
GPU 2: NVIDIA H100 80GB HBM3 (UUID: GPU-db0c696d-ea62-4e0f-c499-5c03774c457e)
GPU 3: NVIDIA H100 80GB HBM3 (UUID: GPU-4a9ce45c-9d8e-586d-e45f-dd5c307a59c1)
GPU 4: NVIDIA H100 80GB HBM3 (UUID: GPU-941242cf-b532-1f32-03ab-eea72707cd1d)
GPU 5: NVIDIA H100 80GB HBM3 (UUID: GPU-da95ee82-a366-626b-2895-be2341bd6540)
GPU 6: NVIDIA H100 80GB HBM3 (UUID: GPU-b34345f3-fadb-5154-7b48-5a63acdd0977)
GPU 7: NVIDIA H100 80GB HBM3 (UUID: GPU-841b7e04-1b11-aba4-deea-91956c1d79c1)
acal case 19 (rung>=2): event=e20_c2_20231103 tag=acal N=32 M=6
AI+RES acal - e20_c2_20231103  (init 2023-10-13, peak 2023-11-03, metric t2m_anom)
e20_c2_20231103: primary box CONUS (24-50N, 125W-66W)
    the whole verification window; what Gate 2 used

  N walkers        32
  score backend    fcn3   M = 6
  tail             LOW (cold event: clone the most negative A_L)
  C_k              0, 1, 1.4, 1.8, 2 at 3 d, 6 d, 9 d, 12 d, 15 d
  legs
    1: 0 -> 3 d, segments [1], C = 0
    2: 3 -> 6 d, segments [2], C = 1
    3: 6 -> 9 d, segments [3], C = 1.4
    4: 9 -> 12 d, segments [4], C = 1.8
    5: 12 -> 15 d, segments [5], C = 2
    6: 15 -> 21 d, segments [6, 7], carry to the horizon (no resampling)

  prerequisites
    walker init frames  OK   /home/ubuntu/Vayuh/data/eric/S2S_ExtremeWeather/runs/xres/0p25/week3/inputs/e20_c2_20231103_inputs.nc
    derived calibration OK   /home/ubuntu/Vayuh/data/eric/S2S_ExtremeWeather/runs/aires/calib/derived_calib.nc
    xres reference cube absent   /home/ubuntu/Vayuh/data/eric/S2S_ExtremeWeather/runs/xres/0p25/week3/cache/e20_c2_20231103_cube.nc   (physical check on the first segment; not required)

  cached            0/224 walker segments, 0/128 score cubes (0 states resident)

  budget            walk 1,344 GenCast steps ~19.4 GPU-h (~146 min over 8 GPUs)
                    score 32,256 FCN3 steps ~12.5 GPU-h (~94 min over 8 GPUs)
                    total ~32.0 H100-h, ~4.0 h wall on one node

  disk              states 46 GB peak (3 segments resident x 32 x 477 MB, --keep-states 2), diagnostics 8 GB, score cubes 1 GB
                    ~55 GB needed, 660 GB free

  configuration frozen at /home/ubuntu/Vayuh/data/eric/S2S_ExtremeWeather/runs/aires/e20_c2_20231103/res/acal/run.json

  READY: yes
--- res: Wed Sep 30 04:42:50 UTC 2026 ---
[res] e20_c2_20231103 tag=acal N=32 M=6 backend=fcn3 C=(0.0, 1.0, 1.4, 1.8, 2.0)
[res] host=nucla3m-a3meganodeset-1 shards=8 visible GPUs=8 seed=20260819
  [walk] leg 1: 32/32 segment(s) to roll (0 -> 3 d)
  [walk-leg01] attempt 1/3: 8 shard(s)
  [walk] leg 1: pool finished in 19.5 min
  [score] leg 1 (skipped(C=0)): theta over the box mean +0.077, sd 0.189
  [dmc] step 1: C=0.00 R=1.0000 ESS=32.0/32 killed=0 max_mult=1
  [walk] leg 2: 32/32 segment(s) to roll (3 -> 6 d)
  [walk-leg02] attempt 1/3: 8 shard(s)
  [walk] leg 2: pool finished in 22.1 min
  [score] leg 2: 32/32 forecast(s) to run (6 x 60 x 6 h from 6 d to the peak; 11,520 FCN3 steps)
  [score-leg02] attempt 1/3: 8 shard(s)
  [score] leg 2: pool finished in 37.3 min
  [score] leg 2 (fcn3): theta over the box mean +0.320, sd 0.926
  [dmc] step 2: C=1.00 R=1.6511 ESS=13.3/32 killed=13 max_mult=6
  [walk] pruned walker states at segments <= 1 (15.1 GB freed; --keep-states 2)
  [walk] leg 3: 32/32 segment(s) to roll (6 -> 9 d)
  [walk-leg03] attempt 1/3: 8 shard(s)
  [walk] leg 3: pool finished in 21.8 min
  [score] leg 3: 32/32 forecast(s) to run (6 x 48 x 6 h from 9 d to the peak; 9,216 FCN3 steps)
  [score-leg03] attempt 1/3: 8 shard(s)
  [score] leg 3: pool finished in 29.6 min
  [score] leg 3 (fcn3): theta over the box mean -0.169, sd 0.953
  [dmc] step 3: C=1.40 R=0.6776 ESS=15.8/32 killed=12 max_mult=4
  [walk] pruned walker states at segments <= 2 (15.1 GB freed; --keep-states 2)
  [walk] leg 4: 32/32 segment(s) to roll (9 -> 12 d)
  [walk-leg04] attempt 1/3: 8 shard(s)
  [walk] leg 4: pool finished in 21.7 min
  [score] leg 4: 32/32 forecast(s) to run (6 x 36 x 6 h from 12 d to the peak; 6,912 FCN3 steps)
  [score-leg04] attempt 1/3: 8 shard(s)
  [score] leg 4: pool finished in 23.2 min
  [score] leg 4 (fcn3): theta over the box mean -0.618, sd 1.101
  [dmc] step 4: C=1.80 R=0.6803 ESS=10.1/32 killed=12 max_mult=7
  [walk] pruned walker states at segments <= 3 (15.1 GB freed; --keep-states 2)
  [walk] leg 5: 32/32 segment(s) to roll (12 -> 15 d)
  [walk-leg05] attempt 1/3: 8 shard(s)
  [walk] leg 5: pool finished in 22.0 min
  [score] leg 5: 32/32 forecast(s) to run (6 x 24 x 6 h from 15 d to the peak; 4,608 FCN3 steps)
  [score-leg05] attempt 1/3: 8 shard(s)
  [score] leg 5: pool finished in 16.9 min
  [score] leg 5 (fcn3): theta over the box mean -2.056, sd 1.630
  [dmc] step 5: C=2.00 R=0.1894 ESS=20.7/32 killed=12 max_mult=3
  [walk] pruned walker states at segments <= 4 (15.2 GB freed; --keep-states 2)
  [walk] leg 6: 64/64 segment(s) to roll (15 -> 21 d)
  [walk-leg06] attempt 1/3: 8 shard(s)
  [walk] leg 6: pool finished in 34.6 min

  step   C_k      R_k     ESS  ESS/N  killed  max mult
     1  0.00   1.0000   32.00   1.00       0         1
     2  1.00   1.6511   13.31   0.42      13         6
     3  1.40   0.6776   15.75   0.49      12         4
     4  1.80   0.6803   10.10   0.32      12         7
     5  2.00   0.1894   20.70   0.65      12         3
  log Z = -1.9371   normalization check = 1.2546 (should be ~1)
  founders surviving: 10/32

[res] finished in 249.7 min -> /home/ubuntu/Vayuh/data/eric/S2S_ExtremeWeather/runs/aires/e20_c2_20231103/res/acal/res_result.json
[res] now reduce on the login node:
  PYTHONPATH=. python -m aires.run_aires --stage ds --event e20_c2_20231103
  PYTHONPATH=. python -m aires.run_aires --stage compare --event e20_c2_20231103 --tag acal
End: Wed Sep 30 08:52:32 UTC 2026
