[check] torch-harmonics DISCO CUDA extension: PRESENT -> FCN3 runs bf16
[score] host=nucla3m-a3meganodeset-6 shard 0/8: 10 task(s), 0 cached, 10 to run
[score] calibration = aires.calibrate fit on 90 ERA5 frames
[model] loaded cache fcn3_model_2.11.0+cu128_th0.8.1_a305be3ecd79.pt in 27.2 s
[score] w00@3d: 6 member(s) x 72 x 6 h from 2023-06-09 00:00:00 -> peak 2023-06-27  (seed 1944796304, vars ['t2m'])
[32m2026-08-24 23:50:11.531[0m | [1mINFO    [0m | [36mearth2studio.run[0m:[36mensemble[0m:[36m400[0m - [1mRunning ensemble inference![0m
[32m2026-08-24 23:50:11.531[0m | [1mINFO    [0m | [36mearth2studio.run[0m:[36mensemble[0m:[36m407[0m - [1mInference device: cuda[0m
[32m2026-08-24 23:50:20.100[0m | [32m[1mSUCCESS [0m | [36mearth2studio.run[0m:[36mensemble[0m:[36m428[0m - [32m[1mFetched data from GenCastICSource[0m
[32m2026-08-24 23:50:20.434[0m | [1mINFO    [0m | [36mearth2studio.run[0m:[36mensemble[0m:[36m472[0m - [1mStarting 6 Member Ensemble Inference with             6 number of batches.[0m
[32m2026-08-25 00:00:27.124[0m | [32m[1mSUCCESS [0m | [36mearth2studio.run[0m:[36mensemble[0m:[36m544[0m - [32m[1m
Inference complete[0m
[score] w00@3d: 615.6 s (8.55 s/step) -> w00_lead03_cube.nc (27 MB)
[score] w01@12d: 6 member(s) x 36 x 6 h from 2023-06-18 00:00:00 -> peak 2023-06-27  (seed 1427613954, vars ['t2m'])
[32m2026-08-25 00:01:36.173[0m | [1mINFO    [0m | [36mearth2studio.run[0m:[36mensemble[0m:[36m400[0m - [1mRunning ensemble inference![0m
[32m2026-08-25 00:01:36.173[0m | [1mINFO    [0m | [36mearth2studio.run[0m:[36mensemble[0m:[36m407[0m - [1mInference device: cuda[0m
[32m2026-08-25 00:01:38.431[0m | [32m[1mSUCCESS [0m | [36mearth2studio.run[0m:[36mensemble[0m:[36m428[0m - [32m[1mFetched data from GenCastICSource[0m
[32m2026-08-25 00:01:38.731[0m | [1mINFO    [0m | [36mearth2studio.run[0m:[36mensemble[0m:[36m472[0m - [1mStarting 6 Member Ensemble Inference with             6 number of batches.[0m
[32m2026-08-25 00:06:12.004[0m | [32m[1mSUCCESS [0m | [36mearth2studio.run[0m:[36mensemble[0m:[36m544[0m - [32m[1m
Inference complete[0m
[score] w01@12d: 275.8 s (7.66 s/step) -> w01_lead12_cube.nc (12 MB)
[score] w03@6d: 6 member(s) x 60 x 6 h from 2023-06-12 00:00:00 -> peak 2023-06-27  (seed 58836993, vars ['t2m'])
[32m2026-08-25 00:06:38.263[0m | [1mINFO    [0m | [36mearth2studio.run[0m:[36mensemble[0m:[36m400[0m - [1mRunning ensemble inference![0m
[32m2026-08-25 00:06:38.263[0m | [1mINFO    [0m | [36mearth2studio.run[0m:[36mensemble[0m:[36m407[0m - [1mInference device: cuda[0m
[32m2026-08-25 00:06:40.606[0m | [32m[1mSUCCESS [0m | [36mearth2studio.run[0m:[36mensemble[0m:[36m428[0m - [32m[1mFetched data from GenCastICSource[0m
[32m2026-08-25 00:06:40.940[0m | [1mINFO    [0m | [36mearth2studio.run[0m:[36mensemble[0m:[36m472[0m - [1mStarting 6 Member Ensemble Inference with             6 number of batches.[0m
[32m2026-08-25 00:14:13.663[0m | [32m[1mSUCCESS [0m | [36mearth2studio.run[0m:[36mensemble[0m:[36m544[0m - [32m[1m
Inference complete[0m
[score] w03@6d: 455.4 s (7.59 s/step) -> w03_lead06_cube.nc (24 MB)
[score] w04@15d: 6 member(s) x 24 x 6 h from 2023-06-21 00:00:00 -> peak 2023-06-27  (seed 1265843362, vars ['t2m'])
[32m2026-08-25 00:15:08.376[0m | [1mINFO    [0m | [36mearth2studio.run[0m:[36mensemble[0m:[36m400[0m - [1mRunning ensemble inference![0m
[32m2026-08-25 00:15:08.376[0m | [1mINFO    [0m | [36mearth2studio.run[0m:[36mensemble[0m:[36m407[0m - [1mInference device: cuda[0m
[32m2026-08-25 00:15:10.651[0m | [32m[1mSUCCESS [0m | [36mearth2studio.run[0m:[36mensemble[0m:[36m428[0m - [32m[1mFetched data from GenCastICSource[0m
[32m2026-08-25 00:15:10.949[0m | [1mINFO    [0m | [36mearth2studio.run[0m:[36mensemble[0m:[36m472[0m - [1mStarting 6 Member Ensemble Inference with             6 number of batches.[0m
[32m2026-08-25 00:18:12.775[0m | [32m[1mSUCCESS [0m | [36mearth2studio.run[0m:[36mensemble[0m:[36m544[0m - [32m[1m
Inference complete[0m
[score] w04@15d: 184.4 s (7.68 s/step) -> w04_lead15_cube.nc (8 MB)
[score] w06@9d: 6 member(s) x 48 x 6 h from 2023-06-15 00:00:00 -> peak 2023-06-27  (seed 322885009, vars ['t2m'])
[32m2026-08-25 00:18:33.676[0m | [1mINFO    [0m | [36mearth2studio.run[0m:[36mensemble[0m:[36m400[0m - [1mRunning ensemble inference![0m
[32m2026-08-25 00:18:33.677[0m | [1mINFO    [0m | [36mearth2studio.run[0m:[36mensemble[0m:[36m407[0m - [1mInference device: cuda[0m
[32m2026-08-25 00:18:35.927[0m | [32m[1mSUCCESS [0m | [36mearth2studio.run[0m:[36mensemble[0m:[36m428[0m - [32m[1mFetched data from GenCastICSource[0m
[32m2026-08-25 00:18:36.238[0m | [1mINFO    [0m | [36mearth2studio.run[0m:[36mensemble[0m:[36m472[0m - [1mStarting 6 Member Ensemble Inference with             6 number of batches.[0m
[32m2026-08-25 00:24:38.900[0m | [32m[1mSUCCESS [0m | [36mearth2studio.run[0m:[36mensemble[0m:[36m544[0m - [32m[1m
Inference complete[0m
[score] w06@9d: 365.2 s (7.61 s/step) -> w06_lead09_cube.nc (16 MB)
[score] w08@3d: 6 member(s) x 72 x 6 h from 2023-06-09 00:00:00 -> peak 2023-06-27  (seed 1944796304, vars ['t2m'])
[32m2026-08-25 00:25:06.425[0m | [1mINFO    [0m | [36mearth2studio.run[0m:[36mensemble[0m:[36m400[0m - [1mRunning ensemble inference![0m
[32m2026-08-25 00:25:06.425[0m | [1mINFO    [0m | [36mearth2studio.run[0m:[36mensemble[0m:[36m407[0m - [1mInference device: cuda[0m
[32m2026-08-25 00:25:08.732[0m | [32m[1mSUCCESS [0m | [36mearth2studio.run[0m:[36mensemble[0m:[36m428[0m - [32m[1mFetched data from GenCastICSource[0m
[32m2026-08-25 00:25:09.051[0m | [1mINFO    [0m | [36mearth2studio.run[0m:[36mensemble[0m:[36m472[0m - [1mStarting 6 Member Ensemble Inference with             6 number of batches.[0m
[32m2026-08-25 00:34:10.646[0m | [32m[1mSUCCESS [0m | [36mearth2studio.run[0m:[36mensemble[0m:[36m544[0m - [32m[1m
Inference complete[0m
[score] w08@3d: 544.2 s (7.56 s/step) -> w08_lead03_cube.nc (27 MB)
[score] w09@12d: 6 member(s) x 36 x 6 h from 2023-06-18 00:00:00 -> peak 2023-06-27  (seed 1427613954, vars ['t2m'])
[32m2026-08-25 00:35:21.195[0m | [1mINFO    [0m | [36mearth2studio.run[0m:[36mensemble[0m:[36m400[0m - [1mRunning ensemble inference![0m
[32m2026-08-25 00:35:21.195[0m | [1mINFO    [0m | [36mearth2studio.run[0m:[36mensemble[0m:[36m407[0m - [1mInference device: cuda[0m
[32m2026-08-25 00:35:23.504[0m | [32m[1mSUCCESS [0m | [36mearth2studio.run[0m:[36mensemble[0m:[36m428[0m - [32m[1mFetched data from GenCastICSource[0m
[32m2026-08-25 00:35:23.795[0m | [1mINFO    [0m | [36mearth2studio.run[0m:[36mensemble[0m:[36m472[0m - [1mStarting 6 Member Ensemble Inference with             6 number of batches.[0m
[32m2026-08-25 00:39:54.898[0m | [32m[1mSUCCESS [0m | [36mearth2studio.run[0m:[36mensemble[0m:[36m544[0m - [32m[1m
Inference complete[0m
[score] w09@12d: 273.7 s (7.60 s/step) -> w09_lead12_cube.nc (12 MB)
[score] w11@6d: 6 member(s) x 60 x 6 h from 2023-06-12 00:00:00 -> peak 2023-06-27  (seed 58836993, vars ['t2m'])
[32m2026-08-25 00:40:19.883[0m | [1mINFO    [0m | [36mearth2studio.run[0m:[36mensemble[0m:[36m400[0m - [1mRunning ensemble inference![0m
[32m2026-08-25 00:40:19.883[0m | [1mINFO    [0m | [36mearth2studio.run[0m:[36mensemble[0m:[36m407[0m - [1mInference device: cuda[0m
[32m2026-08-25 00:40:22.282[0m | [32m[1mSUCCESS [0m | [36mearth2studio.run[0m:[36mensemble[0m:[36m428[0m - [32m[1mFetched data from GenCastICSource[0m
[32m2026-08-25 00:40:22.614[0m | [1mINFO    [0m | [36mearth2studio.run[0m:[36mensemble[0m:[36m472[0m - [1mStarting 6 Member Ensemble Inference with             6 number of batches.[0m
[32m2026-08-25 00:47:54.983[0m | [32m[1mSUCCESS [0m | [36mearth2studio.run[0m:[36mensemble[0m:[36m544[0m - [32m[1m
Inference complete[0m
[score] w11@6d: 455.1 s (7.59 s/step) -> w11_lead06_cube.nc (23 MB)
[score] w12@15d: 6 member(s) x 24 x 6 h from 2023-06-21 00:00:00 -> peak 2023-06-27  (seed 1265843362, vars ['t2m'])
[32m2026-08-25 00:48:48.214[0m | [1mINFO    [0m | [36mearth2studio.run[0m:[36mensemble[0m:[36m400[0m - [1mRunning ensemble inference![0m
[32m2026-08-25 00:48:48.215[0m | [1mINFO    [0m | [36mearth2studio.run[0m:[36mensemble[0m:[36m407[0m - [1mInference device: cuda[0m
[32m2026-08-25 00:48:50.535[0m | [32m[1mSUCCESS [0m | [36mearth2studio.run[0m:[36mensemble[0m:[36m428[0m - [32m[1mFetched data from GenCastICSource[0m
[32m2026-08-25 00:48:50.857[0m | [1mINFO    [0m | [36mearth2studio.run[0m:[36mensemble[0m:[36m472[0m - [1mStarting 6 Member Ensemble Inference with             6 number of batches.[0m
[32m2026-08-25 00:51:52.113[0m | [32m[1mSUCCESS [0m | [36mearth2studio.run[0m:[36mensemble[0m:[36m544[0m - [32m[1m
Inference complete[0m
[score] w12@15d: 183.9 s (7.66 s/step) -> w12_lead15_cube.nc (8 MB)
[score] w14@9d: 6 member(s) x 48 x 6 h from 2023-06-15 00:00:00 -> peak 2023-06-27  (seed 322885009, vars ['t2m'])
[32m2026-08-25 00:52:13.414[0m | [1mINFO    [0m | [36mearth2studio.run[0m:[36mensemble[0m:[36m400[0m - [1mRunning ensemble inference![0m
[32m2026-08-25 00:52:13.414[0m | [1mINFO    [0m | [36mearth2studio.run[0m:[36mensemble[0m:[36m407[0m - [1mInference device: cuda[0m
[32m2026-08-25 00:52:15.745[0m | [32m[1mSUCCESS [0m | [36mearth2studio.run[0m:[36mensemble[0m:[36m428[0m - [32m[1mFetched data from GenCastICSource[0m
[32m2026-08-25 00:52:16.076[0m | [1mINFO    [0m | [36mearth2studio.run[0m:[36mensemble[0m:[36m472[0m - [1mStarting 6 Member Ensemble Inference with             6 number of batches.[0m
[32m2026-08-25 00:58:17.740[0m | [32m[1mSUCCESS [0m | [36mearth2studio.run[0m:[36mensemble[0m:[36m544[0m - [32m[1m
Inference complete[0m
[score] w14@9d: 364.3 s (7.59 s/step) -> w14_lead09_cube.nc (16 MB)
[score] shard 0: all 10 task(s) done
