Host: nucla3m-a3meganodeset-6
Start: Wed Sep 16 00:39:19 UTC 2026
GPU 0: NVIDIA H100 80GB HBM3 (UUID: GPU-b8ea1035-0007-7515-3dd6-af91b019c0d5)
GPU 1: NVIDIA H100 80GB HBM3 (UUID: GPU-d6d50080-e779-0925-0ed6-43a4555a210a)
GPU 2: NVIDIA H100 80GB HBM3 (UUID: GPU-511024c1-3c7e-7c77-1079-2f1703c3eab2)
GPU 3: NVIDIA H100 80GB HBM3 (UUID: GPU-5af99110-d654-920b-c96a-2bd40ba27b5f)
GPU 4: NVIDIA H100 80GB HBM3 (UUID: GPU-d99414f2-afb8-63e6-e2f0-9c1d091423da)
GPU 5: NVIDIA H100 80GB HBM3 (UUID: GPU-85259381-d999-65b3-d62c-cdcff9d594cb)
GPU 6: NVIDIA H100 80GB HBM3 (UUID: GPU-dee27eeb-a837-8f09-94f0-3f975e31b9e4)
GPU 7: NVIDIA H100 80GB HBM3 (UUID: GPU-af7e590f-89d8-8ce1-c223-d556791a6b06)
acal case 2 (rung>=3): event=e13_c3_20221225 tag=acal N=32 M=6
AI+RES acal - e13_c3_20221225  (init 2022-12-04, peak 2022-12-25, metric t2m_anom)
e13_c3_20221225: primary box CONUS (24-50N, 125W-66W)
    the whole verification window; what Gate 2 used

  N walkers        32
  score backend    fcn3   M = 6
  tail             LOW (cold event: clone the most negative A_L)
  C_k              0, 1, 1.4, 1.8, 2 at 3 d, 6 d, 9 d, 12 d, 15 d
  legs
    1: 0 -> 3 d, segments [1], C = 0
    2: 3 -> 6 d, segments [2], C = 1
    3: 6 -> 9 d, segments [3], C = 1.4
    4: 9 -> 12 d, segments [4], C = 1.8
    5: 12 -> 15 d, segments [5], C = 2
    6: 15 -> 21 d, segments [6, 7], carry to the horizon (no resampling)

  prerequisites
    walker init frames  OK   /home/ubuntu/Vayuh/data/eric/S2S_ExtremeWeather/runs/xres/0p25/week3/inputs/e13_c3_20221225_inputs.nc
    derived calibration OK   /home/ubuntu/Vayuh/data/eric/S2S_ExtremeWeather/runs/aires/calib/derived_calib.nc
    xres reference cube absent   /home/ubuntu/Vayuh/data/eric/S2S_ExtremeWeather/runs/xres/0p25/week3/cache/e13_c3_20221225_cube.nc   (physical check on the first segment; not required)

  cached            0/224 walker segments, 0/128 score cubes (0 states resident)

  budget            walk 1,344 GenCast steps ~19.4 GPU-h (~146 min over 8 GPUs)
                    score 32,256 FCN3 steps ~12.5 GPU-h (~94 min over 8 GPUs)
                    total ~32.0 H100-h, ~4.0 h wall on one node

  disk              states 46 GB peak (3 segments resident x 32 x 477 MB, --keep-states 2), diagnostics 8 GB, score cubes 1 GB
                    ~55 GB needed, 533 GB free

  configuration frozen at /home/ubuntu/Vayuh/data/eric/S2S_ExtremeWeather/runs/aires/e13_c3_20221225/res/acal/run.json

  READY: yes
--- res: Wed Sep 16 00:39:21 UTC 2026 ---
[res] e13_c3_20221225 tag=acal N=32 M=6 backend=fcn3 C=(0.0, 1.0, 1.4, 1.8, 2.0)
[res] host=nucla3m-a3meganodeset-6 shards=8 visible GPUs=8 seed=20260819
  [walk] leg 1: 32/32 segment(s) to roll (0 -> 3 d)
  [walk-leg01] attempt 1/3: 8 shard(s)
