Host: nucla3m-a3meganodeset-0
Start: Fri Sep 18 07:23:22 UTC 2026
GPU 0: NVIDIA H100 80GB HBM3 (UUID: GPU-37e52afa-581c-7406-4e75-b6208674ab27)
GPU 1: NVIDIA H100 80GB HBM3 (UUID: GPU-062a9eff-bbc8-a8df-45eb-360eaf6cade6)
GPU 2: NVIDIA H100 80GB HBM3 (UUID: GPU-37414005-a1c1-39ec-78e0-975e3800ac11)
GPU 3: NVIDIA H100 80GB HBM3 (UUID: GPU-d42878e7-5278-edf8-1b92-23864c2f21b2)
GPU 4: NVIDIA H100 80GB HBM3 (UUID: GPU-199a84b2-d15c-9b6a-e818-f9e3e82d1dc6)
GPU 5: NVIDIA H100 80GB HBM3 (UUID: GPU-ab698064-cb49-4739-46dc-89163740ef28)
GPU 6: NVIDIA H100 80GB HBM3 (UUID: GPU-7fc0a419-0766-cec9-6944-a48f1c1ba8b7)
GPU 7: NVIDIA H100 80GB HBM3 (UUID: GPU-5b93631f-846d-8229-ab6a-67bbb500d938)
acal case 7 (rung>=3): event=e33_h4_20250101 tag=acal N=32 M=6
AI+RES acal - e33_h4_20250101  (init 2024-12-11, peak 2025-01-01, metric t2m_anom)
e33_h4_20250101: primary box CONUS (24-50N, 125W-66W)
    the whole verification window; what Gate 2 used

  N walkers        32
  score backend    fcn3   M = 6
  tail             HIGH (clone the largest A_L)
  C_k              0, 1, 1.4, 1.8, 2 at 3 d, 6 d, 9 d, 12 d, 15 d
  legs
    1: 0 -> 3 d, segments [1], C = 0
    2: 3 -> 6 d, segments [2], C = 1
    3: 6 -> 9 d, segments [3], C = 1.4
    4: 9 -> 12 d, segments [4], C = 1.8
    5: 12 -> 15 d, segments [5], C = 2
    6: 15 -> 21 d, segments [6, 7], carry to the horizon (no resampling)

  prerequisites
    walker init frames  OK   /home/ubuntu/Vayuh/data/eric/S2S_ExtremeWeather/runs/xres/0p25/week3/inputs/e33_h4_20250101_inputs.nc
    derived calibration OK   /home/ubuntu/Vayuh/data/eric/S2S_ExtremeWeather/runs/aires/calib/derived_calib.nc
    xres reference cube absent   /home/ubuntu/Vayuh/data/eric/S2S_ExtremeWeather/runs/xres/0p25/week3/cache/e33_h4_20250101_cube.nc   (physical check on the first segment; not required)

  cached            0/224 walker segments, 0/128 score cubes (0 states resident)

  budget            walk 1,344 GenCast steps ~19.4 GPU-h (~146 min over 8 GPUs)
                    score 32,256 FCN3 steps ~12.5 GPU-h (~94 min over 8 GPUs)
                    total ~32.0 H100-h, ~4.0 h wall on one node

  disk              states 46 GB peak (3 segments resident x 32 x 477 MB, --keep-states 2), diagnostics 8 GB, score cubes 1 GB
                    ~55 GB needed, 379 GB free

  configuration frozen at /home/ubuntu/Vayuh/data/eric/S2S_ExtremeWeather/runs/aires/e33_h4_20250101/res/acal/run.json

  READY: yes
--- res: Fri Sep 18 07:23:25 UTC 2026 ---
[res] e33_h4_20250101 tag=acal N=32 M=6 backend=fcn3 C=(0.0, 1.0, 1.4, 1.8, 2.0)
[res] host=nucla3m-a3meganodeset-0 shards=8 visible GPUs=8 seed=20260819
  [walk] leg 1: 32/32 segment(s) to roll (0 -> 3 d)
  [walk-leg01] attempt 1/3: 8 shard(s)
  [walk] leg 1: pool finished in 19.5 min
  [score] leg 1 (skipped(C=0)): theta over the box mean +0.192, sd 0.205
  [dmc] step 1: C=0.00 R=1.0000 ESS=32.0/32 killed=0 max_mult=1
  [walk] leg 2: 32/32 segment(s) to roll (3 -> 6 d)
  [walk-leg02] attempt 1/3: 8 shard(s)
  [walk] leg 2: pool finished in 19.6 min
  [score] leg 2: 32/32 forecast(s) to run (6 x 60 x 6 h from 6 d to the peak; 11,520 FCN3 steps)
  [score-leg02] attempt 1/3: 8 shard(s)
