Host: nucla3m-a3meganodeset-4
Start: Wed Aug 19 22:20:06 UTC 2026
GPU 0: NVIDIA H100 80GB HBM3 (UUID: GPU-8deaf399-5257-44be-de29-dbab5cab2837)
GPU 1: NVIDIA H100 80GB HBM3 (UUID: GPU-08ce4409-9463-80ec-57ba-eca08d003482)
GPU 2: NVIDIA H100 80GB HBM3 (UUID: GPU-8d511a9b-a471-736e-637d-a997e0a57717)
GPU 3: NVIDIA H100 80GB HBM3 (UUID: GPU-ab33084f-509e-82b2-8949-d8815d024cb0)
GPU 4: NVIDIA H100 80GB HBM3 (UUID: GPU-67dcae5f-2cfd-b933-fa3a-05a8184dccf0)
GPU 5: NVIDIA H100 80GB HBM3 (UUID: GPU-6f4c5b9e-2690-3130-7cd6-0ff15eee4c02)
GPU 6: NVIDIA H100 80GB HBM3 (UUID: GPU-5544fb35-a86b-e04c-5eea-201f7515a48a)
GPU 7: NVIDIA H100 80GB HBM3 (UUID: GPU-5d02916b-f04f-56da-a539-ff7cf9f27b6f)
AI+RES: event=PNW_HeatDome_2021 tag=smoke backend=fcn3 shards=8
AI+RES smoke - PNW_HeatDome_2021  (init 2021-06-07, peak 2021-06-28, metric t2m_anom)
PNW_HeatDome_2021: primary box PNW (44-50N, 124W-118W)
    Oregon + Washington, the dome core. The observed maximum reached ~52 N into British Columbia, which is outside the 50 N CONUS crop, so this box sees the southern two thirds of the event.
  secondary: CONUS (24-50N, 125W-66W)

  N walkers        8
  score backend    fcn3   M = 6
  tail             HIGH (clone the largest A_L)
  C_k              0, 1 at 3 d, 6 d
  legs
    1: 0 -> 3 d, segments [1], C = 0
    2: 3 -> 6 d, segments [2], C = 1
    3: 6 -> 12 d, segments [3, 4], carry to the horizon (no resampling)

  prerequisites
    walker init frames  OK   /home/ubuntu/Vayuh/data/eric/S2S_ExtremeWeather/runs/xres/0p25/week3/inputs/PNW_HeatDome_2021_inputs.nc
    derived calibration OK   /home/ubuntu/Vayuh/data/eric/S2S_ExtremeWeather/runs/aires/calib/derived_calib.nc
    xres reference cube OK   /home/ubuntu/Vayuh/data/eric/S2S_ExtremeWeather/runs/xres/0p25/week3/cache/PNW_HeatDome_2021_cube.nc   (physical check on the first segment; not required)

  cached            16/32 walker segments, 0/8 score cubes (16 states resident)

  budget            walk 96 GenCast steps ~0.7 GPU-h (~6 min over 8 GPUs)
                    score 2,880 FCN3 steps ~0.8 GPU-h (~6 min over 8 GPUs)
                    total ~1.5 H100-h, ~0.2 h wall on one node

  disk              states 11 GB peak (3 segments resident x 8 x 477 MB, --keep-states 2), diagnostics 0 GB, score cubes 0 GB
                    ~12 GB needed, 653 GB free

  configuration frozen at /home/ubuntu/Vayuh/data/eric/S2S_ExtremeWeather/runs/aires/PNW_HeatDome_2021/res/smoke/run.json

  READY: yes
--- res: Wed Aug 19 22:20:12 UTC 2026 ---
[res] PNW_HeatDome_2021 tag=smoke N=8 M=6 backend=fcn3 C=(0.0, 1.0)
[res] host=nucla3m-a3meganodeset-4 shards=8 visible GPUs=8 seed=20260819
  [score] leg 1 (skipped(C=0)): theta over the box mean -3.444, sd 1.310
  [dmc] step 1: C=0.00 R=1.0000 ESS=8.0/8 killed=0 max_mult=1
  [score] leg 2: 8/8 forecast(s) to run (6 x 60 x 6 h from 6 d to the peak; 2,880 FCN3 steps)
  [score-leg02] attempt 1/3: 8 shard(s)
  [score] leg 2: pool finished in 12.2 min
  [score] leg 2 (fcn3): theta over the box mean +2.458, sd 1.652
  [dmc] step 2: C=1.00 R=1.4842 ESS=4.8/8 killed=2 max_mult=2
  [walk] pruned walker states at segments <= 1 (3.8 GB freed; --keep-states 2)
  [walk] leg 3: 16/16 segment(s) to roll (6 -> 12 d)
  [walk-leg03] attempt 1/3: 8 shard(s)
  [walk] leg 3: pool finished in 18.3 min

  step   C_k      R_k     ESS  ESS/N  killed  max mult
     1  0.00   1.0000    8.00   1.00       0         1
     2  1.00   1.4842    4.81   0.60       2         2
  log Z = +0.3949   normalization check = 1.6118 (should be ~1)
  founders surviving: 6/8

[res] finished in 30.7 min -> /home/ubuntu/Vayuh/data/eric/S2S_ExtremeWeather/runs/aires/PNW_HeatDome_2021/res/smoke/res_result.json
[res] now reduce on the login node:
  PYTHONPATH=. python -m aires.run_aires --stage ds --event PNW_HeatDome_2021
  PYTHONPATH=. python -m aires.run_aires --stage compare --event PNW_HeatDome_2021 --tag smoke
End: Wed Aug 19 22:50:54 UTC 2026
Now, on the login node in moe:
  PYTHONPATH=. python -m aires.run_aires --stage ds --event PNW_HeatDome_2021
  PYTHONPATH=. python -m aires.run_aires --stage compare --event PNW_HeatDome_2021 --tag smoke
