[check] torch-harmonics DISCO CUDA extension: PRESENT -> FCN3 runs bf16
[score] host=nucla3m-a3meganodeset-6 shard 7/8: 10 task(s), 0 cached, 10 to run
[score] calibration = aires.calibrate fit on 90 ERA5 frames
[model] loaded cache fcn3_model_2.11.0+cu128_th0.8.1_a305be3ecd79.pt in 27.1 s
[score] w01@9d: 6 member(s) x 48 x 6 h from 2023-06-15 00:00:00 -> peak 2023-06-27  (seed 322885009, vars ['t2m'])
[32m2026-08-24 23:50:11.465[0m | [1mINFO    [0m | [36mearth2studio.run[0m:[36mensemble[0m:[36m400[0m - [1mRunning ensemble inference![0m
[32m2026-08-24 23:50:11.465[0m | [1mINFO    [0m | [36mearth2studio.run[0m:[36mensemble[0m:[36m407[0m - [1mInference device: cuda[0m
[32m2026-08-24 23:50:20.160[0m | [32m[1mSUCCESS [0m | [36mearth2studio.run[0m:[36mensemble[0m:[36m428[0m - [32m[1mFetched data from GenCastICSource[0m
[32m2026-08-24 23:50:20.462[0m | [1mINFO    [0m | [36mearth2studio.run[0m:[36mensemble[0m:[36m472[0m - [1mStarting 6 Member Ensemble Inference with             6 number of batches.[0m
[32m2026-08-24 23:57:20.926[0m | [32m[1mSUCCESS [0m | [36mearth2studio.run[0m:[36mensemble[0m:[36m544[0m - [32m[1m
Inference complete[0m
[score] w01@9d: 429.5 s (8.95 s/step) -> w01_lead09_cube.nc (16 MB)
[score] w03@3d: 6 member(s) x 72 x 6 h from 2023-06-09 00:00:00 -> peak 2023-06-27  (seed 1944796304, vars ['t2m'])
[32m2026-08-24 23:57:50.412[0m | [1mINFO    [0m | [36mearth2studio.run[0m:[36mensemble[0m:[36m400[0m - [1mRunning ensemble inference![0m
[32m2026-08-24 23:57:50.413[0m | [1mINFO    [0m | [36mearth2studio.run[0m:[36mensemble[0m:[36m407[0m - [1mInference device: cuda[0m
[32m2026-08-24 23:57:52.662[0m | [32m[1mSUCCESS [0m | [36mearth2studio.run[0m:[36mensemble[0m:[36m428[0m - [32m[1mFetched data from GenCastICSource[0m
[32m2026-08-24 23:57:52.990[0m | [1mINFO    [0m | [36mearth2studio.run[0m:[36mensemble[0m:[36m472[0m - [1mStarting 6 Member Ensemble Inference with             6 number of batches.[0m
[32m2026-08-25 00:06:57.073[0m | [32m[1mSUCCESS [0m | [36mearth2studio.run[0m:[36mensemble[0m:[36m544[0m - [32m[1m
Inference complete[0m
[score] w03@3d: 546.7 s (7.59 s/step) -> w03_lead03_cube.nc (28 MB)
[score] w04@12d: 6 member(s) x 36 x 6 h from 2023-06-18 00:00:00 -> peak 2023-06-27  (seed 1427613954, vars ['t2m'])
[32m2026-08-25 00:08:08.645[0m | [1mINFO    [0m | [36mearth2studio.run[0m:[36mensemble[0m:[36m400[0m - [1mRunning ensemble inference![0m
[32m2026-08-25 00:08:08.645[0m | [1mINFO    [0m | [36mearth2studio.run[0m:[36mensemble[0m:[36m407[0m - [1mInference device: cuda[0m
[32m2026-08-25 00:08:10.864[0m | [32m[1mSUCCESS [0m | [36mearth2studio.run[0m:[36mensemble[0m:[36m428[0m - [32m[1mFetched data from GenCastICSource[0m
[32m2026-08-25 00:08:11.182[0m | [1mINFO    [0m | [36mearth2studio.run[0m:[36mensemble[0m:[36m472[0m - [1mStarting 6 Member Ensemble Inference with             6 number of batches.[0m
[32m2026-08-25 00:12:43.224[0m | [32m[1mSUCCESS [0m | [36mearth2studio.run[0m:[36mensemble[0m:[36m544[0m - [32m[1m
Inference complete[0m
[score] w04@12d: 274.6 s (7.63 s/step) -> w04_lead12_cube.nc (12 MB)
[score] w06@6d: 6 member(s) x 60 x 6 h from 2023-06-12 00:00:00 -> peak 2023-06-27  (seed 58836993, vars ['t2m'])
[32m2026-08-25 00:13:08.167[0m | [1mINFO    [0m | [36mearth2studio.run[0m:[36mensemble[0m:[36m400[0m - [1mRunning ensemble inference![0m
[32m2026-08-25 00:13:08.167[0m | [1mINFO    [0m | [36mearth2studio.run[0m:[36mensemble[0m:[36m407[0m - [1mInference device: cuda[0m
[32m2026-08-25 00:13:10.527[0m | [32m[1mSUCCESS [0m | [36mearth2studio.run[0m:[36mensemble[0m:[36m428[0m - [32m[1mFetched data from GenCastICSource[0m
[32m2026-08-25 00:13:10.842[0m | [1mINFO    [0m | [36mearth2studio.run[0m:[36mensemble[0m:[36m472[0m - [1mStarting 6 Member Ensemble Inference with             6 number of batches.[0m
[32m2026-08-25 00:20:43.865[0m | [32m[1mSUCCESS [0m | [36mearth2studio.run[0m:[36mensemble[0m:[36m544[0m - [32m[1m
Inference complete[0m
[score] w06@6d: 455.7 s (7.59 s/step) -> w06_lead06_cube.nc (23 MB)
[score] w07@15d: 6 member(s) x 24 x 6 h from 2023-06-21 00:00:00 -> peak 2023-06-27  (seed 1265843362, vars ['t2m'])
[32m2026-08-25 00:21:37.349[0m | [1mINFO    [0m | [36mearth2studio.run[0m:[36mensemble[0m:[36m400[0m - [1mRunning ensemble inference![0m
[32m2026-08-25 00:21:37.349[0m | [1mINFO    [0m | [36mearth2studio.run[0m:[36mensemble[0m:[36m407[0m - [1mInference device: cuda[0m
[32m2026-08-25 00:21:39.596[0m | [32m[1mSUCCESS [0m | [36mearth2studio.run[0m:[36mensemble[0m:[36m428[0m - [32m[1mFetched data from GenCastICSource[0m
[32m2026-08-25 00:21:39.945[0m | [1mINFO    [0m | [36mearth2studio.run[0m:[36mensemble[0m:[36m472[0m - [1mStarting 6 Member Ensemble Inference with             6 number of batches.[0m
[32m2026-08-25 00:24:41.253[0m | [32m[1mSUCCESS [0m | [36mearth2studio.run[0m:[36mensemble[0m:[36m544[0m - [32m[1m
Inference complete[0m
[score] w07@15d: 183.9 s (7.66 s/step) -> w07_lead15_cube.nc (8 MB)
[score] w09@9d: 6 member(s) x 48 x 6 h from 2023-06-15 00:00:00 -> peak 2023-06-27  (seed 322885009, vars ['t2m'])
[32m2026-08-25 00:25:01.098[0m | [1mINFO    [0m | [36mearth2studio.run[0m:[36mensemble[0m:[36m400[0m - [1mRunning ensemble inference![0m
[32m2026-08-25 00:25:01.099[0m | [1mINFO    [0m | [36mearth2studio.run[0m:[36mensemble[0m:[36m407[0m - [1mInference device: cuda[0m
[32m2026-08-25 00:25:03.586[0m | [32m[1mSUCCESS [0m | [36mearth2studio.run[0m:[36mensemble[0m:[36m428[0m - [32m[1mFetched data from GenCastICSource[0m
[32m2026-08-25 00:25:03.980[0m | [1mINFO    [0m | [36mearth2studio.run[0m:[36mensemble[0m:[36m472[0m - [1mStarting 6 Member Ensemble Inference with             6 number of batches.[0m
[32m2026-08-25 00:31:06.544[0m | [32m[1mSUCCESS [0m | [36mearth2studio.run[0m:[36mensemble[0m:[36m544[0m - [32m[1m
Inference complete[0m
[score] w09@9d: 365.4 s (7.61 s/step) -> w09_lead09_cube.nc (16 MB)
[score] w11@3d: 6 member(s) x 72 x 6 h from 2023-06-09 00:00:00 -> peak 2023-06-27  (seed 1944796304, vars ['t2m'])
[32m2026-08-25 00:31:33.499[0m | [1mINFO    [0m | [36mearth2studio.run[0m:[36mensemble[0m:[36m400[0m - [1mRunning ensemble inference![0m
[32m2026-08-25 00:31:33.499[0m | [1mINFO    [0m | [36mearth2studio.run[0m:[36mensemble[0m:[36m407[0m - [1mInference device: cuda[0m
[32m2026-08-25 00:31:35.767[0m | [32m[1mSUCCESS [0m | [36mearth2studio.run[0m:[36mensemble[0m:[36m428[0m - [32m[1mFetched data from GenCastICSource[0m
[32m2026-08-25 00:31:36.082[0m | [1mINFO    [0m | [36mearth2studio.run[0m:[36mensemble[0m:[36m472[0m - [1mStarting 6 Member Ensemble Inference with             6 number of batches.[0m
[32m2026-08-25 00:40:37.401[0m | [32m[1mSUCCESS [0m | [36mearth2studio.run[0m:[36mensemble[0m:[36m544[0m - [32m[1m
Inference complete[0m
[score] w11@3d: 543.9 s (7.55 s/step) -> w11_lead03_cube.nc (27 MB)
[score] w12@12d: 6 member(s) x 36 x 6 h from 2023-06-18 00:00:00 -> peak 2023-06-27  (seed 1427613954, vars ['t2m'])
[32m2026-08-25 00:41:47.902[0m | [1mINFO    [0m | [36mearth2studio.run[0m:[36mensemble[0m:[36m400[0m - [1mRunning ensemble inference![0m
[32m2026-08-25 00:41:47.902[0m | [1mINFO    [0m | [36mearth2studio.run[0m:[36mensemble[0m:[36m407[0m - [1mInference device: cuda[0m
[32m2026-08-25 00:41:50.108[0m | [32m[1mSUCCESS [0m | [36mearth2studio.run[0m:[36mensemble[0m:[36m428[0m - [32m[1mFetched data from GenCastICSource[0m
[32m2026-08-25 00:41:50.457[0m | [1mINFO    [0m | [36mearth2studio.run[0m:[36mensemble[0m:[36m472[0m - [1mStarting 6 Member Ensemble Inference with             6 number of batches.[0m
[32m2026-08-25 00:46:21.933[0m | [32m[1mSUCCESS [0m | [36mearth2studio.run[0m:[36mensemble[0m:[36m544[0m - [32m[1m
Inference complete[0m
[score] w12@12d: 274.0 s (7.61 s/step) -> w12_lead12_cube.nc (12 MB)
[score] w14@6d: 6 member(s) x 60 x 6 h from 2023-06-12 00:00:00 -> peak 2023-06-27  (seed 58836993, vars ['t2m'])
[32m2026-08-25 00:46:46.382[0m | [1mINFO    [0m | [36mearth2studio.run[0m:[36mensemble[0m:[36m400[0m - [1mRunning ensemble inference![0m
[32m2026-08-25 00:46:46.382[0m | [1mINFO    [0m | [36mearth2studio.run[0m:[36mensemble[0m:[36m407[0m - [1mInference device: cuda[0m
[32m2026-08-25 00:46:48.595[0m | [32m[1mSUCCESS [0m | [36mearth2studio.run[0m:[36mensemble[0m:[36m428[0m - [32m[1mFetched data from GenCastICSource[0m
[32m2026-08-25 00:46:48.934[0m | [1mINFO    [0m | [36mearth2studio.run[0m:[36mensemble[0m:[36m472[0m - [1mStarting 6 Member Ensemble Inference with             6 number of batches.[0m
[32m2026-08-25 00:54:19.882[0m | [32m[1mSUCCESS [0m | [36mearth2studio.run[0m:[36mensemble[0m:[36m544[0m - [32m[1m
Inference complete[0m
[score] w14@6d: 453.5 s (7.56 s/step) -> w14_lead06_cube.nc (23 MB)
[score] w15@15d: 6 member(s) x 24 x 6 h from 2023-06-21 00:00:00 -> peak 2023-06-27  (seed 1265843362, vars ['t2m'])
[32m2026-08-25 00:55:15.728[0m | [1mINFO    [0m | [36mearth2studio.run[0m:[36mensemble[0m:[36m400[0m - [1mRunning ensemble inference![0m
[32m2026-08-25 00:55:15.728[0m | [1mINFO    [0m | [36mearth2studio.run[0m:[36mensemble[0m:[36m407[0m - [1mInference device: cuda[0m
[32m2026-08-25 00:55:18.042[0m | [32m[1mSUCCESS [0m | [36mearth2studio.run[0m:[36mensemble[0m:[36m428[0m - [32m[1mFetched data from GenCastICSource[0m
[32m2026-08-25 00:55:18.401[0m | [1mINFO    [0m | [36mearth2studio.run[0m:[36mensemble[0m:[36m472[0m - [1mStarting 6 Member Ensemble Inference with             6 number of batches.[0m
[32m2026-08-25 00:58:19.025[0m | [32m[1mSUCCESS [0m | [36mearth2studio.run[0m:[36mensemble[0m:[36m544[0m - [32m[1m
Inference complete[0m
[score] w15@15d: 183.3 s (7.64 s/step) -> w15_lead15_cube.nc (8 MB)
[score] shard 7: all 10 task(s) done
