[score] host=nucla3m-a3meganodeset-4 shard 5/8 arm=fed: ['PNW_HeatDome_2021@wk14', 'WinterStorm_Uri_2021@wk12']
[check] torch-harmonics DISCO CUDA extension: PRESENT -> FCN3 runs bf16
[score] calibration = aires.calibrate fit on 90 ERA5 frames
[model] loaded cache fcn3_model_2.11.0+cu128_th0.8.1_a305be3ecd79.pt in 7.0 s
[score] w05@3d: 1 member(s) x 380 x 6 h from 2021-03-25 00:00:00 -> peak 2021-06-28  (seed 1810000901, vars ['t2m', 'z500', 't50'])
[32m2026-08-28 01:13:21.447[0m | [1mINFO    [0m | [36mearth2studio.run[0m:[36mensemble[0m:[36m400[0m - [1mRunning ensemble inference![0m
[32m2026-08-28 01:13:21.448[0m | [1mINFO    [0m | [36mearth2studio.run[0m:[36mensemble[0m:[36m407[0m - [1mInference device: cuda[0m
[32m2026-08-28 01:13:27.287[0m | [32m[1mSUCCESS [0m | [36mearth2studio.run[0m:[36mensemble[0m:[36m428[0m - [32m[1mFetched data from GenCastICSource[0m
[32m2026-08-28 01:13:27.692[0m | [1mINFO    [0m | [36mearth2studio.run[0m:[36mensemble[0m:[36m472[0m - [1mStarting 1 Member Ensemble Inference with             1 number of batches.[0m
[32m2026-08-28 01:23:57.638[0m | [32m[1mSUCCESS [0m | [36mearth2studio.run[0m:[36mensemble[0m:[36m544[0m - [32m[1m
Inference complete[0m
[score] w05@3d: 636.2 s (1.67 s/step) -> w05_lead03_cube.nc (74 MB)
[score] w04@3d: 1 member(s) x 324 x 6 h from 2020-11-26 00:00:00 -> peak 2021-02-15  (seed 509883837, vars ['t2m', 'z500', 't50'])
[32m2026-08-28 01:42:56.244[0m | [1mINFO    [0m | [36mearth2studio.run[0m:[36mensemble[0m:[36m400[0m - [1mRunning ensemble inference![0m
[32m2026-08-28 01:42:56.244[0m | [1mINFO    [0m | [36mearth2studio.run[0m:[36mensemble[0m:[36m407[0m - [1mInference device: cuda[0m
[32m2026-08-28 01:42:57.861[0m | [32m[1mSUCCESS [0m | [36mearth2studio.run[0m:[36mensemble[0m:[36m428[0m - [32m[1mFetched data from GenCastICSource[0m
[32m2026-08-28 01:42:58.232[0m | [1mINFO    [0m | [36mearth2studio.run[0m:[36mensemble[0m:[36m472[0m - [1mStarting 1 Member Ensemble Inference with             1 number of batches.[0m
[32m2026-08-28 01:51:16.095[0m | [32m[1mSUCCESS [0m | [36mearth2studio.run[0m:[36mensemble[0m:[36m544[0m - [32m[1m
Inference complete[0m
[score] w04@3d: 499.9 s (1.54 s/step) -> w04_lead03_cube.nc (68 MB)
