[check] torch-harmonics DISCO CUDA extension: PRESENT -> FCN3 runs bf16
[score] host=nucla3m-a3meganodeset-4 shard 7/8: 10 task(s), 0 cached, 10 to run
[score] calibration = aires.calibrate fit on 90 ERA5 frames
[model] loaded cache fcn3_model_2.11.0+cu128_th0.8.1_a305be3ecd79.pt in 9.6 s
[score] w01@9d: 6 member(s) x 48 x 6 h from 2021-02-03 00:00:00 -> peak 2021-02-15  (seed 2125585570, vars ['t2m'])
[32m2026-08-25 22:29:26.622[0m | [1mINFO    [0m | [36mearth2studio.run[0m:[36mensemble[0m:[36m400[0m - [1mRunning ensemble inference![0m
[32m2026-08-25 22:29:26.622[0m | [1mINFO    [0m | [36mearth2studio.run[0m:[36mensemble[0m:[36m407[0m - [1mInference device: cuda[0m
[32m2026-08-25 22:29:34.937[0m | [32m[1mSUCCESS [0m | [36mearth2studio.run[0m:[36mensemble[0m:[36m428[0m - [32m[1mFetched data from GenCastICSource[0m
[32m2026-08-25 22:29:35.238[0m | [1mINFO    [0m | [36mearth2studio.run[0m:[36mensemble[0m:[36m472[0m - [1mStarting 6 Member Ensemble Inference with             6 number of batches.[0m
[32m2026-08-25 22:36:16.905[0m | [32m[1mSUCCESS [0m | [36mearth2studio.run[0m:[36mensemble[0m:[36m544[0m - [32m[1m
Inference complete[0m
[score] w01@9d: 410.3 s (8.55 s/step) -> w01_lead09_cube.nc (16 MB)
[score] w03@3d: 6 member(s) x 72 x 6 h from 2021-01-28 00:00:00 -> peak 2021-02-15  (seed 509883837, vars ['t2m'])
[32m2026-08-25 22:36:46.212[0m | [1mINFO    [0m | [36mearth2studio.run[0m:[36mensemble[0m:[36m400[0m - [1mRunning ensemble inference![0m
[32m2026-08-25 22:36:46.212[0m | [1mINFO    [0m | [36mearth2studio.run[0m:[36mensemble[0m:[36m407[0m - [1mInference device: cuda[0m
[32m2026-08-25 22:36:48.485[0m | [32m[1mSUCCESS [0m | [36mearth2studio.run[0m:[36mensemble[0m:[36m428[0m - [32m[1mFetched data from GenCastICSource[0m
[32m2026-08-25 22:36:48.783[0m | [1mINFO    [0m | [36mearth2studio.run[0m:[36mensemble[0m:[36m472[0m - [1mStarting 6 Member Ensemble Inference with             6 number of batches.[0m
[32m2026-08-25 22:45:49.576[0m | [32m[1mSUCCESS [0m | [36mearth2studio.run[0m:[36mensemble[0m:[36m544[0m - [32m[1m
Inference complete[0m
[score] w03@3d: 543.4 s (7.55 s/step) -> w03_lead03_cube.nc (27 MB)
[score] w04@12d: 6 member(s) x 36 x 6 h from 2021-02-06 00:00:00 -> peak 2021-02-15  (seed 1789544222, vars ['t2m'])
[32m2026-08-25 22:47:04.478[0m | [1mINFO    [0m | [36mearth2studio.run[0m:[36mensemble[0m:[36m400[0m - [1mRunning ensemble inference![0m
[32m2026-08-25 22:47:04.478[0m | [1mINFO    [0m | [36mearth2studio.run[0m:[36mensemble[0m:[36m407[0m - [1mInference device: cuda[0m
[32m2026-08-25 22:47:06.810[0m | [32m[1mSUCCESS [0m | [36mearth2studio.run[0m:[36mensemble[0m:[36m428[0m - [32m[1mFetched data from GenCastICSource[0m
[32m2026-08-25 22:47:07.122[0m | [1mINFO    [0m | [36mearth2studio.run[0m:[36mensemble[0m:[36m472[0m - [1mStarting 6 Member Ensemble Inference with             6 number of batches.[0m
[32m2026-08-25 22:51:37.419[0m | [32m[1mSUCCESS [0m | [36mearth2studio.run[0m:[36mensemble[0m:[36m544[0m - [32m[1m
Inference complete[0m
[score] w04@12d: 272.9 s (7.58 s/step) -> w04_lead12_cube.nc (12 MB)
[score] w06@6d: 6 member(s) x 60 x 6 h from 2021-01-31 00:00:00 -> peak 2021-02-15  (seed 1846460724, vars ['t2m'])
[32m2026-08-25 22:52:01.832[0m | [1mINFO    [0m | [36mearth2studio.run[0m:[36mensemble[0m:[36m400[0m - [1mRunning ensemble inference![0m
[32m2026-08-25 22:52:01.832[0m | [1mINFO    [0m | [36mearth2studio.run[0m:[36mensemble[0m:[36m407[0m - [1mInference device: cuda[0m
[32m2026-08-25 22:52:04.034[0m | [32m[1mSUCCESS [0m | [36mearth2studio.run[0m:[36mensemble[0m:[36m428[0m - [32m[1mFetched data from GenCastICSource[0m
[32m2026-08-25 22:52:04.398[0m | [1mINFO    [0m | [36mearth2studio.run[0m:[36mensemble[0m:[36m472[0m - [1mStarting 6 Member Ensemble Inference with             6 number of batches.[0m
[32m2026-08-25 22:59:37.838[0m | [32m[1mSUCCESS [0m | [36mearth2studio.run[0m:[36mensemble[0m:[36m544[0m - [32m[1m
Inference complete[0m
[score] w06@6d: 456.0 s (7.60 s/step) -> w06_lead06_cube.nc (24 MB)
[score] w07@15d: 6 member(s) x 24 x 6 h from 2021-02-09 00:00:00 -> peak 2021-02-15  (seed 1959711422, vars ['t2m'])
[32m2026-08-25 23:00:32.976[0m | [1mINFO    [0m | [36mearth2studio.run[0m:[36mensemble[0m:[36m400[0m - [1mRunning ensemble inference![0m
[32m2026-08-25 23:00:32.976[0m | [1mINFO    [0m | [36mearth2studio.run[0m:[36mensemble[0m:[36m407[0m - [1mInference device: cuda[0m
[32m2026-08-25 23:00:35.172[0m | [32m[1mSUCCESS [0m | [36mearth2studio.run[0m:[36mensemble[0m:[36m428[0m - [32m[1mFetched data from GenCastICSource[0m
[32m2026-08-25 23:00:35.498[0m | [1mINFO    [0m | [36mearth2studio.run[0m:[36mensemble[0m:[36m472[0m - [1mStarting 6 Member Ensemble Inference with             6 number of batches.[0m
[32m2026-08-25 23:03:37.525[0m | [32m[1mSUCCESS [0m | [36mearth2studio.run[0m:[36mensemble[0m:[36m544[0m - [32m[1m
Inference complete[0m
[score] w07@15d: 184.5 s (7.69 s/step) -> w07_lead15_cube.nc (8 MB)
[score] w09@9d: 6 member(s) x 48 x 6 h from 2021-02-03 00:00:00 -> peak 2021-02-15  (seed 2125585570, vars ['t2m'])
[32m2026-08-25 23:03:57.346[0m | [1mINFO    [0m | [36mearth2studio.run[0m:[36mensemble[0m:[36m400[0m - [1mRunning ensemble inference![0m
[32m2026-08-25 23:03:57.346[0m | [1mINFO    [0m | [36mearth2studio.run[0m:[36mensemble[0m:[36m407[0m - [1mInference device: cuda[0m
[32m2026-08-25 23:03:59.835[0m | [32m[1mSUCCESS [0m | [36mearth2studio.run[0m:[36mensemble[0m:[36m428[0m - [32m[1mFetched data from GenCastICSource[0m
[32m2026-08-25 23:04:00.188[0m | [1mINFO    [0m | [36mearth2studio.run[0m:[36mensemble[0m:[36m472[0m - [1mStarting 6 Member Ensemble Inference with             6 number of batches.[0m
[32m2026-08-25 23:10:03.279[0m | [32m[1mSUCCESS [0m | [36mearth2studio.run[0m:[36mensemble[0m:[36m544[0m - [32m[1m
Inference complete[0m
[score] w09@9d: 365.9 s (7.62 s/step) -> w09_lead09_cube.nc (16 MB)
[score] w11@3d: 6 member(s) x 72 x 6 h from 2021-01-28 00:00:00 -> peak 2021-02-15  (seed 509883837, vars ['t2m'])
[32m2026-08-25 23:10:32.093[0m | [1mINFO    [0m | [36mearth2studio.run[0m:[36mensemble[0m:[36m400[0m - [1mRunning ensemble inference![0m
[32m2026-08-25 23:10:32.094[0m | [1mINFO    [0m | [36mearth2studio.run[0m:[36mensemble[0m:[36m407[0m - [1mInference device: cuda[0m
[32m2026-08-25 23:10:34.280[0m | [32m[1mSUCCESS [0m | [36mearth2studio.run[0m:[36mensemble[0m:[36m428[0m - [32m[1mFetched data from GenCastICSource[0m
[32m2026-08-25 23:10:34.653[0m | [1mINFO    [0m | [36mearth2studio.run[0m:[36mensemble[0m:[36m472[0m - [1mStarting 6 Member Ensemble Inference with             6 number of batches.[0m
[32m2026-08-25 23:19:36.156[0m | [32m[1mSUCCESS [0m | [36mearth2studio.run[0m:[36mensemble[0m:[36m544[0m - [32m[1m
Inference complete[0m
[score] w11@3d: 544.1 s (7.56 s/step) -> w11_lead03_cube.nc (28 MB)
[score] w12@12d: 6 member(s) x 36 x 6 h from 2021-02-06 00:00:00 -> peak 2021-02-15  (seed 1789544222, vars ['t2m'])
[32m2026-08-25 23:20:50.096[0m | [1mINFO    [0m | [36mearth2studio.run[0m:[36mensemble[0m:[36m400[0m - [1mRunning ensemble inference![0m
[32m2026-08-25 23:20:50.096[0m | [1mINFO    [0m | [36mearth2studio.run[0m:[36mensemble[0m:[36m407[0m - [1mInference device: cuda[0m
[32m2026-08-25 23:20:52.436[0m | [32m[1mSUCCESS [0m | [36mearth2studio.run[0m:[36mensemble[0m:[36m428[0m - [32m[1mFetched data from GenCastICSource[0m
[32m2026-08-25 23:20:52.746[0m | [1mINFO    [0m | [36mearth2studio.run[0m:[36mensemble[0m:[36m472[0m - [1mStarting 6 Member Ensemble Inference with             6 number of batches.[0m
[32m2026-08-25 23:25:25.009[0m | [32m[1mSUCCESS [0m | [36mearth2studio.run[0m:[36mensemble[0m:[36m544[0m - [32m[1m
Inference complete[0m
[score] w12@12d: 274.9 s (7.64 s/step) -> w12_lead12_cube.nc (12 MB)
[score] w14@6d: 6 member(s) x 60 x 6 h from 2021-01-31 00:00:00 -> peak 2021-02-15  (seed 1846460724, vars ['t2m'])
[32m2026-08-25 23:25:49.877[0m | [1mINFO    [0m | [36mearth2studio.run[0m:[36mensemble[0m:[36m400[0m - [1mRunning ensemble inference![0m
[32m2026-08-25 23:25:49.877[0m | [1mINFO    [0m | [36mearth2studio.run[0m:[36mensemble[0m:[36m407[0m - [1mInference device: cuda[0m
[32m2026-08-25 23:25:52.174[0m | [32m[1mSUCCESS [0m | [36mearth2studio.run[0m:[36mensemble[0m:[36m428[0m - [32m[1mFetched data from GenCastICSource[0m
[32m2026-08-25 23:25:52.515[0m | [1mINFO    [0m | [36mearth2studio.run[0m:[36mensemble[0m:[36m472[0m - [1mStarting 6 Member Ensemble Inference with             6 number of batches.[0m
[32m2026-08-25 23:33:25.667[0m | [32m[1mSUCCESS [0m | [36mearth2studio.run[0m:[36mensemble[0m:[36m544[0m - [32m[1m
Inference complete[0m
[score] w14@6d: 455.8 s (7.60 s/step) -> w14_lead06_cube.nc (27 MB)
[score] w15@15d: 6 member(s) x 24 x 6 h from 2021-02-09 00:00:00 -> peak 2021-02-15  (seed 1959711422, vars ['t2m'])
[32m2026-08-25 23:34:23.978[0m | [1mINFO    [0m | [36mearth2studio.run[0m:[36mensemble[0m:[36m400[0m - [1mRunning ensemble inference![0m
[32m2026-08-25 23:34:23.978[0m | [1mINFO    [0m | [36mearth2studio.run[0m:[36mensemble[0m:[36m407[0m - [1mInference device: cuda[0m
[32m2026-08-25 23:34:26.193[0m | [32m[1mSUCCESS [0m | [36mearth2studio.run[0m:[36mensemble[0m:[36m428[0m - [32m[1mFetched data from GenCastICSource[0m
[32m2026-08-25 23:34:26.548[0m | [1mINFO    [0m | [36mearth2studio.run[0m:[36mensemble[0m:[36m472[0m - [1mStarting 6 Member Ensemble Inference with             6 number of batches.[0m
[32m2026-08-25 23:37:27.274[0m | [32m[1mSUCCESS [0m | [36mearth2studio.run[0m:[36mensemble[0m:[36m544[0m - [32m[1m
Inference complete[0m
[score] w15@15d: 183.3 s (7.64 s/step) -> w15_lead15_cube.nc (8 MB)
[score] shard 7: all 10 task(s) done
