Host: nucla3m-a3meganodeset-4
Start: Thu Aug 27 04:35:58 UTC 2026
GPU 0: NVIDIA H100 80GB HBM3 (UUID: GPU-8deaf399-5257-44be-de29-dbab5cab2837)
GPU 1: NVIDIA H100 80GB HBM3 (UUID: GPU-08ce4409-9463-80ec-57ba-eca08d003482)
GPU 2: NVIDIA H100 80GB HBM3 (UUID: GPU-8d511a9b-a471-736e-637d-a997e0a57717)
GPU 3: NVIDIA H100 80GB HBM3 (UUID: GPU-ab33084f-509e-82b2-8949-d8815d024cb0)
GPU 4: NVIDIA H100 80GB HBM3 (UUID: GPU-67dcae5f-2cfd-b933-fa3a-05a8184dccf0)
GPU 5: NVIDIA H100 80GB HBM3 (UUID: GPU-6f4c5b9e-2690-3130-7cd6-0ff15eee4c02)
GPU 6: NVIDIA H100 80GB HBM3 (UUID: GPU-5544fb35-a86b-e04c-5eea-201f7515a48a)
GPU 7: NVIDIA H100 80GB HBM3 (UUID: GPU-5d02916b-f04f-56da-a539-ff7cf9f27b6f)
astab: events=PNW_HeatDome_2021,WinterStorm_Uri_2021 weeks=4,6,8,10 gpus=8 phase=fed members=1
--- score phase, adapter-fed arm: Thu Aug 27 04:36:05 UTC 2026 ---
  score-fed: attempt 1/3
  launched score-fed shard 0 on GPU 0 (pid 2967058)
  launched score-fed shard 1 on GPU 1 (pid 2967059)
  launched score-fed shard 2 on GPU 2 (pid 2967060)
  launched score-fed shard 3 on GPU 3 (pid 2967061)
  launched score-fed shard 4 on GPU 4 (pid 2967062)
  launched score-fed shard 5 on GPU 5 (pid 2967063)
  launched score-fed shard 6 on GPU 6 (pid 2967064)
  launched score-fed shard 7 on GPU 7 (pid 2967065)
End: Thu Aug 27 04:49:48 UTC 2026
Now reduce on the login node in moe:
  PYTHONPATH=. python -m aires.astab --stage reduce --stage figs --events PNW_HeatDome_2021,WinterStorm_Uri_2021 --weeks 4,6,8,10
  PYTHONPATH=. python -m aires.astab --stage prune  --events PNW_HeatDome_2021,WinterStorm_Uri_2021 --weeks 4,6,8,10
