Host: nucla3m-a3meganodeset-4
Start: Fri Sep 18 03:49:04 UTC 2026
GPU 0: NVIDIA H100 80GB HBM3 (UUID: GPU-8deaf399-5257-44be-de29-dbab5cab2837)
GPU 1: NVIDIA H100 80GB HBM3 (UUID: GPU-08ce4409-9463-80ec-57ba-eca08d003482)
GPU 2: NVIDIA H100 80GB HBM3 (UUID: GPU-8d511a9b-a471-736e-637d-a997e0a57717)
GPU 3: NVIDIA H100 80GB HBM3 (UUID: GPU-ab33084f-509e-82b2-8949-d8815d024cb0)
GPU 4: NVIDIA H100 80GB HBM3 (UUID: GPU-67dcae5f-2cfd-b933-fa3a-05a8184dccf0)
GPU 5: NVIDIA H100 80GB HBM3 (UUID: GPU-6f4c5b9e-2690-3130-7cd6-0ff15eee4c02)
GPU 6: NVIDIA H100 80GB HBM3 (UUID: GPU-5544fb35-a86b-e04c-5eea-201f7515a48a)
GPU 7: NVIDIA H100 80GB HBM3 (UUID: GPU-5d02916b-f04f-56da-a539-ff7cf9f27b6f)
acal case 5 (rung>=3): event=e24_c3_20240119 tag=acal N=32 M=6
AI+RES acal - e24_c3_20240119  (init 2023-12-29, peak 2024-01-19, metric t2m_anom)
e24_c3_20240119: primary box CONUS (24-50N, 125W-66W)
    the whole verification window; what Gate 2 used

  N walkers        32
  score backend    fcn3   M = 6
  tail             LOW (cold event: clone the most negative A_L)
  C_k              0, 1, 1.4, 1.8, 2 at 3 d, 6 d, 9 d, 12 d, 15 d
  legs
    1: 0 -> 3 d, segments [1], C = 0
    2: 3 -> 6 d, segments [2], C = 1
    3: 6 -> 9 d, segments [3], C = 1.4
    4: 9 -> 12 d, segments [4], C = 1.8
    5: 12 -> 15 d, segments [5], C = 2
    6: 15 -> 21 d, segments [6, 7], carry to the horizon (no resampling)

  prerequisites
    walker init frames  OK   /home/ubuntu/Vayuh/data/eric/S2S_ExtremeWeather/runs/xres/0p25/week3/inputs/e24_c3_20240119_inputs.nc
    derived calibration OK   /home/ubuntu/Vayuh/data/eric/S2S_ExtremeWeather/runs/aires/calib/derived_calib.nc
    xres reference cube absent   /home/ubuntu/Vayuh/data/eric/S2S_ExtremeWeather/runs/xres/0p25/week3/cache/e24_c3_20240119_cube.nc   (physical check on the first segment; not required)

  cached            0/224 walker segments, 0/128 score cubes (0 states resident)

  budget            walk 1,344 GenCast steps ~19.4 GPU-h (~146 min over 8 GPUs)
                    score 32,256 FCN3 steps ~12.5 GPU-h (~94 min over 8 GPUs)
                    total ~32.0 H100-h, ~4.0 h wall on one node

  disk              states 46 GB peak (3 segments resident x 32 x 477 MB, --keep-states 2), diagnostics 8 GB, score cubes 1 GB
                    ~55 GB needed, 441 GB free

  configuration frozen at /home/ubuntu/Vayuh/data/eric/S2S_ExtremeWeather/runs/aires/e24_c3_20240119/res/acal/run.json

  READY: yes
--- res: Fri Sep 18 03:49:06 UTC 2026 ---
[res] e24_c3_20240119 tag=acal N=32 M=6 backend=fcn3 C=(0.0, 1.0, 1.4, 1.8, 2.0)
[res] host=nucla3m-a3meganodeset-4 shards=8 visible GPUs=8 seed=20260819
  [walk] leg 1: 32/32 segment(s) to roll (0 -> 3 d)
  [walk-leg01] attempt 1/3: 8 shard(s)
  [walk] leg 1: pool finished in 23.8 min
  [score] leg 1 (skipped(C=0)): theta over the box mean +1.015, sd 0.208
  [dmc] step 1: C=0.00 R=1.0000 ESS=32.0/32 killed=0 max_mult=1
  [walk] leg 2: 32/32 segment(s) to roll (3 -> 6 d)
  [walk-leg02] attempt 1/3: 8 shard(s)
  [walk] leg 2: pool finished in 24.3 min
  [score] leg 2: 32/32 forecast(s) to run (6 x 60 x 6 h from 6 d to the peak; 11,520 FCN3 steps)
  [score-leg02] attempt 1/3: 8 shard(s)
  [score-leg02] waiting 300s before retrying (cached work is skipped, so a retry only redoes what is missing)
  [score-leg02] attempt 2/3: 8 shard(s)
  [score] leg 2: pool finished in 51.7 min
  [score] leg 2 (fcn3): theta over the box mean -0.210, sd 1.303
  [dmc] step 2: C=1.00 R=1.6113 ESS=15.4/32 killed=12 max_mult=4
  [walk] pruned walker states at segments <= 1 (15.1 GB freed; --keep-states 2)
  [walk] leg 3: 32/32 segment(s) to roll (6 -> 9 d)
  [walk-leg03] attempt 1/3: 8 shard(s)
  [walk] leg 3: pool finished in 23.6 min
  [score] leg 3: 32/32 forecast(s) to run (6 x 48 x 6 h from 9 d to the peak; 9,216 FCN3 steps)
  [score-leg03] attempt 1/3: 8 shard(s)
  [score] leg 3: pool finished in 29.4 min
  [score] leg 3 (fcn3): theta over the box mean -1.586, sd 1.337
  [dmc] step 3: C=1.40 R=0.6380 ESS=14.9/32 killed=12 max_mult=5
  [walk] pruned walker states at segments <= 2 (15.1 GB freed; --keep-states 2)
  [walk] leg 4: 32/32 segment(s) to roll (9 -> 12 d)
  [walk-leg04] attempt 1/3: 8 shard(s)
  [walk] leg 4: pool finished in 24.2 min
  [score] leg 4: 32/32 forecast(s) to run (6 x 36 x 6 h from 12 d to the peak; 6,912 FCN3 steps)
  [score-leg04] attempt 1/3: 8 shard(s)
  [score] leg 4: pool finished in 23.1 min
  [score] leg 4 (fcn3): theta over the box mean -2.094, sd 1.447
  [dmc] step 4: C=1.80 R=0.6607 ESS=15.2/32 killed=10 max_mult=5
  [walk] pruned walker states at segments <= 3 (15.1 GB freed; --keep-states 2)
  [walk] leg 5: 32/32 segment(s) to roll (12 -> 15 d)
  [walk-leg05] attempt 1/3: 8 shard(s)
  [walk] leg 5: pool finished in 23.5 min
  [score] leg 5: 32/32 forecast(s) to run (6 x 24 x 6 h from 15 d to the peak; 4,608 FCN3 steps)
  [score-leg05] attempt 1/3: 8 shard(s)
  [score] leg 5: pool finished in 16.8 min
  [score] leg 5 (fcn3): theta over the box mean -3.186, sd 1.347
  [dmc] step 5: C=2.00 R=0.4423 ESS=14.2/32 killed=10 max_mult=6
  [walk] pruned walker states at segments <= 4 (15.2 GB freed; --keep-states 2)
  [walk] leg 6: 64/64 segment(s) to roll (15 -> 21 d)
  [walk-leg06] attempt 1/3: 8 shard(s)
