[cfs] e01_h2_20210119: tmp2m, peak 2021-01-19, init 2020-12-29 00:00:00 (21 d lead)
    2020-12-25 06Z  lead 24.75 d   84 frames, 25 in the window  (7.8 MB)
    2020-12-25 12Z  lead 24.50 d   84 frames, 25 in the window  (7.7 MB)
    2020-12-25 18Z  lead 24.25 d   84 frames, 25 in the window  (7.7 MB)
    2020-12-26 00Z  lead 24.00 d   84 frames, 25 in the window  (7.6 MB)
    2020-12-26 06Z  lead 23.75 d   84 frames, 25 in the window  (7.5 MB)
    2020-12-26 12Z  lead 23.50 d   84 frames, 25 in the window  (7.4 MB)
    2020-12-26 18Z  lead 23.25 d   84 frames, 25 in the window  (7.4 MB)
    2020-12-27 00Z  lead 23.00 d   84 frames, 25 in the window  (7.3 MB)
    2020-12-27 06Z  lead 22.75 d   84 frames, 25 in the window  (7.2 MB)
    2020-12-27 12Z  lead 22.50 d   84 frames, 25 in the window  (7.1 MB)
    2020-12-27 18Z  lead 22.25 d   84 frames, 25 in the window  (7.0 MB)
    2020-12-28 00Z  absent from NCEI, served by AWS
    2020-12-28 00Z  lead 22.00 d   84 frames, 25 in the window  (6.9 MB)
    2020-12-28 06Z  lead 21.75 d   84 frames, 25 in the window  (6.8 MB)
    2020-12-28 12Z  lead 21.50 d   84 frames, 25 in the window  (6.8 MB)
    2020-12-28 18Z  lead 21.25 d   84 frames, 25 in the window  (6.7 MB)
    2020-12-29 00Z  lead 21.00 d   84 frames, 25 in the window  (6.6 MB)
[cfs] wrote /glade/derecho/scratch/exu/S2S_ExtremeWeather/runs/acal/cfs/e01_h2_20210119_cfs16.nc (70.1 MB)
[cfsbase] e01_h2_20210119: obs +2.23  CFS mean +0.72 (sd 1.28)  reach 2/16
[cfs] e02_c4_20210218: cached /glade/derecho/scratch/exu/S2S_ExtremeWeather/runs/acal/cfs/e02_c4_20210218_cfs16.nc
[cfsbase] e02_c4_20210218: obs -5.18  CFS mean -1.94 (sd 2.12)  reach 1/16
[cfs] e03_h2_20210411: tmp2m, peak 2021-04-11, init 2021-03-21 00:00:00 (21 d lead)
    2021-03-17 06Z  lead 24.75 d   84 frames, 25 in the window  (7.8 MB)
    2021-03-17 12Z  lead 24.50 d   84 frames, 25 in the window  (7.7 MB)
    2021-03-17 18Z  lead 24.25 d   84 frames, 25 in the window  (7.7 MB)
    2021-03-18 00Z  lead 24.00 d   84 frames, 25 in the window  (7.6 MB)
    2021-03-18 06Z  lead 23.75 d   84 frames, 25 in the window  (7.5 MB)
    2021-03-18 12Z  lead 23.50 d   84 frames, 25 in the window  (7.4 MB)
    2021-03-18 18Z  lead 23.25 d   84 frames, 25 in the window  (7.3 MB)
    2021-03-19 00Z  lead 23.00 d   84 frames, 25 in the window  (7.3 MB)
    2021-03-19 06Z  lead 22.75 d   84 frames, 25 in the window  (7.2 MB)
    2021-03-19 12Z  lead 22.50 d   84 frames, 25 in the window  (7.1 MB)
    2021-03-19 18Z  lead 22.25 d   84 frames, 25 in the window  (7.0 MB)
    2021-03-20 00Z  lead 22.00 d   84 frames, 25 in the window  (7.0 MB)
    2021-03-20 06Z  lead 21.75 d   84 frames, 25 in the window  (6.9 MB)
    2021-03-20 12Z  lead 21.50 d   84 frames, 25 in the window  (6.8 MB)
    2021-03-20 18Z  lead 21.25 d   84 frames, 25 in the window  (6.7 MB)
    2021-03-21 00Z  lead 21.00 d   84 frames, 25 in the window  (6.6 MB)
[cfs] wrote /glade/derecho/scratch/exu/S2S_ExtremeWeather/runs/acal/cfs/e03_h2_20210411_cfs16.nc (69.9 MB)
[cfsbase] e03_h2_20210411: obs +2.58  CFS mean +0.53 (sd 1.40)  reach 2/16
[cfs] e04_h2_20210610: tmp2m, peak 2021-06-10, init 2021-05-20 00:00:00 (21 d lead)
    2021-05-16 06Z  lead 24.75 d   84 frames, 25 in the window  (7.8 MB)
    2021-05-16 12Z  lead 24.50 d   84 frames, 25 in the window  (7.7 MB)
    2021-05-16 18Z  lead 24.25 d   84 frames, 25 in the window  (7.6 MB)
    2021-05-17 00Z  absent from NCEI, served by AWS
    2021-05-17 00Z  lead 24.00 d   84 frames, 25 in the window  (7.6 MB)
    2021-05-17 06Z  absent from NCEI, served by AWS
    2021-05-17 06Z  lead 23.75 d   84 frames, 25 in the window  (7.5 MB)
    2021-05-17 12Z  absent from NCEI, served by AWS
    2021-05-17 12Z  lead 23.50 d   84 frames, 25 in the window  (7.4 MB)
    2021-05-17 18Z  absent from NCEI, served by AWS
    2021-05-17 18Z  lead 23.25 d   84 frames, 25 in the window  (7.3 MB)
    2021-05-18 00Z  lead 23.00 d   84 frames, 25 in the window  (7.3 MB)
    2021-05-18 06Z  lead 22.75 d   84 frames, 25 in the window  (7.2 MB)
    2021-05-18 12Z  lead 22.50 d   84 frames, 25 in the window  (7.1 MB)
    2021-05-18 18Z  lead 22.25 d   84 frames, 25 in the window  (7.0 MB)
    2021-05-19 00Z  lead 22.00 d   84 frames, 25 in the window  (6.9 MB)
    2021-05-19 06Z  lead 21.75 d   84 frames, 25 in the window  (6.9 MB)
    2021-05-19 12Z  lead 21.50 d   84 frames, 25 in the window  (6.8 MB)
    2021-05-19 18Z  lead 21.25 d   84 frames, 25 in the window  (6.7 MB)
    2021-05-20 00Z  lead 21.00 d   84 frames, 25 in the window  (6.6 MB)
[cfs] wrote /glade/derecho/scratch/exu/S2S_ExtremeWeather/runs/acal/cfs/e04_h2_20210610_cfs16.nc (69.8 MB)
[cfsbase] e04_h2_20210610: obs +2.22  CFS mean +0.65 (sd 0.49)  reach 0/16
[cfs] e05_h2_20211011: tmp2m, peak 2021-10-11, init 2021-09-20 00:00:00 (21 d lead)
    2021-09-16 06Z  lead 24.75 d   84 frames, 25 in the window  (7.9 MB)
    2021-09-16 12Z  lead 24.50 d   84 frames, 25 in the window  (7.8 MB)
    2021-09-16 18Z  lead 24.25 d   84 frames, 25 in the window  (7.7 MB)
    2021-09-17 00Z  lead 24.00 d   84 frames, 25 in the window  (7.6 MB)
    2021-09-17 06Z  lead 23.75 d   84 frames, 25 in the window  (7.5 MB)
    2021-09-17 12Z  lead 23.50 d   84 frames, 25 in the window  (7.4 MB)
    2021-09-17 18Z  lead 23.25 d   84 frames, 25 in the window  (7.4 MB)
    2021-09-18 00Z  lead 23.00 d   84 frames, 25 in the window  (7.3 MB)
    2021-09-18 06Z  lead 22.75 d   84 frames, 25 in the window  (7.2 MB)
    2021-09-18 12Z  lead 22.50 d   84 frames, 25 in the window  (7.1 MB)
    2021-09-18 18Z  lead 22.25 d   84 frames, 25 in the window  (7.1 MB)
    2021-09-19 00Z  lead 22.00 d   84 frames, 25 in the window  (7.0 MB)
    2021-09-19 06Z  lead 21.75 d   84 frames, 25 in the window  (6.9 MB)
    2021-09-19 12Z  lead 21.50 d   84 frames, 25 in the window  (6.8 MB)
    2021-09-19 18Z  lead 21.25 d   84 frames, 25 in the window  (6.7 MB)
    2021-09-20 00Z  lead 21.00 d   84 frames, 25 in the window  (6.7 MB)
[cfs] wrote /glade/derecho/scratch/exu/S2S_ExtremeWeather/runs/acal/cfs/e05_h2_20211011_cfs16.nc (69.7 MB)
[cfsbase] e05_h2_20211011: obs +2.24  CFS mean +0.44 (sd 0.52)  reach 0/16
[cfs] e06_h2_20211206: tmp2m, peak 2021-12-06, init 2021-11-15 00:00:00 (21 d lead)
    2021-11-11 06Z  lead 24.75 d   84 frames, 25 in the window  (7.8 MB)
    2021-11-11 12Z  lead 24.50 d   84 frames, 25 in the window  (7.7 MB)
    2021-11-11 18Z  lead 24.25 d   84 frames, 25 in the window  (7.7 MB)
    2021-11-12 00Z  lead 24.00 d   84 frames, 25 in the window  (7.6 MB)
    2021-11-12 06Z  lead 23.75 d   84 frames, 25 in the window  (7.5 MB)
    2021-11-12 12Z  lead 23.50 d   84 frames, 25 in the window  (7.4 MB)
    2021-11-12 18Z  lead 23.25 d   84 frames, 25 in the window  (7.4 MB)
    2021-11-13 00Z  lead 23.00 d   84 frames, 25 in the window  (7.3 MB)
    2021-11-13 06Z  lead 22.75 d   84 frames, 25 in the window  (7.2 MB)
    2021-11-13 12Z  lead 22.50 d   84 frames, 25 in the window  (7.1 MB)
    2021-11-13 18Z  lead 22.25 d   84 frames, 25 in the window  (7.1 MB)
    2021-11-14 00Z  lead 22.00 d   84 frames, 25 in the window  (7.0 MB)
    2021-11-14 06Z  lead 21.75 d   84 frames, 25 in the window  (6.9 MB)
    2021-11-14 12Z  lead 21.50 d   84 frames, 25 in the window  (6.8 MB)
    2021-11-14 18Z  lead 21.25 d   84 frames, 25 in the window  (6.7 MB)
    2021-11-15 00Z  lead 21.00 d   84 frames, 25 in the window  (6.7 MB)
[cfs] wrote /glade/derecho/scratch/exu/S2S_ExtremeWeather/runs/acal/cfs/e06_h2_20211206_cfs16.nc (69.9 MB)
[cfsbase] e06_h2_20211206: obs +2.70  CFS mean +0.15 (sd 1.25)  reach 1/16
[cfs] e07_h2_20211217: tmp2m, peak 2021-12-17, init 2021-11-26 00:00:00 (21 d lead)
    2021-11-22 06Z  lead 24.75 d   84 frames, 25 in the window  (7.8 MB)
    2021-11-22 12Z  lead 24.50 d   84 frames, 25 in the window  (7.8 MB)
    2021-11-22 18Z  lead 24.25 d   84 frames, 25 in the window  (7.7 MB)
    2021-11-23 00Z  lead 24.00 d   84 frames, 25 in the window  (7.6 MB)
    2021-11-23 06Z  lead 23.75 d   84 frames, 25 in the window  (7.5 MB)
    2021-11-23 12Z  lead 23.50 d   84 frames, 25 in the window  (7.4 MB)
    2021-11-23 18Z  lead 23.25 d   84 frames, 25 in the window  (7.4 MB)
    2021-11-24 00Z  lead 23.00 d   84 frames, 25 in the window  (7.3 MB)
    2021-11-24 06Z  lead 22.75 d   84 frames, 25 in the window  (7.2 MB)
    2021-11-24 12Z  lead 22.50 d   84 frames, 25 in the window  (7.1 MB)
    2021-11-24 18Z  lead 22.25 d   84 frames, 25 in the window  (7.1 MB)
    2021-11-25 00Z  lead 22.00 d   84 frames, 25 in the window  (7.0 MB)
    2021-11-25 06Z  lead 21.75 d   84 frames, 25 in the window  (6.9 MB)
    2021-11-25 12Z  lead 21.50 d   84 frames, 25 in the window  (6.8 MB)
    2021-11-25 18Z  lead 21.25 d   84 frames, 25 in the window  (6.7 MB)
    2021-11-26 00Z  lead 21.00 d   84 frames, 25 in the window  (6.6 MB)
[cfs] wrote /glade/derecho/scratch/exu/S2S_ExtremeWeather/runs/acal/cfs/e07_h2_20211217_cfs16.nc (70.0 MB)
[cfsbase] e07_h2_20211217: obs +2.81  CFS mean +1.41 (sd 1.61)  reach 2/16
[cfs] e08_h2_20211229: tmp2m, peak 2021-12-29, init 2021-12-08 00:00:00 (21 d lead)
    2021-12-04 06Z  lead 24.75 d   84 frames, 25 in the window  (7.8 MB)
    2021-12-04 12Z  lead 24.50 d   84 frames, 25 in the window  (7.7 MB)
    2021-12-04 18Z  lead 24.25 d   84 frames, 25 in the window  (7.7 MB)
    2021-12-05 00Z  lead 24.00 d   84 frames, 25 in the window  (7.6 MB)
    2021-12-05 06Z  lead 23.75 d   84 frames, 25 in the window  (7.5 MB)
    2021-12-05 12Z  lead 23.50 d   84 frames, 25 in the window  (7.4 MB)
    2021-12-05 18Z  lead 23.25 d   84 frames, 25 in the window  (7.3 MB)
    2021-12-06 00Z  lead 23.00 d   84 frames, 25 in the window  (7.3 MB)
    2021-12-06 06Z  lead 22.75 d   84 frames, 25 in the window  (7.2 MB)
    2021-12-06 12Z  lead 22.50 d   84 frames, 25 in the window  (7.1 MB)
    2021-12-06 18Z  lead 22.25 d   84 frames, 25 in the window  (7.0 MB)
    2021-12-07 00Z  lead 22.00 d   84 frames, 25 in the window  (6.9 MB)
    2021-12-07 06Z  lead 21.75 d   84 frames, 25 in the window  (6.9 MB)
    2021-12-07 12Z  lead 21.50 d   84 frames, 25 in the window  (6.8 MB)
    2021-12-07 18Z  lead 21.25 d   84 frames, 25 in the window  (6.7 MB)
    2021-12-08 00Z  lead 21.00 d   84 frames, 25 in the window  (6.6 MB)
[cfs] wrote /glade/derecho/scratch/exu/S2S_ExtremeWeather/runs/acal/cfs/e08_h2_20211229_cfs16.nc (70.1 MB)
[cfsbase] e08_h2_20211229: obs +2.33  CFS mean +0.26 (sd 1.21)  reach 1/16
[cfs] e09_c2_20220228: tmp2m, peak 2022-02-28, init 2022-02-07 00:00:00 (21 d lead)
    2022-02-03 06Z  lead 24.75 d   84 frames, 25 in the window  (7.8 MB)
    2022-02-03 12Z  lead 24.50 d   84 frames, 25 in the window  (7.7 MB)
    2022-02-03 18Z  lead 24.25 d   84 frames, 25 in the window  (7.7 MB)
    2022-02-04 00Z  lead 24.00 d   84 frames, 25 in the window  (7.5 MB)
    2022-02-04 06Z  lead 23.75 d   84 frames, 25 in the window  (7.5 MB)
    2022-02-04 12Z  lead 23.50 d   84 frames, 25 in the window  (7.4 MB)
    2022-02-04 18Z  lead 23.25 d   84 frames, 25 in the window  (7.3 MB)
    2022-02-05 00Z  lead 23.00 d   84 frames, 25 in the window  (7.2 MB)
    2022-02-05 06Z  lead 22.75 d   84 frames, 25 in the window  (7.1 MB)
    2022-02-05 12Z  lead 22.50 d   84 frames, 25 in the window  (7.1 MB)
    2022-02-05 18Z  lead 22.25 d   84 frames, 25 in the window  (7.0 MB)
    2022-02-06 00Z  lead 22.00 d   84 frames, 25 in the window  (6.9 MB)
    2022-02-06 06Z  lead 21.75 d   84 frames, 25 in the window  (6.8 MB)
    2022-02-06 12Z  lead 21.50 d   84 frames, 25 in the window  (6.7 MB)
    2022-02-06 18Z  lead 21.25 d   84 frames, 25 in the window  (6.7 MB)
    2022-02-07 00Z  lead 21.00 d   84 frames, 25 in the window  (6.6 MB)
[cfs] wrote /glade/derecho/scratch/exu/S2S_ExtremeWeather/runs/acal/cfs/e09_c2_20220228_cfs16.nc (70.1 MB)
[cfsbase] e09_c2_20220228: obs -2.64  CFS mean +0.97 (sd 1.72)  reach 1/16
[cfs] e10_c2_20220314: tmp2m, peak 2022-03-14, init 2022-02-21 00:00:00 (21 d lead)
    2022-02-17 06Z  lead 24.75 d   84 frames, 25 in the window  (7.8 MB)
    2022-02-17 12Z  lead 24.50 d   84 frames, 25 in the window  (7.7 MB)
    2022-02-17 18Z  lead 24.25 d   84 frames, 25 in the window  (7.6 MB)
    2022-02-18 00Z  lead 24.00 d   84 frames, 25 in the window  (7.5 MB)
    2022-02-18 06Z  lead 23.75 d   84 frames, 25 in the window  (7.5 MB)
    2022-02-18 12Z  lead 23.50 d   84 frames, 25 in the window  (7.4 MB)
    2022-02-18 18Z  lead 23.25 d   84 frames, 25 in the window  (7.3 MB)
    2022-02-19 00Z  lead 23.00 d   84 frames, 25 in the window  (7.2 MB)
    2022-02-19 06Z  absent from NCEI, served by AWS
    2022-02-19 06Z  lead 22.75 d   84 frames, 25 in the window  (7.2 MB)
    2022-02-19 12Z  lead 22.50 d   84 frames, 25 in the window  (7.1 MB)
    2022-02-19 18Z  lead 22.25 d   84 frames, 25 in the window  (7.0 MB)
    2022-02-20 00Z  lead 22.00 d   84 frames, 25 in the window  (6.9 MB)
    2022-02-20 06Z  lead 21.75 d   84 frames, 25 in the window  (6.8 MB)
    2022-02-20 12Z  lead 21.50 d   84 frames, 25 in the window  (6.8 MB)
    2022-02-20 18Z  lead 21.25 d   84 frames, 25 in the window  (6.7 MB)
    2022-02-21 00Z  lead 21.00 d   84 frames, 25 in the window  (6.6 MB)
[cfs] wrote /glade/derecho/scratch/exu/S2S_ExtremeWeather/runs/acal/cfs/e10_c2_20220314_cfs16.nc (70.2 MB)
[cfsbase] e10_c2_20220314: obs -2.13  CFS mean -1.00 (sd 1.03)  reach 3/16
[cfs] e11_h2_20220321: tmp2m, peak 2022-03-21, init 2022-02-28 00:00:00 (21 d lead)
    2022-02-24 06Z  lead 24.75 d   84 frames, 25 in the window  (7.8 MB)
    2022-02-24 12Z  lead 24.50 d   84 frames, 25 in the window  (7.7 MB)
    2022-02-24 18Z  lead 24.25 d   84 frames, 25 in the window  (7.7 MB)
    2022-02-25 00Z  lead 24.00 d   84 frames, 25 in the window  (7.6 MB)
    2022-02-25 06Z  absent from NCEI, served by AWS
    2022-02-25 06Z  lead 23.75 d   84 frames, 25 in the window  (7.5 MB)
    2022-02-25 12Z  lead 23.50 d   84 frames, 25 in the window  (7.4 MB)
    2022-02-25 18Z  lead 23.25 d   84 frames, 25 in the window  (7.3 MB)
    2022-02-26 00Z  lead 23.00 d   84 frames, 25 in the window  (7.2 MB)
    2022-02-26 06Z  lead 22.75 d   84 frames, 25 in the window  (7.2 MB)
    2022-02-26 12Z  lead 22.50 d   84 frames, 25 in the window  (7.1 MB)
    2022-02-26 18Z  lead 22.25 d   84 frames, 25 in the window  (7.0 MB)
    2022-02-27 00Z  absent from NCEI, served by AWS
    2022-02-27 00Z  lead 22.00 d   84 frames, 25 in the window  (6.9 MB)
    2022-02-27 06Z  lead 21.75 d   84 frames, 25 in the window  (6.9 MB)
    2022-02-27 12Z  lead 21.50 d   84 frames, 25 in the window  (6.8 MB)
    2022-02-27 18Z  lead 21.25 d   84 frames, 25 in the window  (6.7 MB)
    2022-02-28 00Z  lead 21.00 d   84 frames, 25 in the window  (6.6 MB)
[cfs] wrote /glade/derecho/scratch/exu/S2S_ExtremeWeather/runs/acal/cfs/e11_h2_20220321_cfs16.nc (69.9 MB)
[cfsbase] e11_h2_20220321: obs +2.28  CFS mean +0.36 (sd 1.50)  reach 0/16
[cfs] e12_c3_20221121: tmp2m, peak 2022-11-21, init 2022-10-31 00:00:00 (21 d lead)
    2022-10-27 06Z  lead 24.75 d   84 frames, 25 in the window  (7.8 MB)
    2022-10-27 12Z  lead 24.50 d   84 frames, 25 in the window  (7.7 MB)
    2022-10-27 18Z  lead 24.25 d   84 frames, 25 in the window  (7.7 MB)
    2022-10-28 00Z  lead 24.00 d   84 frames, 25 in the window  (7.6 MB)
    2022-10-28 06Z  lead 23.75 d   84 frames, 25 in the window  (7.5 MB)
    2022-10-28 12Z  lead 23.50 d   84 frames, 25 in the window  (7.4 MB)
    2022-10-28 18Z  lead 23.25 d   84 frames, 25 in the window  (7.4 MB)
    2022-10-29 00Z  lead 23.00 d   84 frames, 25 in the window  (7.3 MB)
    2022-10-29 06Z  lead 22.75 d   84 frames, 25 in the window  (7.2 MB)
    2022-10-29 12Z  lead 22.50 d   84 frames, 25 in the window  (7.1 MB)
    2022-10-29 18Z  lead 22.25 d   84 frames, 25 in the window  (7.0 MB)
    2022-10-30 00Z  lead 22.00 d   84 frames, 25 in the window  (7.0 MB)
    2022-10-30 06Z  lead 21.75 d   84 frames, 25 in the window  (6.9 MB)
    no inventory for 2022-10-30 12Z on NCEI; fetching the whole run instead
    2022-10-30 12Z  lead 21.50 d   84 frames, 25 in the window  (96.9 MB)
    2022-10-30 18Z  lead 21.25 d   84 frames, 25 in the window  (6.7 MB)
    2022-10-31 00Z  lead 21.00 d   84 frames, 25 in the window  (6.6 MB)
[cfs] wrote /glade/derecho/scratch/exu/S2S_ExtremeWeather/runs/acal/cfs/e12_c3_20221121_cfs16.nc (69.7 MB)
[cfsbase] e12_c3_20221121: obs -3.95  CFS mean -0.31 (sd 1.51)  reach 0/16
[cfs] e13_c3_20221225: tmp2m, peak 2022-12-25, init 2022-12-04 00:00:00 (21 d lead)
    2022-11-30 06Z  lead 24.75 d   84 frames, 25 in the window  (7.8 MB)
    2022-11-30 12Z  lead 24.50 d   84 frames, 25 in the window  (7.7 MB)
    2022-11-30 18Z  lead 24.25 d   84 frames, 25 in the window  (7.6 MB)
    2022-12-01 00Z  lead 24.00 d   84 frames, 25 in the window  (7.6 MB)
    2022-12-01 06Z  lead 23.75 d   84 frames, 25 in the window  (7.5 MB)
    2022-12-01 12Z  lead 23.50 d   84 frames, 25 in the window  (7.4 MB)
    2022-12-01 18Z  lead 23.25 d   84 frames, 25 in the window  (7.4 MB)
    2022-12-02 00Z  lead 23.00 d   84 frames, 25 in the window  (7.3 MB)
    2022-12-02 06Z  lead 22.75 d   84 frames, 25 in the window  (7.2 MB)
    2022-12-02 12Z  lead 22.50 d   84 frames, 25 in the window  (7.1 MB)
    2022-12-02 18Z  lead 22.25 d   84 frames, 25 in the window  (7.0 MB)
    2022-12-03 00Z  lead 22.00 d   84 frames, 25 in the window  (6.9 MB)
    2022-12-03 06Z  lead 21.75 d   84 frames, 25 in the window  (6.9 MB)
    2022-12-03 12Z  absent from NCEI, served by AWS
    2022-12-03 12Z  lead 21.50 d   84 frames, 25 in the window  (6.8 MB)
    2022-12-03 18Z  lead 21.25 d   84 frames, 25 in the window  (6.7 MB)
    2022-12-04 00Z  lead 21.00 d   84 frames, 25 in the window  (6.6 MB)
[cfs] wrote /glade/derecho/scratch/exu/S2S_ExtremeWeather/runs/acal/cfs/e13_c3_20221225_cfs16.nc (70.2 MB)
[cfsbase] e13_c3_20221225: obs -3.80  CFS mean -0.78 (sd 1.39)  reach 0/16
[cfs] e14_h4_20230104: tmp2m, peak 2023-01-04, init 2022-12-14 00:00:00 (21 d lead)
    2022-12-10 06Z  lead 24.75 d   84 frames, 25 in the window  (7.8 MB)
    2022-12-10 12Z  lead 24.50 d   84 frames, 25 in the window  (7.7 MB)
    2022-12-10 18Z  lead 24.25 d   84 frames, 25 in the window  (7.6 MB)
    2022-12-11 00Z  lead 24.00 d   84 frames, 25 in the window  (7.6 MB)
    2022-12-11 06Z  lead 23.75 d   84 frames, 25 in the window  (7.5 MB)
    2022-12-11 12Z  lead 23.50 d   84 frames, 25 in the window  (7.4 MB)
    2022-12-11 18Z  lead 23.25 d   84 frames, 25 in the window  (7.3 MB)
    2022-12-12 00Z  lead 23.00 d   84 frames, 25 in the window  (7.2 MB)
    2022-12-12 06Z  lead 22.75 d   84 frames, 25 in the window  (7.2 MB)
    2022-12-12 12Z  lead 22.50 d   84 frames, 25 in the window  (7.1 MB)
    2022-12-12 18Z  lead 22.25 d   84 frames, 25 in the window  (7.0 MB)
    2022-12-13 00Z  lead 22.00 d   84 frames, 25 in the window  (6.9 MB)
    2022-12-13 06Z  lead 21.75 d   84 frames, 25 in the window  (6.8 MB)
    2022-12-13 12Z  absent from NCEI, served by AWS
    2022-12-13 12Z  lead 21.50 d   84 frames, 25 in the window  (6.8 MB)
    2022-12-13 18Z  lead 21.25 d   84 frames, 25 in the window  (6.7 MB)
    2022-12-14 00Z  lead 21.00 d   84 frames, 25 in the window  (6.6 MB)
[cfs] wrote /glade/derecho/scratch/exu/S2S_ExtremeWeather/runs/acal/cfs/e14_h4_20230104_cfs16.nc (70.5 MB)
[cfsbase] e14_h4_20230104: obs +4.03  CFS mean +0.47 (sd 1.58)  reach 0/16
[cfs] e15_h2_20230118: tmp2m, peak 2023-01-18, init 2022-12-28 00:00:00 (21 d lead)
    2022-12-24 06Z  lead 24.75 d   84 frames, 25 in the window  (7.8 MB)
    2022-12-24 12Z  lead 24.50 d   84 frames, 25 in the window  (7.7 MB)
    2022-12-24 18Z  absent from NCEI, served by AWS
    2022-12-24 18Z  lead 24.25 d   84 frames, 25 in the window  (7.7 MB)
    2022-12-25 00Z  lead 24.00 d   84 frames, 25 in the window  (7.6 MB)
    2022-12-25 06Z  lead 23.75 d   84 frames, 25 in the window  (7.5 MB)
    2022-12-25 12Z  lead 23.50 d   84 frames, 25 in the window  (7.4 MB)
    2022-12-25 18Z  absent from NCEI, served by AWS
    2022-12-25 18Z  lead 23.25 d   84 frames, 25 in the window  (7.3 MB)
    2022-12-26 00Z  lead 23.00 d   84 frames, 25 in the window  (7.2 MB)
    2022-12-26 06Z  lead 22.75 d   84 frames, 25 in the window  (7.2 MB)
    2022-12-26 12Z  lead 22.50 d   84 frames, 25 in the window  (7.1 MB)
    2022-12-26 18Z  lead 22.25 d   84 frames, 25 in the window  (7.0 MB)
    2022-12-27 00Z  lead 22.00 d   84 frames, 25 in the window  (6.9 MB)
    2022-12-27 06Z  lead 21.75 d   84 frames, 25 in the window  (6.9 MB)
    2022-12-27 12Z  lead 21.50 d   84 frames, 25 in the window  (6.8 MB)
    2022-12-27 18Z  lead 21.25 d   84 frames, 25 in the window  (6.7 MB)
    2022-12-28 00Z  lead 21.00 d   84 frames, 25 in the window  (6.6 MB)
[cfs] wrote /glade/derecho/scratch/exu/S2S_ExtremeWeather/runs/acal/cfs/e15_h2_20230118_cfs16.nc (69.9 MB)
[cfsbase] e15_h2_20230118: obs +2.47  CFS mean +1.62 (sd 1.40)  reach 6/16
[cfs] e16_c2_20230205: tmp2m, peak 2023-02-05, init 2023-01-15 00:00:00 (21 d lead)
    2023-01-11 06Z  lead 24.75 d   84 frames, 25 in the window  (7.8 MB)
    2023-01-11 12Z  lead 24.50 d   84 frames, 25 in the window  (7.7 MB)
    2023-01-11 18Z  lead 24.25 d   84 frames, 25 in the window  (7.7 MB)
    2023-01-12 00Z  lead 24.00 d   84 frames, 25 in the window  (7.6 MB)
    2023-01-12 06Z  absent from NCEI, served by AWS
    2023-01-12 06Z  lead 23.75 d   84 frames, 25 in the window  (7.5 MB)
    2023-01-12 12Z  lead 23.50 d   84 frames, 25 in the window  (7.4 MB)
    2023-01-12 18Z  absent from NCEI, served by AWS
    2023-01-12 18Z  lead 23.25 d   84 frames, 25 in the window  (7.4 MB)
    2023-01-13 00Z  lead 23.00 d   84 frames, 25 in the window  (7.2 MB)
    2023-01-13 06Z  lead 22.75 d   84 frames, 25 in the window  (7.2 MB)
    2023-01-13 12Z  lead 22.50 d   84 frames, 25 in the window  (7.1 MB)
    2023-01-13 18Z  lead 22.25 d   84 frames, 25 in the window  (7.0 MB)
    2023-01-14 00Z  lead 22.00 d   84 frames, 25 in the window  (6.9 MB)
    2023-01-14 06Z  lead 21.75 d   84 frames, 25 in the window  (6.9 MB)
    no inventory for 2023-01-14 12Z on NCEI; fetching the whole run instead
    2023-01-14 12Z  lead 21.50 d   84 frames, 25 in the window  (92.0 MB)
    2023-01-14 18Z  lead 21.25 d   84 frames, 25 in the window  (6.7 MB)
    2023-01-15 00Z  lead 21.00 d   84 frames, 25 in the window  (6.6 MB)
[cfs] wrote /glade/derecho/scratch/exu/S2S_ExtremeWeather/runs/acal/cfs/e16_c2_20230205_cfs16.nc (70.3 MB)
[cfsbase] e16_c2_20230205: obs -2.34  CFS mean -1.36 (sd 1.49)  reach 5/16
[cfs] e17_c2_20230322: tmp2m, peak 2023-03-22, init 2023-03-01 00:00:00 (21 d lead)
    2023-02-25 06Z  lead 24.75 d   84 frames, 25 in the window  (7.8 MB)
    2023-02-25 12Z  lead 24.50 d   84 frames, 25 in the window  (7.8 MB)
    2023-02-25 18Z  lead 24.25 d   84 frames, 25 in the window  (7.7 MB)
    2023-02-26 00Z  lead 24.00 d   84 frames, 25 in the window  (7.6 MB)
    2023-02-26 06Z  lead 23.75 d   84 frames, 25 in the window  (7.5 MB)
    2023-02-26 12Z  lead 23.50 d   84 frames, 25 in the window  (7.5 MB)
    2023-02-26 18Z  lead 23.25 d   84 frames, 25 in the window  (7.4 MB)
    2023-02-27 00Z  lead 23.00 d   84 frames, 25 in the window  (7.3 MB)
    2023-02-27 06Z  absent from NCEI, served by AWS
    2023-02-27 06Z  lead 22.75 d   84 frames, 25 in the window  (7.2 MB)
    2023-02-27 12Z  lead 22.50 d   84 frames, 25 in the window  (7.1 MB)
    2023-02-27 18Z  absent from NCEI, served by AWS
    2023-02-27 18Z  lead 22.25 d   84 frames, 25 in the window  (7.1 MB)
    2023-02-28 00Z  lead 22.00 d   84 frames, 25 in the window  (7.0 MB)
    2023-02-28 06Z  lead 21.75 d   84 frames, 25 in the window  (6.9 MB)
    2023-02-28 12Z  lead 21.50 d   84 frames, 25 in the window  (6.8 MB)
    2023-02-28 18Z  lead 21.25 d   84 frames, 25 in the window  (6.7 MB)
    2023-03-01 00Z  lead 21.00 d   84 frames, 25 in the window  (6.6 MB)
[cfs] wrote /glade/derecho/scratch/exu/S2S_ExtremeWeather/runs/acal/cfs/e17_c2_20230322_cfs16.nc (70.1 MB)
[cfsbase] e17_c2_20230322: obs -2.08  CFS mean -0.81 (sd 1.70)  reach 4/16
[cfs] e18_h2_20231006: tmp2m, peak 2023-10-06, init 2023-09-15 00:00:00 (21 d lead)
    2023-09-11 06Z  lead 24.75 d   84 frames, 25 in the window  (7.8 MB)
    2023-09-11 12Z  lead 24.50 d   84 frames, 25 in the window  (7.8 MB)
    2023-09-11 18Z  lead 24.25 d   84 frames, 25 in the window  (7.7 MB)
    2023-09-12 00Z  lead 24.00 d   84 frames, 25 in the window  (7.6 MB)
    2023-09-12 06Z  lead 23.75 d   84 frames, 25 in the window  (7.5 MB)
    2023-09-12 12Z  lead 23.50 d   84 frames, 25 in the window  (7.4 MB)
    2023-09-12 18Z  lead 23.25 d   84 frames, 25 in the window  (7.3 MB)
    no inventory for 2023-09-13 00Z on NCEI; fetching the whole run instead
    2023-09-13 00Z  lead 23.00 d   84 frames, 25 in the window  (92.6 MB)
    2023-09-13 06Z  lead 22.75 d   84 frames, 25 in the window  (7.2 MB)
    no inventory for 2023-09-13 12Z on NCEI; fetching the whole run instead
    2023-09-13 12Z  lead 22.50 d   84 frames, 25 in the window  (92.4 MB)
    no inventory for 2023-09-13 18Z on NCEI; fetching the whole run instead
    2023-09-13 18Z  lead 22.25 d   84 frames, 25 in the window  (92.2 MB)
    2023-09-14 00Z  lead 22.00 d   84 frames, 25 in the window  (7.0 MB)
    2023-09-14 06Z  lead 21.75 d   84 frames, 25 in the window  (6.9 MB)
    no inventory for 2023-09-14 12Z on NCEI; fetching the whole run instead
    2023-09-14 12Z  lead 21.50 d   84 frames, 25 in the window  (92.0 MB)
    2023-09-14 18Z  lead 21.25 d   84 frames, 25 in the window  (6.7 MB)
    2023-09-15 00Z  absent from NCEI, served by AWS
    2023-09-15 00Z  lead 21.00 d   84 frames, 25 in the window  (6.7 MB)
[cfs] wrote /glade/derecho/scratch/exu/S2S_ExtremeWeather/runs/acal/cfs/e18_h2_20231006_cfs16.nc (69.9 MB)
[cfsbase] e18_h2_20231006: obs +2.13  CFS mean +0.66 (sd 0.58)  reach 0/16
[cfs] e19_h2_20231025: tmp2m, peak 2023-10-25, init 2023-10-04 00:00:00 (21 d lead)
    2023-09-30 06Z  lead 24.75 d   84 frames, 25 in the window  (7.8 MB)
    2023-09-30 12Z  lead 24.50 d   84 frames, 25 in the window  (7.7 MB)
    2023-09-30 18Z  lead 24.25 d   84 frames, 25 in the window  (7.7 MB)
    2023-10-01 00Z  lead 24.00 d   84 frames, 25 in the window  (7.6 MB)
    2023-10-01 06Z  lead 23.75 d   84 frames, 25 in the window  (7.5 MB)
    2023-10-01 12Z  lead 23.50 d   84 frames, 25 in the window  (7.4 MB)
    2023-10-01 18Z  lead 23.25 d   84 frames, 25 in the window  (7.4 MB)
    2023-10-02 00Z  lead 23.00 d   84 frames, 25 in the window  (7.3 MB)
    2023-10-02 06Z  lead 22.75 d   84 frames, 25 in the window  (7.2 MB)
    2023-10-02 12Z  lead 22.50 d   84 frames, 25 in the window  (7.1 MB)
    2023-10-02 18Z  lead 22.25 d   84 frames, 25 in the window  (7.0 MB)
    2023-10-03 00Z  lead 22.00 d   84 frames, 25 in the window  (7.0 MB)
    2023-10-03 06Z  lead 21.75 d   84 frames, 25 in the window  (6.9 MB)
    2023-10-03 12Z  lead 21.50 d   84 frames, 25 in the window  (6.8 MB)
    2023-10-03 18Z  lead 21.25 d   84 frames, 25 in the window  (6.7 MB)
    2023-10-04 00Z  lead 21.00 d   84 frames, 25 in the window  (6.6 MB)
[cfs] wrote /glade/derecho/scratch/exu/S2S_ExtremeWeather/runs/acal/cfs/e19_h2_20231025_cfs16.nc (69.8 MB)
[cfsbase] e19_h2_20231025: obs +2.29  CFS mean +0.89 (sd 0.65)  reach 1/16
[cfs] e20_c2_20231103: tmp2m, peak 2023-11-03, init 2023-10-13 00:00:00 (21 d lead)
    no inventory for 2023-10-09 06Z on NCEI; fetching the whole run instead
    2023-10-09 06Z  lead 24.75 d   84 frames, 25 in the window  (93.9 MB)
    2023-10-09 12Z  lead 24.50 d   84 frames, 25 in the window  (7.7 MB)
    2023-10-09 18Z  lead 24.25 d   84 frames, 25 in the window  (7.7 MB)
    2023-10-10 00Z  lead 24.00 d   84 frames, 25 in the window  (7.6 MB)
    2023-10-10 06Z  lead 23.75 d   84 frames, 25 in the window  (7.5 MB)
    2023-10-10 12Z  lead 23.50 d   84 frames, 25 in the window  (7.4 MB)
    2023-10-10 18Z  lead 23.25 d   84 frames, 25 in the window  (7.4 MB)
    2023-10-11 00Z  lead 23.00 d   84 frames, 25 in the window  (7.3 MB)
    2023-10-11 06Z  lead 22.75 d   84 frames, 25 in the window  (7.2 MB)
    2023-10-11 12Z  lead 22.50 d   84 frames, 25 in the window  (7.1 MB)
    2023-10-11 18Z  lead 22.25 d   84 frames, 25 in the window  (7.0 MB)
    2023-10-12 00Z  lead 22.00 d   84 frames, 25 in the window  (7.0 MB)
    2023-10-12 06Z  lead 21.75 d   84 frames, 25 in the window  (6.9 MB)
    2023-10-12 12Z  lead 21.50 d   84 frames, 25 in the window  (6.8 MB)
    2023-10-12 18Z  lead 21.25 d   84 frames, 25 in the window  (6.7 MB)
    2023-10-13 00Z  lead 21.00 d   84 frames, 25 in the window  (6.6 MB)
[cfs] wrote /glade/derecho/scratch/exu/S2S_ExtremeWeather/runs/acal/cfs/e20_c2_20231103_cfs16.nc (69.8 MB)
[cfsbase] e20_c2_20231103: obs -2.07  CFS mean -0.85 (sd 1.19)  reach 2/16
[cfs] e21_h2_20231120: tmp2m, peak 2023-11-20, init 2023-10-30 00:00:00 (21 d lead)
    2023-10-26 06Z  lead 24.75 d   84 frames, 25 in the window  (7.8 MB)
    2023-10-26 12Z  lead 24.50 d   84 frames, 25 in the window  (7.8 MB)
    2023-10-26 18Z  lead 24.25 d   84 frames, 25 in the window  (7.7 MB)
    2023-10-27 00Z  lead 24.00 d   84 frames, 25 in the window  (7.6 MB)
    2023-10-27 06Z  lead 23.75 d   84 frames, 25 in the window  (7.5 MB)
    2023-10-27 12Z  lead 23.50 d   84 frames, 25 in the window  (7.5 MB)
    2023-10-27 18Z  lead 23.25 d   84 frames, 25 in the window  (7.4 MB)
    2023-10-28 00Z  lead 23.00 d   84 frames, 25 in the window  (7.3 MB)
    2023-10-28 06Z  lead 22.75 d   84 frames, 25 in the window  (7.2 MB)
    2023-10-28 12Z  lead 22.50 d   84 frames, 25 in the window  (7.1 MB)
    2023-10-28 18Z  lead 22.25 d   84 frames, 25 in the window  (7.1 MB)
    2023-10-29 00Z  lead 22.00 d   84 frames, 25 in the window  (7.0 MB)
    2023-10-29 06Z  lead 21.75 d   84 frames, 25 in the window  (6.9 MB)
    2023-10-29 12Z  lead 21.50 d   84 frames, 25 in the window  (6.8 MB)
    2023-10-29 18Z  lead 21.25 d   84 frames, 25 in the window  (6.7 MB)
    2023-10-30 00Z  lead 21.00 d   84 frames, 25 in the window  (6.6 MB)
[cfs] wrote /glade/derecho/scratch/exu/S2S_ExtremeWeather/runs/acal/cfs/e21_h2_20231120_cfs16.nc (69.9 MB)
[cfsbase] e21_h2_20231120: obs +2.21  CFS mean +0.46 (sd 1.00)  reach 1/16
[cfs] e22_h2_20231210: tmp2m, peak 2023-12-10, init 2023-11-19 00:00:00 (21 d lead)
    2023-11-15 06Z  lead 24.75 d   84 frames, 25 in the window  (7.8 MB)
    2023-11-15 12Z  lead 24.50 d   84 frames, 25 in the window  (7.7 MB)
    2023-11-15 18Z  absent from NCEI, served by AWS
    2023-11-15 18Z  lead 24.25 d   84 frames, 25 in the window  (7.7 MB)
    2023-11-16 00Z  absent from NCEI, served by AWS
    2023-11-16 00Z  lead 24.00 d   84 frames, 25 in the window  (7.6 MB)
    2023-11-16 06Z  absent from NCEI, served by AWS
    2023-11-16 06Z  lead 23.75 d   84 frames, 25 in the window  (7.5 MB)
    2023-11-16 12Z  absent from NCEI, served by AWS
    2023-11-16 12Z  lead 23.50 d   84 frames, 25 in the window  (7.4 MB)
    2023-11-16 18Z  absent from NCEI, served by AWS
    2023-11-16 18Z  lead 23.25 d   84 frames, 25 in the window  (7.3 MB)
    2023-11-17 00Z  absent from NCEI, served by AWS
    2023-11-17 00Z  lead 23.00 d   84 frames, 25 in the window  (7.3 MB)
    2023-11-17 06Z  absent from NCEI, served by AWS
    2023-11-17 06Z  lead 22.75 d   84 frames, 25 in the window  (7.2 MB)
    2023-11-17 12Z  absent from NCEI, served by AWS
    2023-11-17 12Z  lead 22.50 d   84 frames, 25 in the window  (7.1 MB)
    2023-11-17 18Z  absent from NCEI, served by AWS
    2023-11-17 18Z  lead 22.25 d   84 frames, 25 in the window  (7.0 MB)
    2023-11-18 00Z  absent from NCEI, served by AWS
    2023-11-18 00Z  lead 22.00 d   84 frames, 25 in the window  (6.9 MB)
    2023-11-18 06Z  absent from NCEI, served by AWS
    2023-11-18 06Z  lead 21.75 d   84 frames, 25 in the window  (6.9 MB)
    2023-11-18 12Z  absent from NCEI, served by AWS
    2023-11-18 12Z  lead 21.50 d   84 frames, 25 in the window  (6.8 MB)
    2023-11-18 18Z  absent from NCEI, served by AWS
    2023-11-18 18Z  lead 21.25 d   84 frames, 25 in the window  (6.7 MB)
    2023-11-19 00Z  absent from NCEI, served by AWS
    2023-11-19 00Z  lead 21.00 d   84 frames, 25 in the window  (6.6 MB)
[cfs] wrote /glade/derecho/scratch/exu/S2S_ExtremeWeather/runs/acal/cfs/e22_h2_20231210_cfs16.nc (69.9 MB)
[cfsbase] e22_h2_20231210: obs +2.06  CFS mean -0.05 (sd 1.23)  reach 0/16
[cfs] e23_h3_20231228: tmp2m, peak 2023-12-28, init 2023-12-07 00:00:00 (21 d lead)
    2023-12-03 06Z  absent from NCEI, served by AWS
    2023-12-03 06Z  lead 24.75 d   84 frames, 25 in the window  (7.8 MB)
    2023-12-03 12Z  absent from NCEI, served by AWS
    2023-12-03 12Z  lead 24.50 d   84 frames, 25 in the window  (7.7 MB)
    2023-12-03 18Z  absent from NCEI, served by AWS
    2023-12-03 18Z  lead 24.25 d   84 frames, 25 in the window  (7.7 MB)
    2023-12-04 00Z  absent from NCEI, served by AWS
    2023-12-04 00Z  lead 24.00 d   84 frames, 25 in the window  (7.6 MB)
    2023-12-04 06Z  absent from NCEI, served by AWS
    2023-12-04 06Z  lead 23.75 d   84 frames, 25 in the window  (7.5 MB)
    2023-12-04 12Z  absent from NCEI, served by AWS
    2023-12-04 12Z  lead 23.50 d   84 frames, 25 in the window  (7.4 MB)
    2023-12-04 18Z  absent from NCEI, served by AWS
    2023-12-04 18Z  lead 23.25 d   84 frames, 25 in the window  (7.3 MB)
    2023-12-05 00Z  absent from NCEI, served by AWS
    2023-12-05 00Z  lead 23.00 d   84 frames, 25 in the window  (7.3 MB)
    2023-12-05 06Z  absent from NCEI, served by AWS
    2023-12-05 06Z  lead 22.75 d   84 frames, 25 in the window  (7.2 MB)
    2023-12-05 12Z  absent from NCEI, served by AWS
    2023-12-05 12Z  lead 22.50 d   84 frames, 25 in the window  (7.1 MB)
    2023-12-05 18Z  absent from NCEI, served by AWS
    2023-12-05 18Z  lead 22.25 d   84 frames, 25 in the window  (7.0 MB)
    2023-12-06 00Z  absent from NCEI, served by AWS
    2023-12-06 00Z  lead 22.00 d   84 frames, 25 in the window  (6.9 MB)
    2023-12-06 06Z  absent from NCEI, served by AWS
    2023-12-06 06Z  lead 21.75 d   84 frames, 25 in the window  (6.8 MB)
    2023-12-06 12Z  absent from NCEI, served by AWS
    2023-12-06 12Z  lead 21.50 d   84 frames, 25 in the window  (6.8 MB)
    2023-12-06 18Z  absent from NCEI, served by AWS
    2023-12-06 18Z  lead 21.25 d   84 frames, 25 in the window  (6.7 MB)
    2023-12-07 00Z  absent from NCEI, served by AWS
    2023-12-07 00Z  lead 21.00 d   84 frames, 25 in the window  (6.6 MB)
[cfs] wrote /glade/derecho/scratch/exu/S2S_ExtremeWeather/runs/acal/cfs/e23_h3_20231228_cfs16.nc (69.9 MB)
[cfsbase] e23_h3_20231228: obs +3.03  CFS mean +1.06 (sd 1.04)  reach 0/16
[cfs] e24_c3_20240119: tmp2m, peak 2024-01-19, init 2023-12-29 00:00:00 (21 d lead)
    2023-12-25 06Z  absent from NCEI, served by AWS
    2023-12-25 06Z  lead 24.75 d   84 frames, 25 in the window  (7.8 MB)
    2023-12-25 12Z  absent from NCEI, served by AWS
    2023-12-25 12Z  lead 24.50 d   84 frames, 25 in the window  (7.7 MB)
    2023-12-25 18Z  absent from NCEI, served by AWS
    2023-12-25 18Z  lead 24.25 d   84 frames, 25 in the window  (7.6 MB)
    2023-12-26 00Z  absent from NCEI, served by AWS
    2023-12-26 00Z  lead 24.00 d   84 frames, 25 in the window  (7.6 MB)
    2023-12-26 06Z  absent from NCEI, served by AWS
    2023-12-26 06Z  lead 23.75 d   84 frames, 25 in the window  (7.5 MB)
    2023-12-26 12Z  absent from NCEI, served by AWS
    2023-12-26 12Z  lead 23.50 d   84 frames, 25 in the window  (7.4 MB)
    2023-12-26 18Z  absent from NCEI, served by AWS
    2023-12-26 18Z  lead 23.25 d   84 frames, 25 in the window  (7.3 MB)
    2023-12-27 00Z  absent from NCEI, served by AWS
    2023-12-27 00Z  lead 23.00 d   84 frames, 25 in the window  (7.2 MB)
    2023-12-27 06Z  absent from NCEI, served by AWS
    2023-12-27 06Z  lead 22.75 d   84 frames, 25 in the window  (7.2 MB)
    2023-12-27 12Z  absent from NCEI, served by AWS
    2023-12-27 12Z  lead 22.50 d   84 frames, 25 in the window  (7.1 MB)
    2023-12-27 18Z  absent from NCEI, served by AWS
    2023-12-27 18Z  lead 22.25 d   84 frames, 25 in the window  (7.0 MB)
    2023-12-28 00Z  absent from NCEI, served by AWS
    2023-12-28 00Z  lead 22.00 d   84 frames, 25 in the window  (6.9 MB)
    2023-12-28 06Z  absent from NCEI, served by AWS
    2023-12-28 06Z  lead 21.75 d   84 frames, 25 in the window  (6.9 MB)
    2023-12-28 12Z  absent from NCEI, served by AWS
    2023-12-28 12Z  lead 21.50 d   84 frames, 25 in the window  (6.8 MB)
    2023-12-28 18Z  absent from NCEI, served by AWS
    2023-12-28 18Z  lead 21.25 d   84 frames, 25 in the window  (6.7 MB)
    2023-12-29 00Z  absent from NCEI, served by AWS
    2023-12-29 00Z  lead 21.00 d   84 frames, 25 in the window  (6.6 MB)
[cfs] wrote /glade/derecho/scratch/exu/S2S_ExtremeWeather/runs/acal/cfs/e24_c3_20240119_cfs16.nc (70.1 MB)
[cfsbase] e24_c3_20240119: obs -3.46  CFS mean -0.19 (sd 1.83)  reach 0/16
[cfs] e25_h3_20240131: tmp2m, peak 2024-01-31, init 2024-01-10 00:00:00 (21 d lead)
    2024-01-06 06Z  absent from NCEI, served by AWS
    2024-01-06 06Z  lead 24.75 d   84 frames, 25 in the window  (7.8 MB)
    2024-01-06 12Z  absent from NCEI, served by AWS
    2024-01-06 12Z  lead 24.50 d   84 frames, 25 in the window  (7.7 MB)
    2024-01-06 18Z  absent from NCEI, served by AWS
    2024-01-06 18Z  lead 24.25 d   84 frames, 25 in the window  (7.6 MB)
    2024-01-07 00Z  absent from NCEI, served by AWS
    2024-01-07 00Z  lead 24.00 d   84 frames, 25 in the window  (7.6 MB)
    2024-01-07 06Z  absent from NCEI, served by AWS
    2024-01-07 06Z  lead 23.75 d   84 frames, 25 in the window  (7.5 MB)
    2024-01-07 12Z  absent from NCEI, served by AWS
    2024-01-07 12Z  lead 23.50 d   84 frames, 25 in the window  (7.4 MB)
    2024-01-07 18Z  absent from NCEI, served by AWS
    2024-01-07 18Z  lead 23.25 d   84 frames, 25 in the window  (7.3 MB)
    2024-01-08 00Z  absent from NCEI, served by AWS
    2024-01-08 00Z  lead 23.00 d   84 frames, 25 in the window  (7.3 MB)
    2024-01-08 06Z  absent from NCEI, served by AWS
    2024-01-08 06Z  lead 22.75 d   84 frames, 25 in the window  (7.2 MB)
    2024-01-08 12Z  absent from NCEI, served by AWS
    2024-01-08 12Z  lead 22.50 d   84 frames, 25 in the window  (7.1 MB)
    2024-01-08 18Z  absent from NCEI, served by AWS
    2024-01-08 18Z  lead 22.25 d   84 frames, 25 in the window  (7.0 MB)
    2024-01-09 00Z  absent from NCEI, served by AWS
    2024-01-09 00Z  lead 22.00 d   84 frames, 25 in the window  (6.9 MB)
    2024-01-09 06Z  absent from NCEI, served by AWS
    2024-01-09 06Z  lead 21.75 d   84 frames, 25 in the window  (6.8 MB)
    2024-01-09 12Z  absent from NCEI, served by AWS
    2024-01-09 12Z  lead 21.50 d   84 frames, 25 in the window  (6.8 MB)
    2024-01-09 18Z  absent from NCEI, served by AWS
    2024-01-09 18Z  lead 21.25 d   84 frames, 25 in the window  (6.7 MB)
    2024-01-10 00Z  absent from NCEI, served by AWS
    2024-01-10 00Z  lead 21.00 d   84 frames, 25 in the window  (6.6 MB)
[cfs] wrote /glade/derecho/scratch/exu/S2S_ExtremeWeather/runs/acal/cfs/e25_h3_20240131_cfs16.nc (70.6 MB)
[cfsbase] e25_h3_20240131: obs +3.86  CFS mean -0.08 (sd 1.49)  reach 0/16
[cfs] e26_h2_20240211: tmp2m, peak 2024-02-11, init 2024-01-21 00:00:00 (21 d lead)
    2024-01-17 06Z  absent from NCEI, served by AWS
    2024-01-17 06Z  lead 24.75 d   84 frames, 25 in the window  (7.8 MB)
    2024-01-17 12Z  absent from NCEI, served by AWS
    2024-01-17 12Z  lead 24.50 d   84 frames, 25 in the window  (7.7 MB)
    2024-01-17 18Z  absent from NCEI, served by AWS
    2024-01-17 18Z  lead 24.25 d   84 frames, 25 in the window  (7.6 MB)
    2024-01-18 00Z  absent from NCEI, served by AWS
    2024-01-18 00Z  lead 24.00 d   84 frames, 25 in the window  (7.5 MB)
    2024-01-18 06Z  absent from NCEI, served by AWS
    2024-01-18 06Z  lead 23.75 d   84 frames, 25 in the window  (7.5 MB)
    2024-01-18 12Z  absent from NCEI, served by AWS
    2024-01-18 12Z  lead 23.50 d   84 frames, 25 in the window  (7.4 MB)
    2024-01-18 18Z  absent from NCEI, served by AWS
    2024-01-18 18Z  lead 23.25 d   84 frames, 25 in the window  (7.3 MB)
    2024-01-19 00Z  absent from NCEI, served by AWS
    2024-01-19 00Z  lead 23.00 d   84 frames, 25 in the window  (7.2 MB)
    2024-01-19 06Z  absent from NCEI, served by AWS
    2024-01-19 06Z  lead 22.75 d   84 frames, 25 in the window  (7.1 MB)
    2024-01-19 12Z  absent from NCEI, served by AWS
    2024-01-19 12Z  lead 22.50 d   84 frames, 25 in the window  (7.1 MB)
    2024-01-19 18Z  absent from NCEI, served by AWS
    2024-01-19 18Z  lead 22.25 d   84 frames, 25 in the window  (7.0 MB)
    2024-01-20 00Z  absent from NCEI, served by AWS
    2024-01-20 00Z  lead 22.00 d   84 frames, 25 in the window  (6.9 MB)
    2024-01-20 06Z  absent from NCEI, served by AWS
    2024-01-20 06Z  lead 21.75 d   84 frames, 25 in the window  (6.8 MB)
    2024-01-20 12Z  absent from NCEI, served by AWS
    2024-01-20 12Z  lead 21.50 d   84 frames, 25 in the window  (6.8 MB)
    2024-01-20 18Z  absent from NCEI, served by AWS
    2024-01-20 18Z  lead 21.25 d   84 frames, 25 in the window  (6.7 MB)
    2024-01-21 00Z  absent from NCEI, served by AWS
    2024-01-21 00Z  lead 21.00 d   84 frames, 25 in the window  (6.6 MB)
[cfs] wrote /glade/derecho/scratch/exu/S2S_ExtremeWeather/runs/acal/cfs/e26_h2_20240211_cfs16.nc (69.8 MB)
[cfsbase] e26_h2_20240211: obs +2.60  CFS mean +0.71 (sd 1.54)  reach 1/16
[cfs] e27_h2_20240228: tmp2m, peak 2024-02-28, init 2024-02-07 00:00:00 (21 d lead)
    2024-02-03 06Z  absent from NCEI, served by AWS
    2024-02-03 06Z  lead 24.75 d   84 frames, 25 in the window  (7.8 MB)
    2024-02-03 12Z  absent from NCEI, served by AWS
    2024-02-03 12Z  lead 24.50 d   84 frames, 25 in the window  (7.7 MB)
    2024-02-03 18Z  absent from NCEI, served by AWS
    2024-02-03 18Z  lead 24.25 d   84 frames, 25 in the window  (7.7 MB)
    2024-02-04 00Z  absent from NCEI, served by AWS
    2024-02-04 00Z  lead 24.00 d   84 frames, 25 in the window  (7.6 MB)
    2024-02-04 06Z  absent from NCEI, served by AWS
    2024-02-04 06Z  lead 23.75 d   84 frames, 25 in the window  (7.5 MB)
    2024-02-04 12Z  absent from NCEI, served by AWS
    2024-02-04 12Z  lead 23.50 d   84 frames, 25 in the window  (7.4 MB)
    2024-02-04 18Z  absent from NCEI, served by AWS
    2024-02-04 18Z  lead 23.25 d   84 frames, 25 in the window  (7.4 MB)
    2024-02-05 00Z  absent from NCEI, served by AWS
    2024-02-05 00Z  lead 23.00 d   84 frames, 25 in the window  (7.3 MB)
    2024-02-05 06Z  absent from NCEI, served by AWS
    2024-02-05 06Z  lead 22.75 d   84 frames, 25 in the window  (7.2 MB)
    2024-02-05 12Z  absent from NCEI, served by AWS
    2024-02-05 12Z  lead 22.50 d   84 frames, 25 in the window  (7.1 MB)
    2024-02-05 18Z  absent from NCEI, served by AWS
    2024-02-05 18Z  lead 22.25 d   84 frames, 25 in the window  (7.0 MB)
    2024-02-06 00Z  absent from NCEI, served by AWS
    2024-02-06 00Z  lead 22.00 d   84 frames, 25 in the window  (6.9 MB)
    2024-02-06 06Z  absent from NCEI, served by AWS
    2024-02-06 06Z  lead 21.75 d   84 frames, 25 in the window  (6.8 MB)
    2024-02-06 12Z  absent from NCEI, served by AWS
    2024-02-06 12Z  lead 21.50 d   84 frames, 25 in the window  (6.8 MB)
    2024-02-06 18Z  absent from NCEI, served by AWS
    2024-02-06 18Z  lead 21.25 d   84 frames, 25 in the window  (6.7 MB)
    2024-02-07 00Z  absent from NCEI, served by AWS
    2024-02-07 00Z  lead 21.00 d   84 frames, 25 in the window  (6.6 MB)
[cfs] wrote /glade/derecho/scratch/exu/S2S_ExtremeWeather/runs/acal/cfs/e27_h2_20240228_cfs16.nc (70.0 MB)
[cfsbase] e27_h2_20240228: obs +2.88  CFS mean -0.69 (sd 1.29)  reach 0/16
[cfs] e28_h2_20240318: tmp2m, peak 2024-03-18, init 2024-02-26 00:00:00 (21 d lead)
    2024-02-22 06Z  absent from NCEI, served by AWS
    2024-02-22 06Z  lead 24.75 d   84 frames, 25 in the window  (7.8 MB)
    2024-02-22 12Z  absent from NCEI, served by AWS
    2024-02-22 12Z  lead 24.50 d   84 frames, 25 in the window  (7.8 MB)
    2024-02-22 18Z  absent from NCEI, served by AWS
    2024-02-22 18Z  lead 24.25 d   84 frames, 25 in the window  (7.7 MB)
    2024-02-23 00Z  absent from NCEI, served by AWS
    2024-02-23 00Z  lead 24.00 d   84 frames, 25 in the window  (7.6 MB)
    2024-02-23 06Z  absent from NCEI, served by AWS
    2024-02-23 06Z  lead 23.75 d   84 frames, 25 in the window  (7.5 MB)
    2024-02-23 12Z  absent from NCEI, served by AWS
    2024-02-23 12Z  lead 23.50 d   84 frames, 25 in the window  (7.4 MB)
    2024-02-23 18Z  absent from NCEI, served by AWS
    2024-02-23 18Z  lead 23.25 d   84 frames, 25 in the window  (7.4 MB)
    2024-02-24 00Z  absent from NCEI, served by AWS
    2024-02-24 00Z  lead 23.00 d   84 frames, 25 in the window  (7.3 MB)
    2024-02-24 06Z  absent from NCEI, served by AWS
    2024-02-24 06Z  lead 22.75 d   84 frames, 25 in the window  (7.2 MB)
    2024-02-24 12Z  absent from NCEI, served by AWS
    2024-02-24 12Z  lead 22.50 d   84 frames, 25 in the window  (7.1 MB)
    2024-02-24 18Z  absent from NCEI, served by AWS
    2024-02-24 18Z  lead 22.25 d   84 frames, 25 in the window  (7.1 MB)
    2024-02-25 00Z  absent from NCEI, served by AWS
    2024-02-25 00Z  lead 22.00 d   84 frames, 25 in the window  (7.0 MB)
    2024-02-25 06Z  absent from NCEI, served by AWS
    2024-02-25 06Z  lead 21.75 d   84 frames, 25 in the window  (6.9 MB)
    2024-02-25 12Z  absent from NCEI, served by AWS
    2024-02-25 12Z  lead 21.50 d   84 frames, 25 in the window  (6.8 MB)
    2024-02-25 18Z  absent from NCEI, served by AWS
    2024-02-25 18Z  lead 21.25 d   84 frames, 25 in the window  (6.7 MB)
    2024-02-26 00Z  absent from NCEI, served by AWS
    2024-02-26 00Z  lead 21.00 d   84 frames, 25 in the window  (6.6 MB)
[cfs] wrote /glade/derecho/scratch/exu/S2S_ExtremeWeather/runs/acal/cfs/e28_h2_20240318_cfs16.nc (70.0 MB)
[cfsbase] e28_h2_20240318: obs +2.30  CFS mean -0.64 (sd 0.98)  reach 0/16
[cfs] e29_h2_20240418: tmp2m, peak 2024-04-18, init 2024-03-28 00:00:00 (21 d lead)
    2024-03-24 06Z  absent from NCEI, served by AWS
    2024-03-24 06Z  lead 24.75 d   84 frames, 25 in the window  (7.8 MB)
    2024-03-24 12Z  absent from NCEI, served by AWS
    2024-03-24 12Z  lead 24.50 d   84 frames, 25 in the window  (7.8 MB)
    2024-03-24 18Z  absent from NCEI, served by AWS
    2024-03-24 18Z  lead 24.25 d   84 frames, 25 in the window  (7.7 MB)
    2024-03-25 00Z  absent from NCEI, served by AWS
    2024-03-25 00Z  lead 24.00 d   84 frames, 25 in the window  (7.6 MB)
    2024-03-25 06Z  absent from NCEI, served by AWS
    2024-03-25 06Z  lead 23.75 d   84 frames, 25 in the window  (7.5 MB)
    2024-03-25 12Z  absent from NCEI, served by AWS
    2024-03-25 12Z  lead 23.50 d   84 frames, 25 in the window  (7.4 MB)
    2024-03-25 18Z  absent from NCEI, served by AWS
    2024-03-25 18Z  lead 23.25 d   84 frames, 25 in the window  (7.3 MB)
    2024-03-26 00Z  absent from NCEI, served by AWS
    2024-03-26 00Z  lead 23.00 d   84 frames, 25 in the window  (7.3 MB)
    2024-03-26 06Z  absent from NCEI, served by AWS
    2024-03-26 06Z  lead 22.75 d   84 frames, 25 in the window  (7.2 MB)
    2024-03-26 12Z  absent from NCEI, served by AWS
    2024-03-26 12Z  lead 22.50 d   84 frames, 25 in the window  (7.1 MB)
    2024-03-26 18Z  absent from NCEI, served by AWS
    2024-03-26 18Z  lead 22.25 d   84 frames, 25 in the window  (7.1 MB)
    2024-03-27 00Z  absent from NCEI, served by AWS
    2024-03-27 00Z  lead 22.00 d   84 frames, 25 in the window  (7.0 MB)
    2024-03-27 06Z  absent from NCEI, served by AWS
    2024-03-27 06Z  lead 21.75 d   84 frames, 25 in the window  (6.9 MB)
    2024-03-27 12Z  absent from NCEI, served by AWS
    2024-03-27 12Z  lead 21.50 d   84 frames, 25 in the window  (6.8 MB)
    2024-03-27 18Z  absent from NCEI, served by AWS
    2024-03-27 18Z  lead 21.25 d   84 frames, 25 in the window  (6.7 MB)
    2024-03-28 00Z  absent from NCEI, served by AWS
    2024-03-28 00Z  lead 21.00 d   84 frames, 25 in the window  (6.6 MB)
[cfs] wrote /glade/derecho/scratch/exu/S2S_ExtremeWeather/runs/acal/cfs/e29_h2_20240418_cfs16.nc (69.9 MB)
[cfsbase] e29_h2_20240418: obs +2.04  CFS mean -0.70 (sd 0.92)  reach 0/16
[cfs] e30_h2_20241001: tmp2m, peak 2024-10-01, init 2024-09-10 00:00:00 (21 d lead)
    2024-09-06 06Z  absent from NCEI, served by AWS
    2024-09-06 06Z  lead 24.75 d   84 frames, 25 in the window  (7.8 MB)
    2024-09-06 12Z  absent from NCEI, served by AWS
    2024-09-06 12Z  lead 24.50 d   84 frames, 25 in the window  (7.7 MB)
    2024-09-06 18Z  absent from NCEI, served by AWS
    2024-09-06 18Z  lead 24.25 d   84 frames, 25 in the window  (7.7 MB)
    2024-09-07 00Z  absent from NCEI, served by AWS
    2024-09-07 00Z  lead 24.00 d   84 frames, 25 in the window  (7.6 MB)
    2024-09-07 06Z  absent from NCEI, served by AWS
    2024-09-07 06Z  lead 23.75 d   84 frames, 25 in the window  (7.5 MB)
    2024-09-07 12Z  absent from NCEI, served by AWS
    2024-09-07 12Z  lead 23.50 d   84 frames, 25 in the window  (7.4 MB)
    2024-09-07 18Z  absent from NCEI, served by AWS
    2024-09-07 18Z  lead 23.25 d   84 frames, 25 in the window  (7.4 MB)
    2024-09-08 00Z  absent from NCEI, served by AWS
    2024-09-08 00Z  lead 23.00 d   84 frames, 25 in the window  (7.3 MB)
    2024-09-08 06Z  absent from NCEI, served by AWS
    2024-09-08 06Z  lead 22.75 d   84 frames, 25 in the window  (7.2 MB)
    2024-09-08 12Z  absent from NCEI, served by AWS
    2024-09-08 12Z  lead 22.50 d   84 frames, 25 in the window  (7.1 MB)
    2024-09-08 18Z  absent from NCEI, served by AWS
    2024-09-08 18Z  lead 22.25 d   84 frames, 25 in the window  (7.0 MB)
    2024-09-09 00Z  absent from NCEI, served by AWS
    2024-09-09 00Z  lead 22.00 d   84 frames, 25 in the window  (7.0 MB)
    2024-09-09 06Z  absent from NCEI, served by AWS
    2024-09-09 06Z  lead 21.75 d   84 frames, 25 in the window  (6.9 MB)
    2024-09-09 12Z  absent from NCEI, served by AWS
    2024-09-09 12Z  lead 21.50 d   84 frames, 25 in the window  (6.8 MB)
    2024-09-09 18Z  absent from NCEI, served by AWS
    2024-09-09 18Z  lead 21.25 d   84 frames, 25 in the window  (6.7 MB)
    2024-09-10 00Z  absent from NCEI, served by AWS
    2024-09-10 00Z  lead 21.00 d   84 frames, 25 in the window  (6.7 MB)
[cfs] wrote /glade/derecho/scratch/exu/S2S_ExtremeWeather/runs/acal/cfs/e30_h2_20241001_cfs16.nc (69.8 MB)
[cfsbase] e30_h2_20241001: obs +2.75  CFS mean +0.92 (sd 0.75)  reach 0/16
[cfs] e31_h2_20241027: tmp2m, peak 2024-10-27, init 2024-10-06 00:00:00 (21 d lead)
    2024-10-02 06Z  absent from NCEI, served by AWS
    2024-10-02 06Z  lead 24.75 d   84 frames, 25 in the window  (7.8 MB)
    2024-10-02 12Z  absent from NCEI, served by AWS
    2024-10-02 12Z  lead 24.50 d   84 frames, 25 in the window  (7.8 MB)
    2024-10-02 18Z  absent from NCEI, served by AWS
    2024-10-02 18Z  lead 24.25 d   84 frames, 25 in the window  (7.7 MB)
    2024-10-03 00Z  absent from NCEI, served by AWS
    2024-10-03 00Z  lead 24.00 d   84 frames, 25 in the window  (7.6 MB)
    2024-10-03 06Z  absent from NCEI, served by AWS
    2024-10-03 06Z  lead 23.75 d   84 frames, 25 in the window  (7.5 MB)
    2024-10-03 12Z  absent from NCEI, served by AWS
    2024-10-03 12Z  lead 23.50 d   84 frames, 25 in the window  (7.5 MB)
    2024-10-03 18Z  absent from NCEI, served by AWS
    2024-10-03 18Z  lead 23.25 d   84 frames, 25 in the window  (7.4 MB)
    2024-10-04 00Z  absent from NCEI, served by AWS
    2024-10-04 00Z  lead 23.00 d   84 frames, 25 in the window  (7.3 MB)
    2024-10-04 06Z  absent from NCEI, served by AWS
    2024-10-04 06Z  lead 22.75 d   84 frames, 25 in the window  (7.2 MB)
    2024-10-04 12Z  absent from NCEI, served by AWS
    2024-10-04 12Z  lead 22.50 d   84 frames, 25 in the window  (7.1 MB)
    2024-10-04 18Z  absent from NCEI, served by AWS
    2024-10-04 18Z  lead 22.25 d   84 frames, 25 in the window  (7.1 MB)
    2024-10-05 00Z  absent from NCEI, served by AWS
    2024-10-05 00Z  lead 22.00 d   84 frames, 25 in the window  (7.0 MB)
    2024-10-05 06Z  absent from NCEI, served by AWS
    2024-10-05 06Z  lead 21.75 d   84 frames, 25 in the window  (6.9 MB)
    2024-10-05 12Z  absent from NCEI, served by AWS
    2024-10-05 12Z  lead 21.50 d   84 frames, 25 in the window  (6.8 MB)
    2024-10-05 18Z  absent from NCEI, served by AWS
    2024-10-05 18Z  lead 21.25 d   84 frames, 25 in the window  (6.7 MB)
    2024-10-06 00Z  absent from NCEI, served by AWS
    2024-10-06 00Z  lead 21.00 d   84 frames, 25 in the window  (6.7 MB)
[cfs] wrote /glade/derecho/scratch/exu/S2S_ExtremeWeather/runs/acal/cfs/e31_h2_20241027_cfs16.nc (69.8 MB)
[cfsbase] e31_h2_20241027: obs +2.21  CFS mean +1.16 (sd 1.08)  reach 2/16
[cfs] e32_h2_20241221: tmp2m, peak 2024-12-21, init 2024-11-30 00:00:00 (21 d lead)
    2024-11-26 06Z  absent from NCEI, served by AWS
    2024-11-26 06Z  lead 24.75 d   84 frames, 25 in the window  (7.8 MB)
    2024-11-26 12Z  absent from NCEI, served by AWS
    2024-11-26 12Z  lead 24.50 d   84 frames, 25 in the window  (7.7 MB)
    2024-11-26 18Z  absent from NCEI, served by AWS
    2024-11-26 18Z  lead 24.25 d   84 frames, 25 in the window  (7.7 MB)
    2024-11-27 00Z  absent from NCEI, served by AWS
    2024-11-27 00Z  lead 24.00 d   84 frames, 25 in the window  (7.6 MB)
    2024-11-27 06Z  absent from NCEI, served by AWS
    2024-11-27 06Z  lead 23.75 d   84 frames, 25 in the window  (7.5 MB)
    2024-11-27 12Z  absent from NCEI, served by AWS
    2024-11-27 12Z  lead 23.50 d   84 frames, 25 in the window  (7.4 MB)
    2024-11-27 18Z  absent from NCEI, served by AWS
    2024-11-27 18Z  lead 23.25 d   84 frames, 25 in the window  (7.3 MB)
    2024-11-28 00Z  absent from NCEI, served by AWS
    2024-11-28 00Z  lead 23.00 d   84 frames, 25 in the window  (7.2 MB)
    2024-11-28 06Z  absent from NCEI, served by AWS
    2024-11-28 06Z  lead 22.75 d   84 frames, 25 in the window  (7.2 MB)
    2024-11-28 12Z  absent from NCEI, served by AWS
    2024-11-28 12Z  lead 22.50 d   84 frames, 25 in the window  (7.1 MB)
    2024-11-28 18Z  absent from NCEI, served by AWS
    2024-11-28 18Z  lead 22.25 d   84 frames, 25 in the window  (7.0 MB)
    2024-11-29 00Z  absent from NCEI, served by AWS
    2024-11-29 00Z  lead 22.00 d   84 frames, 25 in the window  (6.9 MB)
    2024-11-29 06Z  absent from NCEI, served by AWS
    2024-11-29 06Z  lead 21.75 d   84 frames, 25 in the window  (6.9 MB)
    2024-11-29 12Z  absent from NCEI, served by AWS
    2024-11-29 12Z  lead 21.50 d   84 frames, 25 in the window  (6.8 MB)
    2024-11-29 18Z  absent from NCEI, served by AWS
    2024-11-29 18Z  lead 21.25 d   84 frames, 25 in the window  (6.7 MB)
    2024-11-30 00Z  absent from NCEI, served by AWS
    2024-11-30 00Z  lead 21.00 d   84 frames, 25 in the window  (6.6 MB)
[cfs] wrote /glade/derecho/scratch/exu/S2S_ExtremeWeather/runs/acal/cfs/e32_h2_20241221_cfs16.nc (70.0 MB)
[cfsbase] e32_h2_20241221: obs +2.50  CFS mean +2.25 (sd 1.41)  reach 7/16
[cfs] e33_h4_20250101: tmp2m, peak 2025-01-01, init 2024-12-11 00:00:00 (21 d lead)
    2024-12-07 06Z  absent from NCEI, served by AWS
    2024-12-07 06Z  lead 24.75 d   84 frames, 25 in the window  (7.8 MB)
    2024-12-07 12Z  absent from NCEI, served by AWS
    2024-12-07 12Z  lead 24.50 d   84 frames, 25 in the window  (7.7 MB)
    2024-12-07 18Z  absent from NCEI, served by AWS
    2024-12-07 18Z  lead 24.25 d   84 frames, 25 in the window  (7.7 MB)
    2024-12-08 00Z  absent from NCEI, served by AWS
    2024-12-08 00Z  lead 24.00 d   84 frames, 25 in the window  (7.6 MB)
    2024-12-08 06Z  absent from NCEI, served by AWS
    2024-12-08 06Z  lead 23.75 d   84 frames, 25 in the window  (7.5 MB)
    2024-12-08 12Z  absent from NCEI, served by AWS
    2024-12-08 12Z  lead 23.50 d   84 frames, 25 in the window  (7.4 MB)
    2024-12-08 18Z  absent from NCEI, served by AWS
    2024-12-08 18Z  lead 23.25 d   84 frames, 25 in the window  (7.4 MB)
    2024-12-09 00Z  absent from NCEI, served by AWS
    2024-12-09 00Z  lead 23.00 d   84 frames, 25 in the window  (7.3 MB)
    2024-12-09 06Z  absent from NCEI, served by AWS
    2024-12-09 06Z  lead 22.75 d   84 frames, 25 in the window  (7.2 MB)
    2024-12-09 12Z  absent from NCEI, served by AWS
    2024-12-09 12Z  lead 22.50 d   84 frames, 25 in the window  (7.1 MB)
    2024-12-09 18Z  absent from NCEI, served by AWS
    2024-12-09 18Z  lead 22.25 d   84 frames, 25 in the window  (7.0 MB)
    2024-12-10 00Z  absent from NCEI, served by AWS
    2024-12-10 00Z  lead 22.00 d   84 frames, 25 in the window  (6.9 MB)
    2024-12-10 06Z  absent from NCEI, served by AWS
    2024-12-10 06Z  lead 21.75 d   84 frames, 25 in the window  (6.9 MB)
    2024-12-10 12Z  absent from NCEI, served by AWS
    2024-12-10 12Z  lead 21.50 d   84 frames, 25 in the window  (6.8 MB)
    2024-12-10 18Z  absent from NCEI, served by AWS
    2024-12-10 18Z  lead 21.25 d   84 frames, 25 in the window  (6.7 MB)
    2024-12-11 00Z  absent from NCEI, served by AWS
    2024-12-11 00Z  lead 21.00 d   84 frames, 25 in the window  (6.6 MB)
[cfs] wrote /glade/derecho/scratch/exu/S2S_ExtremeWeather/runs/acal/cfs/e33_h4_20250101_cfs16.nc (69.9 MB)
[cfsbase] e33_h4_20250101: obs +4.10  CFS mean +2.35 (sd 1.18)  reach 1/16
[cfs] e34_c4_20250125: tmp2m, peak 2025-01-25, init 2025-01-04 00:00:00 (21 d lead)
    2024-12-31 06Z  absent from NCEI, served by AWS
    2024-12-31 06Z  lead 24.75 d   84 frames, 25 in the window  (7.8 MB)
    2024-12-31 12Z  absent from NCEI, served by AWS
    2024-12-31 12Z  lead 24.50 d   84 frames, 25 in the window  (7.7 MB)
    2024-12-31 18Z  absent from NCEI, served by AWS
    2024-12-31 18Z  lead 24.25 d   84 frames, 25 in the window  (7.7 MB)
    2025-01-01 00Z  lead 24.00 d   84 frames, 25 in the window  (7.6 MB)
    2025-01-01 06Z  lead 23.75 d   84 frames, 25 in the window  (7.5 MB)
    2025-01-01 12Z  lead 23.50 d   84 frames, 25 in the window  (7.4 MB)
    2025-01-01 18Z  lead 23.25 d   84 frames, 25 in the window  (7.4 MB)
    2025-01-02 00Z  lead 23.00 d   84 frames, 25 in the window  (7.2 MB)
    2025-01-02 06Z  lead 22.75 d   84 frames, 25 in the window  (7.2 MB)
    2025-01-02 12Z  lead 22.50 d   84 frames, 25 in the window  (7.1 MB)
    2025-01-02 18Z  lead 22.25 d   84 frames, 25 in the window  (7.0 MB)
    2025-01-03 00Z  lead 22.00 d   84 frames, 25 in the window  (6.9 MB)
    2025-01-03 06Z  lead 21.75 d   84 frames, 25 in the window  (6.9 MB)
    2025-01-03 12Z  lead 21.50 d   84 frames, 25 in the window  (6.8 MB)
    2025-01-03 18Z  lead 21.25 d   84 frames, 25 in the window  (6.7 MB)
    2025-01-04 00Z  lead 21.00 d   84 frames, 25 in the window  (6.6 MB)
[cfs] wrote /glade/derecho/scratch/exu/S2S_ExtremeWeather/runs/acal/cfs/e34_c4_20250125_cfs16.nc (70.5 MB)
[cfsbase] e34_c4_20250125: obs -4.32  CFS mean -1.61 (sd 1.76)  reach 0/16
[cfs] e35_h2_20250209: tmp2m, peak 2025-02-09, init 2025-01-19 00:00:00 (21 d lead)
    2025-01-15 06Z  lead 24.75 d   84 frames, 25 in the window  (7.8 MB)
    2025-01-15 12Z  lead 24.50 d   84 frames, 25 in the window  (7.7 MB)
    2025-01-15 18Z  lead 24.25 d   84 frames, 25 in the window  (7.7 MB)
    2025-01-16 00Z  lead 24.00 d   84 frames, 25 in the window  (7.6 MB)
    2025-01-16 06Z  lead 23.75 d   84 frames, 25 in the window  (7.5 MB)
    2025-01-16 12Z  lead 23.50 d   84 frames, 25 in the window  (7.4 MB)
    2025-01-16 18Z  lead 23.25 d   84 frames, 25 in the window  (7.4 MB)
    2025-01-17 00Z  lead 23.00 d   84 frames, 25 in the window  (7.3 MB)
    2025-01-17 06Z  lead 22.75 d   84 frames, 25 in the window  (7.2 MB)
    2025-01-17 12Z  lead 22.50 d   84 frames, 25 in the window  (7.1 MB)
    2025-01-17 18Z  lead 22.25 d   84 frames, 25 in the window  (7.0 MB)
    2025-01-18 00Z  lead 22.00 d   84 frames, 25 in the window  (6.9 MB)
    2025-01-18 06Z  lead 21.75 d   84 frames, 25 in the window  (6.9 MB)
    2025-01-18 12Z  lead 21.50 d   84 frames, 25 in the window  (6.8 MB)
    2025-01-18 18Z  lead 21.25 d   84 frames, 25 in the window  (6.7 MB)
    2025-01-19 00Z  lead 21.00 d   84 frames, 25 in the window  (6.6 MB)
[cfs] wrote /glade/derecho/scratch/exu/S2S_ExtremeWeather/runs/acal/cfs/e35_h2_20250209_cfs16.nc (70.5 MB)
[cfsbase] e35_h2_20250209: obs +2.10  CFS mean +0.12 (sd 1.63)  reach 2/16
[cfs] e36_c3_20250223: tmp2m, peak 2025-02-23, init 2025-02-02 00:00:00 (21 d lead)
    2025-01-29 06Z  lead 24.75 d   84 frames, 25 in the window  (7.8 MB)
    2025-01-29 12Z  lead 24.50 d   84 frames, 25 in the window  (7.7 MB)
    2025-01-29 18Z  lead 24.25 d   84 frames, 25 in the window  (7.7 MB)
    2025-01-30 00Z  lead 24.00 d   84 frames, 25 in the window  (7.6 MB)
    2025-01-30 06Z  lead 23.75 d   84 frames, 25 in the window  (7.5 MB)
    2025-01-30 12Z  lead 23.50 d   84 frames, 25 in the window  (7.4 MB)
    2025-01-30 18Z  lead 23.25 d   84 frames, 25 in the window  (7.4 MB)
    2025-01-31 00Z  lead 23.00 d   84 frames, 25 in the window  (7.3 MB)
    2025-01-31 06Z  lead 22.75 d   84 frames, 25 in the window  (7.2 MB)
    2025-01-31 12Z  lead 22.50 d   84 frames, 25 in the window  (7.1 MB)
    2025-01-31 18Z  lead 22.25 d   84 frames, 25 in the window  (7.0 MB)
    2025-02-01 00Z  lead 22.00 d   84 frames, 25 in the window  (6.9 MB)
    2025-02-01 06Z  lead 21.75 d   84 frames, 25 in the window  (6.9 MB)
    2025-02-01 12Z  lead 21.50 d   84 frames, 25 in the window  (6.8 MB)
    2025-02-01 18Z  lead 21.25 d   84 frames, 25 in the window  (6.7 MB)
    2025-02-02 00Z  lead 21.00 d   84 frames, 25 in the window  (6.6 MB)
[cfs] wrote /glade/derecho/scratch/exu/S2S_ExtremeWeather/runs/acal/cfs/e36_c3_20250223_cfs16.nc (70.2 MB)
[cfsbase] e36_c3_20250223: obs -3.66  CFS mean +0.71 (sd 2.18)  reach 1/16
[cfs] e37_h3_20250302: tmp2m, peak 2025-03-02, init 2025-02-09 00:00:00 (21 d lead)
    2025-02-05 06Z  lead 24.75 d   84 frames, 25 in the window  (7.8 MB)
    2025-02-05 12Z  lead 24.50 d   84 frames, 25 in the window  (7.7 MB)
    2025-02-05 18Z  lead 24.25 d   84 frames, 25 in the window  (7.7 MB)
    2025-02-06 00Z  lead 24.00 d   84 frames, 25 in the window  (7.6 MB)
    2025-02-06 06Z  lead 23.75 d   84 frames, 25 in the window  (7.5 MB)
    2025-02-06 12Z  lead 23.50 d   84 frames, 25 in the window  (7.4 MB)
    2025-02-06 18Z  lead 23.25 d   84 frames, 25 in the window  (7.4 MB)
    2025-02-07 00Z  lead 23.00 d   84 frames, 25 in the window  (7.3 MB)
    2025-02-07 06Z  lead 22.75 d   84 frames, 25 in the window  (7.2 MB)
    2025-02-07 12Z  lead 22.50 d   84 frames, 25 in the window  (7.1 MB)
    2025-02-07 18Z  lead 22.25 d   84 frames, 25 in the window  (7.1 MB)
    2025-02-08 00Z  lead 22.00 d   84 frames, 25 in the window  (6.9 MB)
    2025-02-08 06Z  lead 21.75 d   84 frames, 25 in the window  (6.9 MB)
    2025-02-08 12Z  lead 21.50 d   84 frames, 25 in the window  (6.8 MB)
    2025-02-08 18Z  lead 21.25 d   84 frames, 25 in the window  (6.7 MB)
    2025-02-09 00Z  lead 21.00 d   84 frames, 25 in the window  (6.6 MB)
[cfs] wrote /glade/derecho/scratch/exu/S2S_ExtremeWeather/runs/acal/cfs/e37_h3_20250302_cfs16.nc (70.3 MB)
[cfsbase] e37_h3_20250302: obs +3.05  CFS mean +0.26 (sd 1.50)  reach 1/16
[cfs] e38_h2_20250317: tmp2m, peak 2025-03-17, init 2025-02-24 00:00:00 (21 d lead)
    2025-02-20 06Z  absent from NCEI, served by AWS
    2025-02-20 06Z  lead 24.75 d   84 frames, 25 in the window  (7.8 MB)
    2025-02-20 12Z  absent from NCEI, served by AWS
    2025-02-20 12Z  lead 24.50 d   84 frames, 25 in the window  (7.7 MB)
    2025-02-20 18Z  absent from NCEI, served by AWS
    2025-02-20 18Z  lead 24.25 d   84 frames, 25 in the window  (7.7 MB)
    2025-02-21 00Z  absent from NCEI, served by AWS
    2025-02-21 00Z  lead 24.00 d   84 frames, 25 in the window  (7.6 MB)
    2025-02-21 06Z  absent from NCEI, served by AWS
    2025-02-21 06Z  lead 23.75 d   84 frames, 25 in the window  (7.5 MB)
    2025-02-21 12Z  absent from NCEI, served by AWS
    2025-02-21 12Z  lead 23.50 d   84 frames, 25 in the window  (7.4 MB)
    2025-02-21 18Z  absent from NCEI, served by AWS
    2025-02-21 18Z  lead 23.25 d   84 frames, 25 in the window  (7.4 MB)
    2025-02-22 00Z  absent from NCEI, served by AWS
    2025-02-22 00Z  lead 23.00 d   84 frames, 25 in the window  (7.3 MB)
    2025-02-22 06Z  absent from NCEI, served by AWS
    2025-02-22 06Z  lead 22.75 d   84 frames, 25 in the window  (7.2 MB)
    2025-02-22 12Z  absent from NCEI, served by AWS
    2025-02-22 12Z  lead 22.50 d   84 frames, 25 in the window  (7.1 MB)
    2025-02-22 18Z  absent from NCEI, served by AWS
    2025-02-22 18Z  lead 22.25 d   84 frames, 25 in the window  (7.0 MB)
    2025-02-23 00Z  absent from NCEI, served by AWS
    2025-02-23 00Z  lead 22.00 d   84 frames, 25 in the window  (7.0 MB)
    2025-02-23 06Z  absent from NCEI, served by AWS
    2025-02-23 06Z  lead 21.75 d   84 frames, 25 in the window  (6.9 MB)
    2025-02-23 12Z  absent from NCEI, served by AWS
    2025-02-23 12Z  lead 21.50 d   84 frames, 25 in the window  (6.8 MB)
    2025-02-23 18Z  absent from NCEI, served by AWS
    2025-02-23 18Z  lead 21.25 d   84 frames, 25 in the window  (6.7 MB)
    2025-02-24 00Z  absent from NCEI, served by AWS
    2025-02-24 00Z  lead 21.00 d   84 frames, 25 in the window  (6.6 MB)
[cfs] wrote /glade/derecho/scratch/exu/S2S_ExtremeWeather/runs/acal/cfs/e38_h2_20250317_cfs16.nc (70.2 MB)
[cfsbase] e38_h2_20250317: obs +2.20  CFS mean -0.17 (sd 1.70)  reach 0/16
[cfs] e39_h2_20250331: tmp2m, peak 2025-03-31, init 2025-03-10 00:00:00 (21 d lead)
    2025-03-06 06Z  lead 24.75 d   84 frames, 25 in the window  (7.8 MB)
    2025-03-06 12Z  lead 24.50 d   84 frames, 25 in the window  (7.8 MB)
    2025-03-06 18Z  lead 24.25 d   84 frames, 25 in the window  (7.7 MB)
    2025-03-07 00Z  lead 24.00 d   84 frames, 25 in the window  (7.6 MB)
    2025-03-07 06Z  lead 23.75 d   84 frames, 25 in the window  (7.5 MB)
    2025-03-07 12Z  lead 23.50 d   84 frames, 25 in the window  (7.4 MB)
    2025-03-07 18Z  lead 23.25 d   84 frames, 25 in the window  (7.4 MB)
    2025-03-08 00Z  lead 23.00 d   84 frames, 25 in the window  (7.3 MB)
    2025-03-08 06Z  lead 22.75 d   84 frames, 25 in the window  (7.2 MB)
    2025-03-08 12Z  lead 22.50 d   84 frames, 25 in the window  (7.1 MB)
    2025-03-08 18Z  lead 22.25 d   84 frames, 25 in the window  (7.0 MB)
    2025-03-09 00Z  lead 22.00 d   84 frames, 25 in the window  (7.0 MB)
    2025-03-09 06Z  lead 21.75 d   84 frames, 25 in the window  (6.9 MB)
    2025-03-09 12Z  lead 21.50 d   84 frames, 25 in the window  (6.8 MB)
    2025-03-09 18Z  lead 21.25 d   84 frames, 25 in the window  (6.7 MB)
    2025-03-10 00Z  lead 21.00 d   84 frames, 25 in the window  (6.7 MB)
[cfs] wrote /glade/derecho/scratch/exu/S2S_ExtremeWeather/runs/acal/cfs/e39_h2_20250331_cfs16.nc (70.0 MB)
[cfsbase] e39_h2_20250331: obs +2.28  CFS mean +0.64 (sd 1.08)  reach 0/16
[cfs] e40_h2_20250930: tmp2m, peak 2025-09-30, init 2025-09-09 00:00:00 (21 d lead)
    2025-09-05 06Z  absent from NCEI, served by AWS
    2025-09-05 06Z  lead 24.75 d   84 frames, 25 in the window  (7.8 MB)
    2025-09-05 12Z  absent from NCEI, served by AWS
    2025-09-05 12Z  lead 24.50 d   84 frames, 25 in the window  (7.8 MB)
    2025-09-05 18Z  absent from NCEI, served by AWS
    2025-09-05 18Z  lead 24.25 d   84 frames, 25 in the window  (7.7 MB)
    2025-09-06 00Z  absent from NCEI, served by AWS
    2025-09-06 00Z  lead 24.00 d   84 frames, 25 in the window  (7.6 MB)
    2025-09-06 06Z  absent from NCEI, served by AWS
    2025-09-06 06Z  lead 23.75 d   84 frames, 25 in the window  (7.5 MB)
    2025-09-06 12Z  absent from NCEI, served by AWS
    2025-09-06 12Z  lead 23.50 d   84 frames, 25 in the window  (7.5 MB)
    2025-09-06 18Z  absent from NCEI, served by AWS
    2025-09-06 18Z  lead 23.25 d   84 frames, 25 in the window  (7.4 MB)
    2025-09-07 00Z  absent from NCEI, served by AWS
    2025-09-07 00Z  lead 23.00 d   84 frames, 25 in the window  (7.3 MB)
    2025-09-07 06Z  absent from NCEI, served by AWS
    2025-09-07 06Z  lead 22.75 d   84 frames, 25 in the window  (7.2 MB)
    2025-09-07 12Z  absent from NCEI, served by AWS
    2025-09-07 12Z  lead 22.50 d   84 frames, 25 in the window  (7.1 MB)
    2025-09-07 18Z  absent from NCEI, served by AWS
    2025-09-07 18Z  lead 22.25 d   84 frames, 25 in the window  (7.1 MB)
    2025-09-08 00Z  absent from NCEI, served by AWS
    2025-09-08 00Z  lead 22.00 d   84 frames, 25 in the window  (7.0 MB)
    2025-09-08 06Z  absent from NCEI, served by AWS
    2025-09-08 06Z  lead 21.75 d   84 frames, 25 in the window  (6.9 MB)
    2025-09-08 12Z  absent from NCEI, served by AWS
    2025-09-08 12Z  lead 21.50 d   84 frames, 25 in the window  (6.8 MB)
    2025-09-08 18Z  absent from NCEI, served by AWS
    2025-09-08 18Z  lead 21.25 d   84 frames, 25 in the window  (6.7 MB)
    2025-09-09 00Z  absent from NCEI, served by AWS
    2025-09-09 00Z  lead 21.00 d   84 frames, 25 in the window  (6.7 MB)
[cfs] wrote /glade/derecho/scratch/exu/S2S_ExtremeWeather/runs/acal/cfs/e40_h2_20250930_cfs16.nc (69.8 MB)
[cfsbase] e40_h2_20250930: obs +2.08  CFS mean +0.36 (sd 1.07)  reach 0/16
[cfs] e41_h2_20251120: tmp2m, peak 2025-11-20, init 2025-10-30 00:00:00 (21 d lead)
    2025-10-26 06Z  absent from NCEI, served by AWS
    2025-10-26 06Z  lead 24.75 d   84 frames, 25 in the window  (7.8 MB)
    2025-10-26 12Z  absent from NCEI, served by AWS
    2025-10-26 12Z  lead 24.50 d   84 frames, 25 in the window  (7.8 MB)
    2025-10-26 18Z  absent from NCEI, served by AWS
    2025-10-26 18Z  lead 24.25 d   84 frames, 25 in the window  (7.7 MB)
    2025-10-27 00Z  absent from NCEI, served by AWS
    2025-10-27 00Z  lead 24.00 d   84 frames, 25 in the window  (7.6 MB)
    2025-10-27 06Z  absent from NCEI, served by AWS
    2025-10-27 06Z  lead 23.75 d   84 frames, 25 in the window  (7.5 MB)
    2025-10-27 12Z  absent from NCEI, served by AWS
    2025-10-27 12Z  lead 23.50 d   84 frames, 25 in the window  (7.4 MB)
    2025-10-27 18Z  absent from NCEI, served by AWS
    2025-10-27 18Z  lead 23.25 d   84 frames, 25 in the window  (7.4 MB)
    2025-10-28 00Z  absent from NCEI, served by AWS
    2025-10-28 00Z  lead 23.00 d   84 frames, 25 in the window  (7.3 MB)
    2025-10-28 06Z  absent from NCEI, served by AWS
    2025-10-28 06Z  lead 22.75 d   84 frames, 25 in the window  (7.2 MB)
    2025-10-28 12Z  absent from NCEI, served by AWS
    2025-10-28 12Z  lead 22.50 d   84 frames, 25 in the window  (7.1 MB)
    2025-10-28 18Z  absent from NCEI, served by AWS
    2025-10-28 18Z  lead 22.25 d   84 frames, 25 in the window  (7.0 MB)
    2025-10-29 00Z  absent from NCEI, served by AWS
    2025-10-29 00Z  lead 22.00 d   84 frames, 25 in the window  (6.9 MB)
    2025-10-29 06Z  absent from NCEI, served by AWS
    2025-10-29 06Z  lead 21.75 d   84 frames, 25 in the window  (6.9 MB)
    2025-10-29 12Z  absent from NCEI, served by AWS
    2025-10-29 12Z  lead 21.50 d   84 frames, 25 in the window  (6.8 MB)
    2025-10-29 18Z  absent from NCEI, served by AWS
    2025-10-29 18Z  lead 21.25 d   84 frames, 25 in the window  (6.7 MB)
    2025-10-30 00Z  absent from NCEI, served by AWS
    2025-10-30 00Z  lead 21.00 d   84 frames, 25 in the window  (6.6 MB)
[cfs] wrote /glade/derecho/scratch/exu/S2S_ExtremeWeather/runs/acal/cfs/e41_h2_20251120_cfs16.nc (69.8 MB)
[cfsbase] e41_h2_20251120: obs +2.56  CFS mean +1.07 (sd 1.04)  reach 1/16
[cfs] e42_h4_20251228: tmp2m, peak 2025-12-28, init 2025-12-07 00:00:00 (21 d lead)
    2025-12-03 06Z  absent from NCEI, served by AWS
    2025-12-03 06Z  lead 24.75 d   84 frames, 25 in the window  (7.8 MB)
    2025-12-03 12Z  absent from NCEI, served by AWS
    2025-12-03 12Z  lead 24.50 d   84 frames, 25 in the window  (7.8 MB)
    2025-12-03 18Z  absent from NCEI, served by AWS
    2025-12-03 18Z  lead 24.25 d   84 frames, 25 in the window  (7.7 MB)
    2025-12-04 00Z  absent from NCEI, served by AWS
    2025-12-04 00Z  lead 24.00 d   84 frames, 25 in the window  (7.6 MB)
    2025-12-04 06Z  absent from NCEI, served by AWS
    2025-12-04 06Z  lead 23.75 d   84 frames, 25 in the window  (7.5 MB)
    2025-12-04 12Z  absent from NCEI, served by AWS
    2025-12-04 12Z  lead 23.50 d   84 frames, 25 in the window  (7.5 MB)
    2025-12-04 18Z  absent from NCEI, served by AWS
    2025-12-04 18Z  lead 23.25 d   84 frames, 25 in the window  (7.4 MB)
    2025-12-05 00Z  absent from NCEI, served by AWS
    2025-12-05 00Z  lead 23.00 d   84 frames, 25 in the window  (7.3 MB)
    2025-12-05 06Z  absent from NCEI, served by AWS
    2025-12-05 06Z  lead 22.75 d   84 frames, 25 in the window  (7.2 MB)
    2025-12-05 12Z  absent from NCEI, served by AWS
    2025-12-05 12Z  lead 22.50 d   84 frames, 25 in the window  (7.1 MB)
    2025-12-05 18Z  absent from NCEI, served by AWS
    2025-12-05 18Z  lead 22.25 d   84 frames, 25 in the window  (7.1 MB)
    2025-12-06 00Z  absent from NCEI, served by AWS
    2025-12-06 00Z  lead 22.00 d   84 frames, 25 in the window  (7.0 MB)
    2025-12-06 06Z  absent from NCEI, served by AWS
    2025-12-06 06Z  lead 21.75 d   84 frames, 25 in the window  (6.9 MB)
    2025-12-06 12Z  absent from NCEI, served by AWS
    2025-12-06 12Z  lead 21.50 d   84 frames, 25 in the window  (6.8 MB)
    2025-12-06 18Z  absent from NCEI, served by AWS
    2025-12-06 18Z  lead 21.25 d   84 frames, 25 in the window  (6.7 MB)
    2025-12-07 00Z  absent from NCEI, served by AWS
    2025-12-07 00Z  lead 21.00 d   84 frames, 25 in the window  (6.7 MB)
[cfs] wrote /glade/derecho/scratch/exu/S2S_ExtremeWeather/runs/acal/cfs/e42_h4_20251228_cfs16.nc (70.3 MB)
[cfsbase] e42_h4_20251228: obs +4.15  CFS mean +0.11 (sd 2.08)  reach 0/16
[cfsbase] wrote /glade/derecho/scratch/exu/S2S_ExtremeWeather/runs/acal/cfs/build.csv (42 cases)
