[cube 2026]     0/497  2025-12-26 00Z
[cube 2026]   200/497  2026-04-05 00Z
[cube 2026]   400/497  2026-07-14 00Z
Traceback (most recent call last):
  File "/home/ubuntu/miniconda3/envs/moe/lib/python3.12/weakref.py", line 666, in _exitfunc
    f()
  File "/home/ubuntu/miniconda3/envs/moe/lib/python3.12/weakref.py", line 590, in __call__
    return info.func(*info.args, **(info.kwargs or {}))
           ^^^^^^^^^^^^^^^^^^^^^^^^^^^^^^^^^^^^^^^^^^^^
  File "/home/ubuntu/miniconda3/envs/moe/lib/python3.12/site-packages/gcsfs/core.py", line 406, in close_session
    asyn.sync(asyn.loop[0], session.close, timeout=0.1)
  File "/home/ubuntu/miniconda3/envs/moe/lib/python3.12/site-packages/fsspec/asyn.py", line 103, in sync
    raise return_result
  File "/home/ubuntu/miniconda3/envs/moe/lib/python3.12/site-packages/fsspec/asyn.py", line 56, in _runner
    result[0] = await coro
                ^^^^^^^^^^
  File "/home/ubuntu/miniconda3/envs/moe/lib/python3.12/asyncio/tasks.py", line 520, in wait_for
    return await fut
           ^^^^^^^^^
  File "/home/ubuntu/miniconda3/envs/moe/lib/python3.12/site-packages/aiohttp/client.py", line 1349, in close
    await self._connector.close()
  File "/home/ubuntu/miniconda3/envs/moe/lib/python3.12/site-packages/aiohttp/connector.py", line 1074, in close
    await super().close(abort_ssl=abort_ssl or self._ssl_shutdown_timeout == 0)
RuntimeError: Task <Task pending name='Task-2589' coro=<_runner() running at /home/ubuntu/miniconda3/envs/moe/lib/python3.12/site-packages/fsspec/asyn.py:56> cb=[_chain_future.<locals>._call_set_state() at /home/ubuntu/miniconda3/envs/moe/lib/python3.12/asyncio/futures.py:396]> got Future <Task pending name='Task-2590' coro=<_wait_for_close() running at /home/ubuntu/miniconda3/envs/moe/lib/python3.12/site-packages/aiohttp/connector.py:138> wait_for=<_GatheringFuture pending cb=[Task.task_wakeup()]>> attached to a different loop
[cube 2026] wrote era5_t2m_anom_12h_2026.nc  {'time': 497, 'lat': 105, 'lon': 237}
Task was destroyed but it is pending!
task: <Task pending name='Task-2590' coro=<_wait_for_close() done, defined at /home/ubuntu/miniconda3/envs/moe/lib/python3.12/site-packages/aiohttp/connector.py:136> wait_for=<_GatheringFuture pending cb=[Task.task_wakeup()]>>
